Component: ARM Compiler 5.06 update 4 (build 422) Tool: armlink [4d35d2]

==============================================================================

Section Cross References

    beep.o(i.beep_state_updata) refers to stm32f1xx_hal_gpio.o(i.HAL_GPIO_WritePin) for HAL_GPIO_WritePin
    beep.o(i.beep_state_updata) refers to beep.o(.data) for beep_state
    control.o(i.Joystick_Raw_To_Traget) refers to control.o(i.Get_Linear_Equation) for Get_Linear_Equation
    control.o(i.KeyRCCalibration) refers to memseta.o(.text) for __aeabi_memclr4
    control.o(i.KeyRCCalibration) refers to flash_gzj.o(i.Read_RC_Offset_From_Flash) for Read_RC_Offset_From_Flash
    control.o(i.KeyRCCalibration) refers to key.o(i.is_sw2_pressed) for is_sw2_pressed
    control.o(i.KeyRCCalibration) refers to stm32f1xx_hal_gpio.o(i.HAL_GPIO_WritePin) for HAL_GPIO_WritePin
    control.o(i.KeyRCCalibration) refers to stm32f1xx_hal.o(i.HAL_Delay) for HAL_Delay
    control.o(i.KeyRCCalibration) refers to control.o(i.get_ADC_value) for get_ADC_value
    control.o(i.KeyRCCalibration) refers to control.o(.bss) for RC_Para
    control.o(i.KeyRCCalibration) refers to control.o(.data) for Failure
    control.o(i.KeyRCCalibration) refers to led.o(.data) for led_STU_state
    control.o(i.KeyRCCalibration) refers to control.o(i.RC_Parc_CRC) for RC_Parc_CRC
    control.o(i.KeyRCCalibration) refers to flash_gzj.o(i.Save_RC_Offset_To_Flash) for Save_RC_Offset_To_Flash
    control.o(i.LoadRCdata) refers to control.o(i.get_ADC_value) for get_ADC_value
    control.o(i.LoadRCdata) refers to control.o(i.Joystick_Raw_To_Traget) for Joystick_Raw_To_Traget
    control.o(i.LoadRCdata) refers to stm32f1xx_hal_gpio.o(i.HAL_GPIO_ReadPin) for HAL_GPIO_ReadPin
    control.o(i.LoadRCdata) refers to memcpya.o(.text) for __aeabi_memcpy
    control.o(i.LoadRCdata) refers to queue.o(i.enQueue) for enQueue
    control.o(i.LoadRCdata) refers to control.o(.bss) for adcBuf
    control.o(i.LoadRCdata) refers to control.o(.constdata) for JoystickCal_Target
    control.o(i.LoadRCdata) refers to control.o(.data) for CH_Roll
    control.o(i.LoadRCdata) refers to led.o(.data) for led_RF_state
    control.o(i.LoadRCdata) refers to communication.o(.bss) for NRF_Mannager
    control.o(i.LoadRCdata) refers to gcs.o(.bss) for USB_Send_Queue
    control.o(i.SW_control) refers to key.o(i.SW_Scan) for SW_Scan
    control.o(i.SW_control) refers to key.o(.data) for Arm_up
    control.o(i.SW_control) refers to beep.o(.data) for beep_state
    control.o(i.SW_control) refers to control.o(.data) for SW_two
    control.o(i.SW_control) refers to control.o(.bss) for RC_sendData
    control.o(i.get_ADC_value) refers to stm32f1xx_hal_adc.o(i.HAL_ADC_Start) for HAL_ADC_Start
    control.o(i.get_ADC_value) refers to stm32f1xx_hal_adc.o(i.HAL_ADC_PollForConversion) for HAL_ADC_PollForConversion
    control.o(i.get_ADC_value) refers to stm32f1xx_hal_adc.o(i.HAL_ADC_GetValue) for HAL_ADC_GetValue
    control.o(i.get_ADC_value) refers to stm32f1xx_hal_adc.o(i.HAL_ADC_Stop) for HAL_ADC_Stop
    control.o(i.get_ADC_value) refers to control.o(.data) for i
    control.o(i.get_ADC_value) refers to control.o(.bss) for adcBuf
    control.o(i.get_ADC_value) refers to adc.o(.bss) for hadc1
    key.o(i.SW_Scan) refers to stm32f1xx_hal_gpio.o(i.HAL_GPIO_ReadPin) for HAL_GPIO_ReadPin
    key.o(i.SW_Scan) refers to stm32f1xx_hal.o(i.HAL_Delay) for HAL_Delay
    key.o(i.SW_Scan) refers to key.o(.data) for s_swUp
    key.o(i.is_sw2_pressed) refers to stm32f1xx_hal_gpio.o(i.HAL_GPIO_ReadPin) for HAL_GPIO_ReadPin
    led.o(i.led_state_updata) refers to stm32f1xx_hal_gpio.o(i.HAL_GPIO_TogglePin) for HAL_GPIO_TogglePin
    led.o(i.led_state_updata) refers to stm32f1xx_hal_gpio.o(i.HAL_GPIO_WritePin) for HAL_GPIO_WritePin
    led.o(i.led_state_updata) refers to control.o(.data) for Batt_Flag
    led.o(i.led_state_updata) refers to led.o(.data) for LED_STU_ms
    ctrl_serial_graph.o(i.GraphGen) refers to stm32f1xx_hal_uart.o(i.HAL_UART_Transmit) for HAL_UART_Transmit
    ctrl_serial_graph.o(i.GraphGen) refers to ctrl_serial_graph.o(.bss) for ShanWaiGraph
    ctrl_serial_graph.o(i.GraphGen) refers to usart.o(.bss) for huart1
    ctrl_flash.o(i.Flash_Program) refers to stm32f1xx_hal_flash.o(i.HAL_FLASH_Program) for HAL_FLASH_Program
    ctrl_flash.o(i.Flash_Program) refers to ctrl_flash.o(.data) for flash_test_addr
    ctrl_flash.o(i.Flash_read) refers to ctrl_flash.o(.data) for addr
    ctrl_flash.o(i.Flash_write) refers to stm32f1xx_hal_flash.o(i.HAL_FLASH_Unlock) for HAL_FLASH_Unlock
    ctrl_flash.o(i.Flash_write) refers to stm32f1xx_hal_flash_ex.o(i.HAL_FLASHEx_Erase) for HAL_FLASHEx_Erase
    ctrl_flash.o(i.Flash_write) refers to ctrl_flash.o(i.Flash_Program) for Flash_Program
    ctrl_flash.o(i.Flash_write) refers to stm32f1xx_hal_flash.o(i.HAL_FLASH_Lock) for HAL_FLASH_Lock
    ctrl_flash.o(i.Flash_write) refers to ctrl_flash.o(.data) for addr
[...]
    i.USBD_LL_SetUSBAddress                  0x08005a30   Section        0  usbd_conf.o(i.USBD_LL_SetUSBAddress)
    i.USBD_LL_SetupStage                     0x08005a74   Section        0  usbd_core.o(i.USBD_LL_SetupStage)
    i.USBD_LL_StallEP                        0x08005ae2   Section        0  usbd_conf.o(i.USBD_LL_StallEP)
    i.USBD_LL_Start                          0x08005b26   Section        0  usbd_conf.o(i.USBD_LL_Start)
    i.USBD_LL_Suspend                        0x08005b62   Section        0  usbd_core.o(i.USBD_LL_Suspend)
    i.USBD_LL_Transmit                       0x08005b76   Section        0  usbd_conf.o(i.USBD_LL_Transmit)
    i.USBD_ParseSetupRequest                 0x08005bd8   Section        0  usbd_ctlreq.o(i.USBD_ParseSetupRequest)
    i.USBD_RegisterClass                     0x08005c00   Section        0  usbd_core.o(i.USBD_RegisterClass)
    i.USBD_RunTestMode                       0x08005c10   Section        0  usbd_core.o(i.USBD_RunTestMode)
    i.USBD_SetAddress                        0x08005c16   Section        0  usbd_ctlreq.o(i.USBD_SetAddress)
    USBD_SetAddress                          0x08005c17   Thumb Code    84  usbd_ctlreq.o(i.USBD_SetAddress)
    i.USBD_SetClassConfig                    0x08005c6a   Section        0  usbd_core.o(i.USBD_SetClassConfig)
    i.USBD_SetConfig                         0x08005c8c   Section        0  usbd_ctlreq.o(i.USBD_SetConfig)
    USBD_SetConfig                           0x08005c8d   Thumb Code   218  usbd_ctlreq.o(i.USBD_SetConfig)
    i.USBD_SetFeature                        0x08005d6c   Section        0  usbd_ctlreq.o(i.USBD_SetFeature)
    USBD_SetFeature                          0x08005d6d   Thumb Code    36  usbd_ctlreq.o(i.USBD_SetFeature)
    i.USBD_Start                             0x08005d90   Section        0  usbd_core.o(i.USBD_Start)
    i.USBD_StdDevReq                         0x08005d9e   Section        0  usbd_ctlreq.o(i.USBD_StdDevReq)
    i.USBD_StdEPReq                          0x08005e10   Section        0  usbd_ctlreq.o(i.USBD_StdEPReq)
    i.USBD_StdItfReq                         0x08005f66   Section        0  usbd_ctlreq.o(i.USBD_StdItfReq)
    i.USBD_static_free                       0x08005fb0   Section        0  usbd_conf.o(i.USBD_static_free)
    i.USBD_static_malloc                     0x08005fb4   Section        0  usbd_conf.o(i.USBD_static_malloc)
    i.USB_ActivateEndpoint                   0x08005fc0   Section        0  stm32f1xx_ll_usb.o(i.USB_ActivateEndpoint)
    i.USB_CoreInit                           0x0800636a   Section        0  stm32f1xx_ll_usb.o(i.USB_CoreInit)
    i.USB_DeactivateEndpoint                 0x08006372   Section        0  stm32f1xx_ll_usb.o(i.USB_DeactivateEndpoint)
    i.USB_DevConnect                         0x08006586   Section        0  stm32f1xx_ll_usb.o(i.USB_DevConnect)
    i.USB_DevDisconnect                      0x0800658c   Section        0  stm32f1xx_ll_usb.o(i.USB_DevDisconnect)
    i.USB_DevInit                            0x08006592   Section        0  stm32f1xx_ll_usb.o(i.USB_DevInit)
    i.USB_DisableGlobalInt                   0x080065b0   Section        0  stm32f1xx_ll_usb.o(i.USB_DisableGlobalInt)
    i.USB_EP0_OutStart                       0x080065c6   Section        0  stm32f1xx_ll_usb.o(i.USB_EP0_OutStart)
    i.USB_EPClearStall                       0x080065cc   Section        0  stm32f1xx_ll_usb.o(i.USB_EPClearStall)
    i.USB_EPSetStall                         0x08006680   Section        0  stm32f1xx_ll_usb.o(i.USB_EPSetStall)
    i.USB_EPStartXfer                        0x08006706   Section        0  stm32f1xx_ll_usb.o(i.USB_EPStartXfer)
    i.USB_EnableGlobalInt                    0x08006a38   Section        0  stm32f1xx_ll_usb.o(i.USB_EnableGlobalInt)
    i.USB_LP_CAN1_RX0_IRQHandler             0x08006a50   Section        0  stm32f1xx_it.o(i.USB_LP_CAN1_RX0_IRQHandler)
    i.USB_ReadInterrupts                     0x08006a60   Section        0  stm32f1xx_ll_usb.o(i.USB_ReadInterrupts)
    i.USB_ReadPMA                            0x08006a6a   Section        0  stm32f1xx_ll_usb.o(i.USB_ReadPMA)
    i.USB_SetCurrentMode                     0x08006a92   Section        0  stm32f1xx_ll_usb.o(i.USB_SetCurrentMode)
    i.USB_SetDevAddress                      0x08006a98   Section        0  stm32f1xx_ll_usb.o(i.USB_SetDevAddress)
    i.USB_WritePMA                           0x08006aa6   Section        0  stm32f1xx_ll_usb.o(i.USB_WritePMA)
    i.Update_NRF24l01_Freq                   0x08006ae8   Section        0  nrf24l01.o(i.Update_NRF24l01_Freq)
    i.Update_NRF24l01_Rx_Addr                0x08006b44   Section        0  nrf24l01.o(i.Update_NRF24l01_Rx_Addr)
    i.Update_NRF24l01_Tx_Addr                0x08006bac   Section        0  nrf24l01.o(i.Update_NRF24l01_Tx_Addr)
    i.UsageFault_Handler                     0x08006c14   Section        0  stm32f1xx_it.o(i.UsageFault_Handler)
    i.ZKHD_Link_GCS_To_FMU_Handle            0x08006c18   Section        0  zkhd_link.o(i.ZKHD_Link_GCS_To_FMU_Handle)
    i.ZKHD_Link_GCS_To_Remote_Handle         0x08006c2c   Section        0  zkhd_link.o(i.ZKHD_Link_GCS_To_Remote_Handle)
    i.ZKHD_Link_Handle                       0x08006c40   Section        0  zkhd_link.o(i.ZKHD_Link_Handle)
    i.ZKHD_Link_MakeFrame                    0x08006c6e   Section        0  zkhd_link.o(i.ZKHD_Link_MakeFrame)
    i._Error_Handler                         0x08006ce4   Section        0  main.o(i._Error_Handler)
    i.__scatterload_copy                     0x08006ce8   Section       14  handlers.o(i.__scatterload_copy)
    i.__scatterload_null                     0x08006cf6   Section        2  handlers.o(i.__scatterload_null)
    i.__scatterload_zeroinit                 0x08006cf8   Section       14  handlers.o(i.__scatterload_zeroinit)
    i.beep_state_updata                      0x08006d08   Section        0  beep.o(i.beep_state_updata)
    i.deQueue                                0x08006d54   Section        0  queue.o(i.deQueue)
    i.enQueue                                0x08006daa   Section        0  queue.o(i.enQueue)
    i.gcs_ReceiveHandle                      0x08006e00   Section        0  gcs.o(i.gcs_ReceiveHandle)
    i.get_ADC_value                          0x08006e44   Section        0  control.o(i.get_ADC_value)
    i.is_sw2_pressed                         0x08006f1c   Section        0  key.o(i.is_sw2_pressed)
    i.led_state_updata                       0x08006f34   Section        0  led.o(i.led_state_updata)
    i.main                                   0x08007014   Section        0  main.o(i.main)
    i.ppm_delay                              0x080070cc   Section        0  ppm.o(i.ppm_delay)
    i.ppm_init                               0x080070e0   Section        0  ppm.o(i.ppm_init)
    i.ppm_output_ZKHD                        0x0800714c   Section        0  ppm.o(i.ppm_output_ZKHD)
    i.update_gcs_HardwareInfo                0x08007250   Section        0  gcs.o(i.update_gcs_HardwareInfo)
    i.update_info_to_gcs                     0x080072d0   Section        0  gcs.o(i.update_info_to_gcs)
    .constdata                               0x080072f4   Section        6  control.o(.constdata)
    JoystickCal_Target                       0x080072f4   Data           6  control.o(.constdata)
    .constdata                               0x080072fa   Section       24  system_stm32f1xx_1.o(.constdata)
    .data                                    0x20000000   Section        2  beep.o(.data)
    BEEP_ms                                  0x20000000   Data           1  beep.o(.data)
    .data                                    0x20000004   Section       36  control.o(.data)
    LED_STU_ms                               0x20000004   Data           1  control.o(.data)
    LED_RF_ms                                0x20000005   Data           1  control.o(.data)
    LED_RED_ms                               0x20000006   Data           1  control.o(.data)
    BEEP_ms                                  0x20000007   Data           1  control.o(.data)
    i                                        0x2000000c   Data           2  control.o(.data)
    j                                        0x2000000e   Data           2  control.o(.data)
    i                                        0x20000010   Data           4  control.o(.data)
    j                                        0x20000014   Data           4  control.o(.data)
    CH_Yaw                                   0x20000018   Data           2  control.o(.data)
    CH_Throttle                              0x2000001a   Data           2  control.o(.data)
    CH_Roll                                  0x2000001c   Data           2  control.o(.data)
    CH_Pitch                                 0x2000001e   Data           2  control.o(.data)
    CH_Left                                  0x20000020   Data           2  control.o(.data)
    CH_Right                                 0x20000022   Data           2  control.o(.data)
    SW_two                                   0x20000024   Data           2  control.o(.data)
    SW_three                                 0x20000026   Data           2  control.o(.data)
    .data                                    0x20000028   Section        6  key.o(.data)
    s_swUp                                   0x2000002d   Data           1  key.o(.data)
    .data                                    0x2000002e   Section        6  led.o(.data)
    LED_STU_ms                               0x2000002e   Data           1  led.o(.data)
    LED_RF_ms                                0x2000002f   Data           1  led.o(.data)
    LED_RED_ms                               0x20000030   Data           1  led.o(.data)
    .data                                    0x20000038   Section       30  ppm.o(.data)
    total_value                              0x20000038   Data           8  ppm.o(.data)
    ch_idx                                   0x20000040   Data           1  ppm.o(.data)
    state                                    0x20000041   Data           1  ppm.o(.data)
    p                                        0x20000054   Data           2  ppm.o(.data)
    .data                                    0x20000058   Section       16  communication.o(.data)
    rx_succsess_cnt                          0x20000064   Data           4  communication.o(.data)
    .data                                    0x20000068   Section        1  tim.o(.data)
    .data                                    0x2000006c   Section       52  usbd_desc.o(.data)
    .data                                    0x200000a0   Section       16  usbd_cdc_if.o(.data)
    .data                                    0x200000b0   Section       20  stm32f1xx_it.o(.data)
    LED_STU_ms                               0x200000b0   Data           1  stm32f1xx_it.o(.data)
    LED_RF_ms                                0x200000b1   Data           1  stm32f1xx_it.o(.data)
    LED_RED_ms                               0x200000b2   Data           1  stm32f1xx_it.o(.data)
    BEEP_ms                                  0x200000b3   Data           1  stm32f1xx_it.o(.data)
    i                                        0x200000b8   Data           4  stm32f1xx_it.o(.data)
    USART3_RX_Cnt                            0x200000bc   Data           4  stm32f1xx_it.o(.data)
    a                                        0x200000c0   Data           4  stm32f1xx_it.o(.data)
    .data                                    0x200000c4   Section        4  system_stm32f1xx_1.o(.data)
    .data                                    0x200000c8   Section        4  stm32f1xx_hal.o(.data)
    .data                                    0x200000cc   Section        1  usbd_ctlreq.o(.data)
    cfgidx                                   0x200000cc   Data           1  usbd_ctlreq.o(.data)
    .data                                    0x200000d0   Section      272  usbd_cdc.o(.data)
    USBD_CDC_DeviceQualifierDesc             0x200000d0   Data          10  usbd_cdc.o(.data)
    ifalt                                    0x200001df   Data           1  usbd_cdc.o(.data)
    .bss                                     0x200001e0   Section       82  control.o(.bss)
    .bss                                     0x20000232   Section      228  flash_gzj.o(.bss)
    RC_Offset_Cache                          0x20000232   Data          28  flash_gzj.o(.bss)
    DataCache                                0x2000024e   Data         200  flash_gzj.o(.bss)
    .bss                                     0x20000316   Section      332  gcs.o(.bss)
    .bss                                     0x20000464   Section      716  communication.o(.bss)
    .bss                                     0x20000730   Section       40  nrf24l01.o(.bss)
    .bss                                     0x20000758   Section       48  adc.o(.bss)
    .bss                                     0x20000788   Section       88  spi_1.o(.bss)
    .bss                                     0x200007e0   Section      128  tim.o(.bss)
    .bss                                     0x20000860   Section      128  usart.o(.bss)
    .bss                                     0x200008e0   Section      548  usb_device.o(.bss)
    .bss                                     0x20000b04   Section     1664  usbd_conf.o(.bss)
    mem                                      0x20000f64   Data         544  usbd_conf.o(.bss)
    .bss                                     0x20001184   Section      512  usbd_desc.o(.bss)
    .bss                                     0x20001384   Section     2000  usbd_cdc_if.o(.bss)
    .bss                                     0x20001b54   Section      100  stm32f1xx_it.o(.bss)
    .bss                                     0x20001bb8   Section       32  stm32f1xx_hal_flash.o(.bss)
    STACK                                    0x20001bd8   Section     1024  startup_stm32f103xb.o(STACK)

    Global Symbols

    Symbol Name                              Value     Ov Type        Size  Object(Section)

    BuildAttributes$$THM_ISAv4$P$D$K$B$S$PE$A:L22UL41UL21$X:L11$S22US41US21$IEEE1$IW$USESV6$~STKCKD$USESV7$~SHL$OTIME$ROPI$EBA8$MICROLIB$REQ8$PRES8$EABIv2 0x00000000   Number         0  anon$$obj.o ABSOLUTE
    __ARM_use_no_argv                        0x00000000   Number         0  main.o ABSOLUTE
    _printf_a                                0x00000000   Number         0  stubs.o ABSOLUTE
    _printf_c                                0x00000000   Number         0  stubs.o ABSOLUTE
    _printf_charcount                        0x00000000   Number         0  stubs.o ABSOLUTE
    _printf_d                                0x00000000   Number         0  stubs.o ABSOLUTE
    _printf_e                                0x00000000   Number         0  stubs.o ABSOLUTE
    _printf_f                                0x00000000   Number         0  stubs.o ABSOLUTE
    _printf_flags                            0x00000000   Number         0  stubs.o ABSOLUTE
    _printf_fp_dec                           0x00000000   Number         0  stubs.o ABSOLUTE
    _printf_fp_hex                           0x00000000   Number         0  stubs.o ABSOLUTE
    _printf_g                                0x00000000   Number         0  stubs.o ABSOLUTE
    _printf_i                                0x00000000   Number         0  stubs.o ABSOLUTE
    _printf_int_dec                          0x00000000   Number         0  stubs.o ABSOLUTE
    _printf_l                                0x00000000   Number         0  stubs.o ABSOLUTE
    _printf_lc                               0x00000000   Number         0  stubs.o ABSOLUTE
    _printf_ll                               0x00000000   Number         0  stubs.o ABSOLUTE
    _printf_lld                              0x00000000   Number         0  stubs.o ABSOLUTE
    _printf_lli                              0x00000000   Number         0  stubs.o ABSOLUTE
    _printf_llo                              0x00000000   Number         0  stubs.o ABSOLUTE
    _printf_llu                              0x00000000   Number         0  stubs.o ABSOLUTE
    _printf_llx                              0x00000000   Number         0  stubs.o ABSOLUTE
    _printf_longlong_dec                     0x00000000   Number         0  stubs.o ABSOLUTE
    _printf_longlong_hex                     0x00000000   Number         0  stubs.o ABSOLUTE
    _printf_longlong_oct                     0x00000000   Number         0  stubs.o ABSOLUTE
    _printf_ls                               0x00000000   Number         0  stubs.o ABSOLUTE
    _printf_mbtowc                           0x00000000   Number         0  stubs.o ABSOLUTE
    _printf_n                                0x00000000   Number         0  stubs.o ABSOLUTE
    _printf_o                                0x00000000   Number         0  stubs.o ABSOLUTE
    _printf_p                                0x00000000   Number         0  stubs.o ABSOLUTE
    _printf_percent                          0x00000000   Number         0  stubs.o ABSOLUTE
    _printf_pre_padding                      0x00000000   Number         0  stubs.o ABSOLUTE
    _printf_return_value                     0x00000000   Number         0  stubs.o ABSOLUTE
    _printf_s                                0x00000000   Number         0  stubs.o ABSOLUTE
    _printf_sizespec                         0x00000000   Number         0  stubs.o ABSOLUTE
    _printf_str                              0x00000000   Number         0  stubs.o ABSOLUTE
    _printf_truncate_signed                  0x00000000   Number         0  stubs.o ABSOLUTE
    _printf_truncate_unsigned                0x00000000   Number         0  stubs.o ABSOLUTE
    _printf_u                                0x00000000   Number         0  stubs.o ABSOLUTE
    _printf_wc                               0x00000000   Number         0  stubs.o ABSOLUTE
    _printf_wctomb                           0x00000000   Number         0  stubs.o ABSOLUTE
    _printf_widthprec                        0x00000000   Number         0  stubs.o ABSOLUTE
    _printf_x                                0x00000000   Number         0  stubs.o ABSOLUTE
    __cpp_initialize__aeabi_                  - Undefined Weak Reference
    __cxa_finalize                            - Undefined Weak Reference
    _clock_init                               - Undefined Weak Reference
    _microlib_exit                            - Undefined Weak Reference
    __Vectors_Size                           0x000000ec   Number         0  startup_stm32f103xb.o ABSOLUTE
    __Vectors                                0x08000000   Data           4  startup_stm32f103xb.o(RESET)
    __Vectors_End                            0x080000ec   Data           0  startup_stm32f103xb.o(RESET)
    __main                                   0x080000ed   Thumb Code     0  entry.o(.ARM.Collect$$$$00000000)
    _main_stk                                0x080000ed   Thumb Code     0  entry2.o(.ARM.Collect$$$$00000001)
    _main_scatterload                        0x080000f1   Thumb Code     0  entry5.o(.ARM.Collect$$$$00000004)
    __main_after_scatterload                 0x080000f5   Thumb Code     0  entry5.o(.ARM.Collect$$$$00000004)
    _main_clock                              0x080000f5   Thumb Code     0  entry7b.o(.ARM.Collect$$$$00000008)
    _main_cpp_init                           0x080000f5   Thumb Code     0  entry8b.o(.ARM.Collect$$$$0000000A)
    _main_init                               0x080000f5   Thumb Code     0  entry9a.o(.ARM.Collect$$$$0000000B)
    __rt_final_cpp                           0x080000fd   Thumb Code     0  entry10a.o(.ARM.Collect$$$$0000000D)
    __rt_final_exit                          0x080000fd   Thumb Code     0  entry11a.o(.ARM.Collect$$$$0000000F)
    Reset_Handler                            0x08000101   Thumb Code     8  startup_stm32f103xb.o(.text)
    ADC1_2_IRQHandler                        0x0800011b   Thumb Code     0  startup_stm32f103xb.o(.text)
    CAN1_RX1_IRQHandler                      0x0800011b   Thumb Code     0  startup_stm32f103xb.o(.text)
    CAN1_SCE_IRQHandler                      0x0800011b   Thumb Code     0  startup_stm32f103xb.o(.text)
    DMA1_Channel1_IRQHandler                 0x0800011b   Thumb Code     0  startup_stm32f103xb.o(.text)
    DMA1_Channel2_IRQHandler                 0x0800011b   Thumb Code     0  startup_stm32f103xb.o(.text)
    DMA1_Channel3_IRQHandler                 0x0800011b   Thumb Code     0  startup_stm32f103xb.o(.text)
    DMA1_Channel4_IRQHandler                 0x0800011b   Thumb Code     0  startup_stm32f103xb.o(.text)
    DMA1_Channel5_IRQHandler                 0x0800011b   Thumb Code     0  startup_stm32f103xb.o(.text)
    DMA1_Channel6_IRQHandler                 0x0800011b   Thumb Code     0  startup_stm32f103xb.o(.text)
    DMA1_Channel7_IRQHandler                 0x0800011b   Thumb Code     0  startup_stm32f103xb.o(.text)
    EXTI0_IRQHandler                         0x0800011b   Thumb Code     0  startup_stm32f103xb.o(.text)
    EXTI15_10_IRQHandler                     0x0800011b   Thumb Code     0  startup_stm32f103xb.o(.text)
    EXTI1_IRQHandler                         0x0800011b   Thumb Code     0  startup_stm32f103xb.o(.text)
    EXTI2_IRQHandler                         0x0800011b   Thumb Code     0  startup_stm32f103xb.o(.text)
    EXTI3_IRQHandler                         0x0800011b   Thumb Code     0  startup_stm32f103xb.o(.text)
    EXTI4_IRQHandler                         0x0800011b   Thumb Code     0  startup_stm32f103xb.o(.text)
    EXTI9_5_IRQHandler                       0x0800011b   Thumb Code     0  startup_stm32f103xb.o(.text)
    FLASH_IRQHandler                         0x0800011b   Thumb Code     0  startup_stm32f103xb.o(.text)
    I2C1_ER_IRQHandler                       0x0800011b   Thumb Code     0  startup_stm32f103xb.o(.text)
    I2C1_EV_IRQHandler                       0x0800011b   Thumb Code     0  startup_stm32f103xb.o(.text)
    I2C2_ER_IRQHandler                       0x0800011b   Thumb Code     0  startup_stm32f103xb.o(.text)
    I2C2_EV_IRQHandler                       0x0800011b   Thumb Code     0  startup_stm32f103xb.o(.text)
    PVD_IRQHandler                           0x0800011b   Thumb Code     0  startup_stm32f103xb.o(.text)
    RCC_IRQHandler                           0x0800011b   Thumb Code     0  startup_stm32f103xb.o(.text)
    RTC_Alarm_IRQHandler                     0x0800011b   Thumb Code     0  startup_stm32f103xb.o(.text)
    RTC_IRQHandler                           0x0800011b   Thumb Code     0  startup_stm32f103xb.o(.text)
    SPI1_IRQHandler                          0x0800011b   Thumb Code     0  startup_stm32f103xb.o(.text)
    SPI2_IRQHandler                          0x0800011b   Thumb Code     0  startup_stm32f103xb.o(.text)
    TAMPER_IRQHandler                        0x0800011b   Thumb Code     0  startup_stm32f103xb.o(.text)
    TIM1_BRK_IRQHandler                      0x0800011b   Thumb Code     0  startup_stm32f103xb.o(.text)
    TIM1_CC_IRQHandler                       0x0800011b   Thumb Code     0  startup_stm32f103xb.o(.text)
    TIM1_TRG_COM_IRQHandler                  0x0800011b   Thumb Code     0  startup_stm32f103xb.o(.text)
    TIM1_UP_IRQHandler                       0x0800011b   Thumb Code     0  startup_stm32f103xb.o(.text)
    TIM4_IRQHandler                          0x0800011b   Thumb Code     0  startup_stm32f103xb.o(.text)
    USART2_IRQHandler                        0x0800011b   Thumb Code     0  startup_stm32f103xb.o(.text)
    USBWakeUp_IRQHandler                     0x0800011b   Thumb Code     0  startup_stm32f103xb.o(.text)
    USB_HP_CAN1_TX_IRQHandler                0x0800011b   Thumb Code     0  startup_stm32f103xb.o(.text)
    WWDG_IRQHandler                          0x0800011b   Thumb Code     0  startup_stm32f103xb.o(.text)
    __aeabi_llsr                             0x08000125   Thumb Code    32  llushr.o(.text)
    _ll_ushift_r                             0x08000125   Thumb Code     0  llushr.o(.text)
    __aeabi_memcpy                           0x08000145   Thumb Code    36  memcpya.o(.text)
    __aeabi_memcpy4                          0x08000145   Thumb Code     0  memcpya.o(.text)
    __aeabi_memcpy8                          0x08000145   Thumb Code     0  memcpya.o(.text)
    __aeabi_memset                           0x08000169   Thumb Code    14  memseta.o(.text)
    __aeabi_memset4                          0x08000169   Thumb Code     0  memseta.o(.text)
    __aeabi_memset8                          0x08000169   Thumb Code     0  memseta.o(.text)
    __aeabi_memclr                           0x08000177   Thumb Code     4  memseta.o(.text)
    __aeabi_memclr4                          0x08000177   Thumb Code     0  memseta.o(.text)
    __aeabi_memclr8                          0x08000177   Thumb Code     0  memseta.o(.text)
    _memset$wrapper                          0x0800017b   Thumb Code    18  memseta.o(.text)
    memcmp                                   0x0800018d   Thumb Code    26  memcmp.o(.text)
    __scatterload                            0x080001a9   Thumb Code    28  init.o(.text)
    __scatterload_rt2                        0x080001a9   Thumb Code     0  init.o(.text)
    __decompress                             0x080001cd   Thumb Code     0  __dczerorl2.o(.text)
    __decompress1                            0x080001cd   Thumb Code    86  __dczerorl2.o(.text)
    ADC_ConversionStop_Disable               0x08000223   Thumb Code    82  stm32f1xx_hal_adc.o(i.ADC_ConversionStop_Disable)
    ADC_Enable                               0x08000275   Thumb Code   122  stm32f1xx_hal_adc.o(i.ADC_Enable)
    BusFault_Handler                         0x080002f9   Thumb Code     4  stm32f1xx_it.o(i.BusFault_Handler)
    CDC_Transmit_FS                          0x0800038d   Thumb Code    50  usbd_cdc_if.o(i.CDC_Transmit_FS)
    DebugMon_Handler                         0x080003c5   Thumb Code     2  stm32f1xx_it.o(i.DebugMon_Handler)
    FLASH_PageErase                          0x080003f1   Thumb Code    32  stm32f1xx_hal_flash_ex.o(i.FLASH_PageErase)
    FLASH_WaitForLastOperation               0x080004bd   Thumb Code   106  stm32f1xx_hal_flash.o(i.FLASH_WaitForLastOperation)
    Flash_Write                              0x08000555   Thumb Code   108  flash.o(i.Flash_Write)
    HAL_ADC_ConfigChannel                    0x080005e1   Thumb Code   338  stm32f1xx_hal_adc.o(i.HAL_ADC_ConfigChannel)
    HAL_ADC_GetValue                         0x08000741   Thumb Code     8  stm32f1xx_hal_adc.o(i.HAL_ADC_GetValue)
    HAL_ADC_Init                             0x08000749   Thumb Code   314  stm32f1xx_hal_adc.o(i.HAL_ADC_Init)
    HAL_ADC_MspInit                          0x0800088d   Thumb Code    76  adc.o(i.HAL_ADC_MspInit)
    HAL_ADC_PollForConversion                0x080008e9   Thumb Code   350  stm32f1xx_hal_adc.o(i.HAL_ADC_PollForConversion)
    HAL_ADC_Start                            0x08000a59   Thumb Code   294  stm32f1xx_hal_adc.o(i.HAL_ADC_Start)
    HAL_ADC_Stop                             0x08000b89   Thumb Code    64  stm32f1xx_hal_adc.o(i.HAL_ADC_Stop)
    HAL_DMA_Abort_IT                         0x08000bc9   Thumb Code   172  stm32f1xx_hal_dma.o(i.HAL_DMA_Abort_IT)
    HAL_Delay                                0x08000c79   Thumb Code    30  stm32f1xx_hal.o(i.HAL_Delay)
    HAL_FLASHEx_Erase                        0x08000c99   Thumb Code   168  stm32f1xx_hal_flash_ex.o(i.HAL_FLASHEx_Erase)
    HAL_FLASH_Lock                           0x08000d49   Thumb Code    16  stm32f1xx_hal_flash.o(i.HAL_FLASH_Lock)
    HAL_FLASH_Program                        0x08000d5d   Thumb Code   168  stm32f1xx_hal_flash.o(i.HAL_FLASH_Program)
    HAL_FLASH_Unlock                         0x08000e0d   Thumb Code    30  stm32f1xx_hal_flash.o(i.HAL_FLASH_Unlock)
    HAL_GPIO_Init                            0x08000e39   Thumb Code   764  stm32f1xx_hal_gpio.o(i.HAL_GPIO_Init)
    HAL_GPIO_ReadPin                         0x08001155   Thumb Code    16  stm32f1xx_hal_gpio.o(i.HAL_GPIO_ReadPin)
    HAL_GPIO_TogglePin                       0x08001165   Thumb Code     8  stm32f1xx_hal_gpio.o(i.HAL_GPIO_TogglePin)
    HAL_GPIO_WritePin                        0x0800116d   Thumb Code    12  stm32f1xx_hal_gpio.o(i.HAL_GPIO_WritePin)
    HAL_GetTick                              0x08001179   Thumb Code     6  stm32f1xx_hal.o(i.HAL_GetTick)
    HAL_IncTick                              0x08001185   Thumb Code    12  stm32f1xx_hal.o(i.HAL_IncTick)
    HAL_Init                                 0x08001195   Thumb Code    34  stm32f1xx_hal.o(i.HAL_Init)
    HAL_InitTick                             0x080011bd   Thumb Code    36  stm32f1xx_hal.o(i.HAL_InitTick)
    HAL_MspInit                              0x080011e5   Thumb Code   166  stm32f1xx_hal_msp.o(i.HAL_MspInit)
    HAL_NVIC_EnableIRQ                       0x08001295   Thumb Code    26  stm32f1xx_hal_cortex.o(i.HAL_NVIC_EnableIRQ)
    HAL_NVIC_SetPriority                     0x080012af   Thumb Code   124  stm32f1xx_hal_cortex.o(i.HAL_NVIC_SetPriority)
    HAL_NVIC_SetPriorityGrouping             0x0800132d   Thumb Code    32  stm32f1xx_hal_cortex.o(i.HAL_NVIC_SetPriorityGrouping)
    HAL_PCDEx_PMAConfig                      0x08001355   Thumb Code    62  stm32f1xx_hal_pcd_ex.o(i.HAL_PCDEx_PMAConfig)
    HAL_PCDEx_SetConnectionState             0x08001393   Thumb Code     2  usbd_conf.o(i.HAL_PCDEx_SetConnectionState)
    HAL_PCD_DataInStageCallback              0x08001395   Thumb Code    28  usbd_conf.o(i.HAL_PCD_DataInStageCallback)
    HAL_PCD_DataOutStageCallback             0x080013b1   Thumb Code    28  usbd_conf.o(i.HAL_PCD_DataOutStageCallback)
    HAL_PCD_EP_Close                         0x080013cd   Thumb Code   100  stm32f1xx_hal_pcd.o(i.HAL_PCD_EP_Close)
    HAL_PCD_EP_ClrStall                      0x08001431   Thumb Code    98  stm32f1xx_hal_pcd.o(i.HAL_PCD_EP_ClrStall)
    HAL_PCD_EP_GetRxCount                    0x08001493   Thumb Code    20  stm32f1xx_hal_pcd.o(i.HAL_PCD_EP_GetRxCount)
    HAL_PCD_EP_Open                          0x080014a7   Thumb Code   118  stm32f1xx_hal_pcd.o(i.HAL_PCD_EP_Open)
    HAL_PCD_EP_Receive                       0x0800151d   Thumb Code    74  stm32f1xx_hal_pcd.o(i.HAL_PCD_EP_Receive)
    HAL_PCD_EP_SetStall                      0x08001567   Thumb Code   114  stm32f1xx_hal_pcd.o(i.HAL_PCD_EP_SetStall)
    HAL_PCD_EP_Transmit                      0x080015d9   Thumb Code    76  stm32f1xx_hal_pcd.o(i.HAL_PCD_EP_Transmit)
    HAL_PCD_IRQHandler                       0x08001625   Thumb Code   360  stm32f1xx_hal_pcd.o(i.HAL_PCD_IRQHandler)
    HAL_PCD_Init                             0x0800178d   Thumb Code   282  stm32f1xx_hal_pcd.o(i.HAL_PCD_Init)
    HAL_PCD_MspInit                          0x080018a9   Thumb Code    58  usbd_conf.o(i.HAL_PCD_MspInit)
    HAL_PCD_ResetCallback                    0x080018ed   Thumb Code    42  usbd_conf.o(i.HAL_PCD_ResetCallback)
    HAL_PCD_ResumeCallback                   0x08001917   Thumb Code    14  usbd_conf.o(i.HAL_PCD_ResumeCallback)
    HAL_PCD_SOFCallback                      0x08001925   Thumb Code    14  usbd_conf.o(i.HAL_PCD_SOFCallback)
    HAL_PCD_SetAddress                       0x08001933   Thumb Code    54  stm32f1xx_hal_pcd.o(i.HAL_PCD_SetAddress)
    HAL_PCD_SetupStageCallback               0x08001969   Thumb Code    18  usbd_conf.o(i.HAL_PCD_SetupStageCallback)
    HAL_PCD_Start                            0x0800197b   Thumb Code    60  stm32f1xx_hal_pcd.o(i.HAL_PCD_Start)
    HAL_PCD_SuspendCallback                  0x080019b9   Thumb Code    30  usbd_conf.o(i.HAL_PCD_SuspendCallback)
    HAL_RCCEx_GetPeriphCLKFreq               0x080019dd   Thumb Code   254  stm32f1xx_hal_rcc_ex.o(i.HAL_RCCEx_GetPeriphCLKFreq)
    HAL_RCCEx_PeriphCLKConfig                0x08001afd   Thumb Code   290  stm32f1xx_hal_rcc_ex.o(i.HAL_RCCEx_PeriphCLKConfig)
    HAL_RCC_ClockConfig                      0x08001c2d   Thumb Code   402  stm32f1xx_hal_rcc.o(i.HAL_RCC_ClockConfig)
    HAL_RCC_GetHCLKFreq                      0x08001dd1   Thumb Code     6  stm32f1xx_hal_rcc.o(i.HAL_RCC_GetHCLKFreq)
    HAL_RCC_GetPCLK1Freq                     0x08001ddd   Thumb Code    22  stm32f1xx_hal_rcc.o(i.HAL_RCC_GetPCLK1Freq)
    HAL_RCC_GetPCLK2Freq                     0x08001dfd   Thumb Code    22  stm32f1xx_hal_rcc.o(i.HAL_RCC_GetPCLK2Freq)
    HAL_RCC_GetSysClockFreq                  0x08001e1d   Thumb Code   118  stm32f1xx_hal_rcc.o(i.HAL_RCC_GetSysClockFreq)
    HAL_RCC_OscConfig                        0x08001eb5   Thumb Code  1078  stm32f1xx_hal_rcc.o(i.HAL_RCC_OscConfig)
    HAL_SPI_Init                             0x080022f5   Thumb Code   134  stm32f1xx_hal_spi_ex.o(i.HAL_SPI_Init)
    HAL_SPI_MspInit                          0x0800237d   Thumb Code    88  spi_1.o(i.HAL_SPI_MspInit)
    HAL_SPI_TransmitReceive                  0x080023e1   Thumb Code   542  stm32f1xx_hal_spi_1.o(i.HAL_SPI_TransmitReceive)
    HAL_SYSTICK_CLKSourceConfig              0x080025ff   Thumb Code    40  stm32f1xx_hal_cortex.o(i.HAL_SYSTICK_CLKSourceConfig)
    HAL_SYSTICK_Callback                     0x08002627   Thumb Code     2  stm32f1xx_hal_cortex.o(i.HAL_SYSTICK_Callback)
    HAL_SYSTICK_Config                       0x08002629   Thumb Code    52  stm32f1xx_hal_cortex.o(i.HAL_SYSTICK_Config)
    HAL_SYSTICK_IRQHandler                   0x0800265d   Thumb Code     8  stm32f1xx_hal_cortex.o(i.HAL_SYSTICK_IRQHandler)
    HAL_TIMEx_BreakCallback                  0x08002665   Thumb Code     2  stm32f1xx_hal_tim_ex.o(i.HAL_TIMEx_BreakCallback)
    HAL_TIMEx_CommutationCallback            0x08002667   Thumb Code     2  stm32f1xx_hal_tim_ex.o(i.HAL_TIMEx_CommutationCallback)
    HAL_TIMEx_MasterConfigSynchronization    0x08002669   Thumb Code    98  stm32f1xx_hal_tim_ex.o(i.HAL_TIMEx_MasterConfigSynchronization)
    HAL_TIM_Base_Init                        0x080026cb   Thumb Code    52  stm32f1xx_hal_tim.o(i.HAL_TIM_Base_Init)
    HAL_TIM_Base_MspInit                     0x08002701   Thumb Code    94  tim.o(i.HAL_TIM_Base_MspInit)
    HAL_TIM_Base_Start_IT                    0x08002769   Thumb Code    30  stm32f1xx_hal_tim.o(i.HAL_TIM_Base_Start_IT)
    HAL_TIM_ConfigClockSource                0x08002787   Thumb Code   306  stm32f1xx_hal_tim.o(i.HAL_TIM_ConfigClockSource)
    HAL_TIM_IC_CaptureCallback               0x080028b9   Thumb Code     2  stm32f1xx_hal_tim.o(i.HAL_TIM_IC_CaptureCallback)
    HAL_TIM_IRQHandler                       0x080028bb   Thumb Code   406  stm32f1xx_hal_tim.o(i.HAL_TIM_IRQHandler)
    HAL_TIM_OC_DelayElapsedCallback          0x08002a51   Thumb Code     2  stm32f1xx_hal_tim.o(i.HAL_TIM_OC_DelayElapsedCallback)
    HAL_TIM_PWM_PulseFinishedCallback        0x08002a53   Thumb Code     2  stm32f1xx_hal_tim.o(i.HAL_TIM_PWM_PulseFinishedCallback)
    HAL_TIM_PeriodElapsedCallback            0x08002a55   Thumb Code    14  tim.o(i.HAL_TIM_PeriodElapsedCallback)
    HAL_TIM_TriggerCallback                  0x08002a6d   Thumb Code     2  stm32f1xx_hal_tim.o(i.HAL_TIM_TriggerCallback)
    HAL_UART_ErrorCallback                   0x08002a6f   Thumb Code     2  stm32f1xx_hal_uart.o(i.HAL_UART_ErrorCallback)
    HAL_UART_IRQHandler                      0x08002a71   Thumb Code   326  stm32f1xx_hal_uart.o(i.HAL_UART_IRQHandler)
    HAL_UART_Init                            0x08002bbd   Thumb Code   114  stm32f1xx_hal_uart.o(i.HAL_UART_Init)
    HAL_UART_MspInit                         0x08002c31   Thumb Code   196  usart.o(i.HAL_UART_MspInit)
    HAL_UART_Receive_IT                      0x08002d09   Thumb Code   112  stm32f1xx_hal_uart.o(i.HAL_UART_Receive_IT)
    HAL_UART_RxCpltCallback                  0x08002d79   Thumb Code     2  stm32f1xx_hal_uart.o(i.HAL_UART_RxCpltCallback)
    HAL_UART_TxCpltCallback                  0x08002d7b   Thumb Code     2  stm32f1xx_hal_uart.o(i.HAL_UART_TxCpltCallback)
    HardFault_Handler                        0x08002d7d   Thumb Code     4  stm32f1xx_it.o(i.HardFault_Handler)
    KeyRCCalibration                         0x08002dfd   Thumb Code  1542  control.o(i.KeyRCCalibration)
    LoadRCdata                               0x0800340d   Thumb Code   466  control.o(i.LoadRCdata)
    MX_ADC1_Init                             0x08003621   Thumb Code   246  adc.o(i.MX_ADC1_Init)
    MX_GPIO_Init                             0x08003731   Thumb Code   254  gpio.o(i.MX_GPIO_Init)
    MX_SPI2_Init                             0x08003841   Thumb Code    62  spi_1.o(i.MX_SPI2_Init)
    MX_TIM2_Init                             0x08003899   Thumb Code   100  tim.o(i.MX_TIM2_Init)
    MX_TIM3_Init                             0x08003911   Thumb Code   100  tim.o(i.MX_TIM3_Init)
    MX_USART1_UART_Init                      0x0800398d   Thumb Code    50  usart.o(i.MX_USART1_UART_Init)
    MX_USART3_UART_Init                      0x080039d9   Thumb Code    50  usart.o(i.MX_USART3_UART_Init)
    MX_USB_DEVICE_Init                       0x08003a25   Thumb Code    36  usb_device.o(i.MX_USB_DEVICE_Init)
    MemManage_Handler                        0x08003a59   Thumb Code     4  stm32f1xx_it.o(i.MemManage_Handler)
    NMI_Handler                              0x08003a5d   Thumb Code     2  stm32f1xx_it.o(i.NMI_Handler)
    NRF24L01_Check                           0x08003a61   Thumb Code    68  nrf24l01.o(i.NRF24L01_Check)
    NRF24L01_Configuration                   0x08003aad   Thumb Code    26  nrf24l01.o(i.NRF24L01_Configuration)
    NRF24L01_Read_Buf                        0x08003acd   Thumb Code    72  nrf24l01.o(i.NRF24L01_Read_Buf)
    NRF24L01_Read_Reg                        0x08003b19   Thumb Code    50  nrf24l01.o(i.NRF24L01_Read_Reg)
    NRF24L01_RxPacket                        0x08003b51   Thumb Code    52  nrf24l01.o(i.NRF24L01_RxPacket)
    NRF24L01_TxPacket                        0x08003b85   Thumb Code    18  nrf24l01.o(i.NRF24L01_TxPacket)
    NRF24L01_Write_Buf                       0x08003b9d   Thumb Code    72  nrf24l01.o(i.NRF24L01_Write_Buf)
    NRF24L01_Write_Reg                       0x08003be9   Thumb Code    52  nrf24l01.o(i.NRF24L01_Write_Reg)
    NRF24L01_init                            0x08003c21   Thumb Code   294  nrf24l01.o(i.NRF24L01_init)
    NRF_Polling                              0x08003d61   Thumb Code   156  communication.o(i.NRF_Polling)
    NRF_Radio_Init                           0x08003e09   Thumb Code   128  communication.o(i.NRF_Radio_Init)
    PendSV_Handler                           0x08004321   Thumb Code     2  stm32f1xx_it.o(i.PendSV_Handler)
    RC_Parc_CRC                              0x0800434d   Thumb Code    32  control.o(i.RC_Parc_CRC)
    Read_RC_Offset_From_Flash                0x0800436d   Thumb Code    92  flash_gzj.o(i.Read_RC_Offset_From_Flash)
    SPI_RW                                   0x080043f5   Thumb Code    36  nrf24l01.o(i.SPI_RW)
    SVC_Handler                              0x080044c7   Thumb Code     2  stm32f1xx_it.o(i.SVC_Handler)
    SW_Scan                                  0x080044c9   Thumb Code   238  key.o(i.SW_Scan)
    SW_control                               0x080045d9   Thumb Code   168  control.o(i.SW_control)
    Save_RC_Offset_To_Flash                  0x080046a1   Thumb Code   166  flash_gzj.o(i.Save_RC_Offset_To_Flash)
    SysTick_Handler                          0x08004751   Thumb Code    56  stm32f1xx_it.o(i.SysTick_Handler)
    SystemClock_Config                       0x08004791   Thumb Code   158  main.o(i.SystemClock_Config)
    SystemInit                               0x08004841   Thumb Code    70  system_stm32f1xx_1.o(i.SystemInit)
    TIM2_IRQHandler                          0x08004899   Thumb Code    52  stm32f1xx_it.o(i.TIM2_IRQHandler)
    TIM3_IRQHandler                          0x080048d9   Thumb Code    10  stm32f1xx_it.o(i.TIM3_IRQHandler)
    TIM_Base_SetConfig                       0x080048e9   Thumb Code   102  stm32f1xx_hal_tim.o(i.TIM_Base_SetConfig)
    TxPacket                                 0x080049e1   Thumb Code    56  nrf24l01.o(i.TxPacket)
    TxPacket_AP                              0x08004a21   Thumb Code    46  nrf24l01.o(i.TxPacket_AP)
    USART1_IRQHandler                        0x08004d81   Thumb Code    10  stm32f1xx_it.o(i.USART1_IRQHandler)
    USART3_IRQHandler                        0x08004d91   Thumb Code   232  stm32f1xx_it.o(i.USART3_IRQHandler)
    USBD_CDC_GetDeviceQualifierDescriptor    0x08004f45   Thumb Code    10  usbd_cdc.o(i.USBD_CDC_GetDeviceQualifierDescriptor)
    USBD_CDC_ReceivePacket                   0x0800502b   Thumb Code    58  usbd_cdc.o(i.USBD_CDC_ReceivePacket)
    USBD_CDC_RegisterInterface               0x08005065   Thumb Code    14  usbd_cdc.o(i.USBD_CDC_RegisterInterface)
    USBD_CDC_SetRxBuffer                     0x08005073   Thumb Code    14  usbd_cdc.o(i.USBD_CDC_SetRxBuffer)
    USBD_CDC_SetTxBuffer                     0x08005081   Thumb Code    20  usbd_cdc.o(i.USBD_CDC_SetTxBuffer)
    USBD_CDC_TransmitPacket                  0x08005125   Thumb Code    56  usbd_cdc.o(i.USBD_CDC_TransmitPacket)
    USBD_ClrClassConfig                      0x0800515d   Thumb Code    22  usbd_core.o(i.USBD_ClrClassConfig)
    USBD_CtlContinueRx                       0x080051b7   Thumb Code    24  usbd_ioreq.o(i.USBD_CtlContinueRx)
    USBD_CtlContinueSendData                 0x080051cf   Thumb Code    24  usbd_ioreq.o(i.USBD_CtlContinueSendData)
    USBD_CtlError                            0x080051e7   Thumb Code    24  usbd_ctlreq.o(i.USBD_CtlError)
    USBD_CtlPrepareRx                        0x080051ff   Thumb Code    40  usbd_ioreq.o(i.USBD_CtlPrepareRx)
    USBD_CtlReceiveStatus                    0x08005227   Thumb Code    26  usbd_ioreq.o(i.USBD_CtlReceiveStatus)
    USBD_CtlSendData                         0x08005241   Thumb Code    34  usbd_ioreq.o(i.USBD_CtlSendData)
    USBD_CtlSendStatus                       0x08005263   Thumb Code    26  usbd_ioreq.o(i.USBD_CtlSendStatus)
    USBD_FS_ConfigStrDescriptor              0x0800527d   Thumb Code    34  usbd_desc.o(i.USBD_FS_ConfigStrDescriptor)
    USBD_FS_DeviceDescriptor                 0x080052b1   Thumb Code    10  usbd_desc.o(i.USBD_FS_DeviceDescriptor)
    USBD_FS_InterfaceStrDescriptor           0x080052c1   Thumb Code    34  usbd_desc.o(i.USBD_FS_InterfaceStrDescriptor)
    USBD_FS_LangIDStrDescriptor              0x080052f9   Thumb Code    10  usbd_desc.o(i.USBD_FS_LangIDStrDescriptor)
    USBD_FS_ManufacturerStrDescriptor        0x08005309   Thumb Code    20  usbd_desc.o(i.USBD_FS_ManufacturerStrDescriptor)
    USBD_FS_ProductStrDescriptor             0x08005335   Thumb Code    34  usbd_desc.o(i.USBD_FS_ProductStrDescriptor)
    USBD_FS_SerialStrDescriptor              0x08005375   Thumb Code    34  usbd_desc.o(i.USBD_FS_SerialStrDescriptor)
    USBD_GetString                           0x0800559d   Thumb Code    82  usbd_ctlreq.o(i.USBD_GetString)
    USBD_Init                                0x080055ef   Thumb Code    50  usbd_core.o(i.USBD_Init)
    USBD_LL_ClearStallEP                     0x08005621   Thumb Code    68  usbd_conf.o(i.USBD_LL_ClearStallEP)
    USBD_LL_CloseEP                          0x08005665   Thumb Code    68  usbd_conf.o(i.USBD_LL_CloseEP)
    USBD_LL_DataInStage                      0x080056a9   Thumb Code   218  usbd_core.o(i.USBD_LL_DataInStage)
    USBD_LL_DataOutStage                     0x08005783   Thumb Code   134  usbd_core.o(i.USBD_LL_DataOutStage)
    USBD_LL_GetRxDataSize                    0x08005809   Thumb Code    18  usbd_conf.o(i.USBD_LL_GetRxDataSize)
    USBD_LL_Init                             0x0800581d   Thumb Code   134  usbd_conf.o(i.USBD_LL_Init)
    USBD_LL_IsStallEP                        0x080058c1   Thumb Code    48  usbd_conf.o(i.USBD_LL_IsStallEP)
    USBD_LL_OpenEP                           0x080058f1   Thumb Code    98  usbd_conf.o(i.USBD_LL_OpenEP)
    USBD_LL_PrepareReceive                   0x08005953   Thumb Code    98  usbd_conf.o(i.USBD_LL_PrepareReceive)
    USBD_LL_Reset                            0x080059b5   Thumb Code    68  usbd_core.o(i.USBD_LL_Reset)
    USBD_LL_Resume                           0x080059f9   Thumb Code    14  usbd_core.o(i.USBD_LL_Resume)
    USBD_LL_SOF                              0x08005a07   Thumb Code    34  usbd_core.o(i.USBD_LL_SOF)
    USBD_LL_SetSpeed                         0x08005a29   Thumb Code     8  usbd_core.o(i.USBD_LL_SetSpeed)
    USBD_LL_SetUSBAddress                    0x08005a31   Thumb Code    68  usbd_conf.o(i.USBD_LL_SetUSBAddress)
    USBD_LL_SetupStage                       0x08005a75   Thumb Code   110  usbd_core.o(i.USBD_LL_SetupStage)
    USBD_LL_StallEP                          0x08005ae3   Thumb Code    68  usbd_conf.o(i.USBD_LL_StallEP)
    USBD_LL_Start                            0x08005b27   Thumb Code    60  usbd_conf.o(i.USBD_LL_Start)
    USBD_LL_Suspend                          0x08005b63   Thumb Code    20  usbd_core.o(i.USBD_LL_Suspend)
    USBD_LL_Transmit                         0x08005b77   Thumb Code    98  usbd_conf.o(i.USBD_LL_Transmit)
    USBD_ParseSetupRequest                   0x08005bd9   Thumb Code    40  usbd_ctlreq.o(i.USBD_ParseSetupRequest)
    USBD_RegisterClass                       0x08005c01   Thumb Code    16  usbd_core.o(i.USBD_RegisterClass)
    USBD_RunTestMode                         0x08005c11   Thumb Code     6  usbd_core.o(i.USBD_RunTestMode)
    USBD_SetClassConfig                      0x08005c6b   Thumb Code    34  usbd_core.o(i.USBD_SetClassConfig)
    USBD_Start                               0x08005d91   Thumb Code    14  usbd_core.o(i.USBD_Start)
    USBD_StdDevReq                           0x08005d9f   Thumb Code   114  usbd_ctlreq.o(i.USBD_StdDevReq)
    USBD_StdEPReq                            0x08005e11   Thumb Code   342  usbd_ctlreq.o(i.USBD_StdEPReq)
    USBD_StdItfReq                           0x08005f67   Thumb Code    74  usbd_ctlreq.o(i.USBD_StdItfReq)
    USBD_static_free                         0x08005fb1   Thumb Code     2  usbd_conf.o(i.USBD_static_free)
    USBD_static_malloc                       0x08005fb5   Thumb Code     6  usbd_conf.o(i.USBD_static_malloc)
    USB_ActivateEndpoint                     0x08005fc1   Thumb Code   938  stm32f1xx_ll_usb.o(i.USB_ActivateEndpoint)
    USB_CoreInit                             0x0800636b   Thumb Code     8  stm32f1xx_ll_usb.o(i.USB_CoreInit)
    USB_DeactivateEndpoint                   0x08006373   Thumb Code   532  stm32f1xx_ll_usb.o(i.USB_DeactivateEndpoint)
    USB_DevConnect                           0x08006587   Thumb Code     6  stm32f1xx_ll_usb.o(i.USB_DevConnect)
    USB_DevDisconnect                        0x0800658d   Thumb Code     6  stm32f1xx_ll_usb.o(i.USB_DevDisconnect)
    USB_DevInit                              0x08006593   Thumb Code    30  stm32f1xx_ll_usb.o(i.USB_DevInit)
    USB_DisableGlobalInt                     0x080065b1   Thumb Code    22  stm32f1xx_ll_usb.o(i.USB_DisableGlobalInt)
    USB_EP0_OutStart                         0x080065c7   Thumb Code     6  stm32f1xx_ll_usb.o(i.USB_EP0_OutStart)
    USB_EPClearStall                         0x080065cd   Thumb Code   180  stm32f1xx_ll_usb.o(i.USB_EPClearStall)
    USB_EPSetStall                           0x08006681   Thumb Code   134  stm32f1xx_ll_usb.o(i.USB_EPSetStall)
    USB_EPStartXfer                          0x08006707   Thumb Code   818  stm32f1xx_ll_usb.o(i.USB_EPStartXfer)
    USB_EnableGlobalInt                      0x08006a39   Thumb Code    22  stm32f1xx_ll_usb.o(i.USB_EnableGlobalInt)
    USB_LP_CAN1_RX0_IRQHandler               0x08006a51   Thumb Code    10  stm32f1xx_it.o(i.USB_LP_CAN1_RX0_IRQHandler)
    USB_ReadInterrupts                       0x08006a61   Thumb Code    10  stm32f1xx_ll_usb.o(i.USB_ReadInterrupts)
    USB_ReadPMA                              0x08006a6b   Thumb Code    40  stm32f1xx_ll_usb.o(i.USB_ReadPMA)
    USB_SetCurrentMode                       0x08006a93   Thumb Code     6  stm32f1xx_ll_usb.o(i.USB_SetCurrentMode)
    USB_SetDevAddress                        0x08006a99   Thumb Code    14  stm32f1xx_ll_usb.o(i.USB_SetDevAddress)
    USB_WritePMA                             0x08006aa7   Thumb Code    66  stm32f1xx_ll_usb.o(i.USB_WritePMA)
    Update_NRF24l01_Freq                     0x08006ae9   Thumb Code    82  nrf24l01.o(i.Update_NRF24l01_Freq)
    Update_NRF24l01_Rx_Addr                  0x08006b45   Thumb Code    96  nrf24l01.o(i.Update_NRF24l01_Rx_Addr)
    Update_NRF24l01_Tx_Addr                  0x08006bad   Thumb Code    96  nrf24l01.o(i.Update_NRF24l01_Tx_Addr)
    UsageFault_Handler                       0x08006c15   Thumb Code     4  stm32f1xx_it.o(i.UsageFault_Handler)
    ZKHD_Link_GCS_To_FMU_Handle              0x08006c19   Thumb Code    20  zkhd_link.o(i.ZKHD_Link_GCS_To_FMU_Handle)
    ZKHD_Link_GCS_To_Remote_Handle           0x08006c2d   Thumb Code    20  zkhd_link.o(i.ZKHD_Link_GCS_To_Remote_Handle)
    ZKHD_Link_Handle                         0x08006c41   Thumb Code    46  zkhd_link.o(i.ZKHD_Link_Handle)
    ZKHD_Link_MakeFrame                      0x08006c6f   Thumb Code   118  zkhd_link.o(i.ZKHD_Link_MakeFrame)
    _Error_Handler                           0x08006ce5   Thumb Code     4  main.o(i._Error_Handler)
    __scatterload_copy                       0x08006ce9   Thumb Code    14  handlers.o(i.__scatterload_copy)
    __scatterload_null                       0x08006cf7   Thumb Code     2  handlers.o(i.__scatterload_null)
    __scatterload_zeroinit                   0x08006cf9   Thumb Code    14  handlers.o(i.__scatterload_zeroinit)
    beep_state_updata                        0x08006d09   Thumb Code    62  beep.o(i.beep_state_updata)
    deQueue                                  0x08006d55   Thumb Code    86  queue.o(i.deQueue)
    enQueue                                  0x08006dab   Thumb Code    84  queue.o(i.enQueue)
    gcs_ReceiveHandle                        0x08006e01   Thumb Code    64  gcs.o(i.gcs_ReceiveHandle)
    get_ADC_value                            0x08006e45   Thumb Code   198  control.o(i.get_ADC_value)
    is_sw2_pressed                           0x08006f1d   Thumb Code    20  key.o(i.is_sw2_pressed)
    led_state_updata                         0x08006f35   Thumb Code   192  led.o(i.led_state_updata)
    main                                     0x08007015   Thumb Code   158  main.o(i.main)
    ppm_delay                                0x080070cd   Thumb Code    20  ppm.o(i.ppm_delay)
    ppm_init                                 0x080070e1   Thumb Code    86  ppm.o(i.ppm_init)
    ppm_output_ZKHD                          0x0800714d   Thumb Code   240  ppm.o(i.ppm_output_ZKHD)
    update_gcs_HardwareInfo                  0x08007251   Thumb Code   114  gcs.o(i.update_gcs_HardwareInfo)
    update_info_to_gcs                       0x080072d1   Thumb Code    30  gcs.o(i.update_info_to_gcs)
    AHBPrescTable                            0x080072fa   Data          16  system_stm32f1xx_1.o(.constdata)
    APBPrescTable                            0x0800730a   Data           8  system_stm32f1xx_1.o(.constdata)
    Region$$Table$$Base                      0x08007314   Number         0  anon$$obj.o(Region$$Table)
    Region$$Table$$Limit                     0x08007334   Number         0  anon$$obj.o(Region$$Table)
    beep_state                               0x20000001   Data           1  beep.o(.data)
    Batt_Flag                                0x20000008   Data           2  control.o(.data)
    Failure                                  0x2000000a   Data           1  control.o(.data)
    Success                                  0x2000000b   Data           1  control.o(.data)
    sw1_up                                   0x20000028   Data           1  key.o(.data)
    sw2_up                                   0x20000029   Data           1  key.o(.data)
    sw3_up                                   0x2000002a   Data           1  key.o(.data)
    Arm_up                                   0x2000002b   Data           1  key.o(.data)
    CaliFlag_up                              0x2000002c   Data           1  key.o(.data)
    led_RF_state                             0x20000031   Data           1  led.o(.data)
    led_STU_state                            0x20000032   Data           1  led.o(.data)
    led_red_state                            0x20000033   Data           1  led.o(.data)
    Target                                   0x20000044   Data           4  ppm.o(.data)
    TIM2_Cnt                                 0x20000048   Data           4  ppm.o(.data)
    TIM_IT_CallBack                          0x2000004c   Data           4  ppm.o(.data)
    delay_total                              0x20000050   Data           4  ppm.o(.data)
    RX_ADDRESS                               0x20000058   Data           5  communication.o(.data)
    TX_ADDRESS                               0x2000005d   Data           5  communication.o(.data)
    Send_Flag                                0x20000068   Data           1  tim.o(.data)
    FS_Desc                                  0x2000006c   Data          28  usbd_desc.o(.data)
    USBD_FS_DeviceDesc                       0x20000088   Data          18  usbd_desc.o(.data)
    USBD_LangIDDesc                          0x2000009c   Data           4  usbd_desc.o(.data)
    USBD_Interface_fops_FS                   0x200000a0   Data          16  usbd_cdc_if.o(.data)
    Runtime                                  0x200000b4   Data           2  stm32f1xx_it.o(.data)
    SystemCoreClock                          0x200000c4   Data           4  system_stm32f1xx_1.o(.data)
    uwTick                                   0x200000c8   Data           4  stm32f1xx_hal.o(.data)
    USBD_CDC                                 0x200000dc   Data          56  usbd_cdc.o(.data)
    USBD_CDC_CfgHSDesc                       0x20000114   Data          67  usbd_cdc.o(.data)
    USBD_CDC_CfgFSDesc                       0x20000158   Data          67  usbd_cdc.o(.data)
    USBD_CDC_OtherSpeedCfgDesc               0x2000019c   Data          67  usbd_cdc.o(.data)
    RC_sendData                              0x200001e0   Data          26  control.o(.bss)
    adcBuf                                   0x200001fa   Data          14  control.o(.bss)
    RC_Para                                  0x20000208   Data          28  control.o(.bss)
    RC_Raw                                   0x20000224   Data          14  control.o(.bss)
    USB_Send_Queue                           0x20000316   Data         332  gcs.o(.bss)
    NRF_Mannager                             0x20000464   Data         684  communication.o(.bss)
    rx_buff                                  0x20000710   Data          32  communication.o(.bss)
    NRF24L01_Manager                         0x20000730   Data          40  nrf24l01.o(.bss)
    hadc1                                    0x20000758   Data          48  adc.o(.bss)
    hspi2                                    0x20000788   Data          88  spi_1.o(.bss)
    htim2                                    0x200007e0   Data          64  tim.o(.bss)
    htim3                                    0x20000820   Data          64  tim.o(.bss)
    huart1                                   0x20000860   Data          64  usart.o(.bss)
    huart3                                   0x200008a0   Data          64  usart.o(.bss)
    hUsbDeviceFS                             0x200008e0   Data         548  usb_device.o(.bss)
    hpcd_USB_FS                              0x20000b04   Data        1120  usbd_conf.o(.bss)
    USBD_StrDesc                             0x20001184   Data         512  usbd_desc.o(.bss)
    UserRxBufferFS                           0x20001384   Data        1000  usbd_cdc_if.o(.bss)
    UserTxBufferFS                           0x2000176c   Data        1000  usbd_cdc_if.o(.bss)
    Rx_Buff                                  0x20001b54   Data         100  stm32f1xx_it.o(.bss)
    pFlash                                   0x20001bb8   Data          32  stm32f1xx_hal_flash.o(.bss)
    __initial_sp                             0x20001fd8   Data           0  startup_stm32f103xb.o(STACK)



==============================================================================

Memory Map of the image

  Image Entry point : 0x080000ed

  Load Region LR_IROM1 (Base: 0x08000000, Size: 0x00007514, Max: 0x00020000, ABSOLUTE, COMPRESSED[0x0000740c])

    Execution Region ER_IROM1 (Base: 0x08000000, Size: 0x00007334, Max: 0x00020000, ABSOLUTE)

    Base Addr    Size         Type   Attr      Idx    E Section Name        Object

    0x08000000   0x000000ec   Data   RO         4972    RESET               startup_stm32f103xb.o
    0x080000ec   0x00000000   Code   RO         5375  * .ARM.Collect$$$$00000000  mc_w.l(entry.o)
    0x080000ec   0x00000004   Code   RO         5657    .ARM.Collect$$$$00000001  mc_w.l(entry2.o)
    0x080000f0   0x00000004   Code   RO         5660    .ARM.Collect$$$$00000004  mc_w.l(entry5.o)
    0x080000f4   0x00000000   Code   RO         5662    .ARM.Collect$$$$00000008  mc_w.l(entry7b.o)
    0x080000f4   0x00000000   Code   RO         5664    .ARM.Collect$$$$0000000A  mc_w.l(entry8b.o)
    0x080000f4   0x00000008   Code   RO         5665    .ARM.Collect$$$$0000000B  mc_w.l(entry9a.o)
    0x080000fc   0x00000000   Code   RO         5667    .ARM.Collect$$$$0000000D  mc_w.l(entry10a.o)
    0x080000fc   0x00000000   Code   RO         5669    .ARM.Collect$$$$0000000F  mc_w.l(entry11a.o)
    0x080000fc   0x00000004   Code   RO         5658    .ARM.Collect$$$$00002712  mc_w.l(entry2.o)
    0x08000100   0x00000024   Code   RO         4973    .text               startup_stm32f103xb.o
    0x08000124   0x00000020   Code   RO         5378    .text               mc_w.l(llushr.o)
    0x08000144   0x00000024   Code   RO         5380    .text               mc_w.l(memcpya.o)
    0x08000168   0x00000024   Code   RO         5382    .text               mc_w.l(memseta.o)
    0x0800018c   0x0000001a   Code   RO         5384    .text               mc_w.l(memcmp.o)
    0x080001a6   0x00000002   PAD
    0x080001a8   0x00000024   Code   RO         5689    .text               mc_w.l(init.o)
    0x080001cc   0x00000056   Code   RO         5705    .text               mc_w.l(__dczerorl2.o)
    0x08000222   0x00000052   Code   RO         2244    i.ADC_ConversionStop_Disable  stm32f1xx_hal_adc.o
    0x08000274   0x00000084   Code   RO         2248    i.ADC_Enable        stm32f1xx_hal_adc.o
    0x080002f8   0x00000004   Code   RO         1570    i.BusFault_Handler  stm32f1xx_it.o
    0x080002fc   0x00000044   Code   RO         1515    i.CDC_Control_FS    usbd_cdc_if.o
    0x08000340   0x00000004   Code   RO         1516    i.CDC_DeInit_FS     usbd_cdc_if.o
    0x08000344   0x00000024   Code   RO         1517    i.CDC_Init_FS       usbd_cdc_if.o
    0x08000368   0x00000024   Code   RO         1518    i.CDC_Receive_FS    usbd_cdc_if.o
    0x0800038c   0x00000038   Code   RO         1519    i.CDC_Transmit_FS   usbd_cdc_if.o
    0x080003c4   0x00000002   Code   RO         1571    i.DebugMon_Handler  stm32f1xx_it.o
    0x080003c6   0x00000002   PAD
    0x080003c8   0x00000028   Code   RO         4867    i.FLASH_MassErase   stm32f1xx_hal_flash_ex.o
    0x080003f0   0x00000028   Code   RO         4876    i.FLASH_PageErase   stm32f1xx_hal_flash_ex.o
    0x08000418   0x00000020   Code   RO         4764    i.FLASH_Program_HalfWord  stm32f1xx_hal_flash.o
    0x08000438   0x00000084   Code   RO         4765    i.FLASH_SetErrorCode  stm32f1xx_hal_flash.o
    0x080004bc   0x00000070   Code   RO         4766    i.FLASH_WaitForLastOperation  stm32f1xx_hal_flash.o
    0x0800052c   0x00000028   Code   RO          461    i.Flash_Erase_User_Zone  flash_gzj.o
    0x08000554   0x00000070   Code   RO         1705    i.Flash_Write       flash.o
    0x080005c4   0x0000001a   Code   RO          143    i.Get_Linear_Equation  control.o
    0x080005de   0x00000002   PAD
    0x080005e0   0x00000160   Code   RO         2250    i.HAL_ADC_ConfigChannel  stm32f1xx_hal_adc.o
    0x08000740   0x00000008   Code   RO         2257    i.HAL_ADC_GetValue  stm32f1xx_hal_adc.o
    0x08000748   0x00000144   Code   RO         2259    i.HAL_ADC_Init      stm32f1xx_hal_adc.o
    0x0800088c   0x0000005c   Code   RO         1015    i.HAL_ADC_MspInit   adc.o
    0x080008e8   0x00000170   Code   RO         2263    i.HAL_ADC_PollForConversion  stm32f1xx_hal_adc.o
    0x08000a58   0x00000130   Code   RO         2265    i.HAL_ADC_Start     stm32f1xx_hal_adc.o
    0x08000b88   0x00000040   Code   RO         2268    i.HAL_ADC_Stop      stm32f1xx_hal_adc.o
    0x08000bc8   0x000000b0   Code   RO         4424    i.HAL_DMA_Abort_IT  stm32f1xx_hal_dma.o
    0x08000c78   0x0000001e   Code   RO         4079    i.HAL_Delay         stm32f1xx_hal.o
    0x08000c96   0x00000002   PAD
    0x08000c98   0x000000b0   Code   RO         4877    i.HAL_FLASHEx_Erase  stm32f1xx_hal_flash_ex.o
    0x08000d48   0x00000014   Code   RO         4770    i.HAL_FLASH_Lock    stm32f1xx_hal_flash.o
    0x08000d5c   0x000000b0   Code   RO         4775    i.HAL_FLASH_Program  stm32f1xx_hal_flash.o
    0x08000e0c   0x0000002c   Code   RO         4777    i.HAL_FLASH_Unlock  stm32f1xx_hal_flash.o
    0x08000e38   0x0000031c   Code   RO         4359    i.HAL_GPIO_Init     stm32f1xx_hal_gpio.o
    0x08001154   0x00000010   Code   RO         4361    i.HAL_GPIO_ReadPin  stm32f1xx_hal_gpio.o
    0x08001164   0x00000008   Code   RO         4362    i.HAL_GPIO_TogglePin  stm32f1xx_hal_gpio.o
    0x0800116c   0x0000000c   Code   RO         4363    i.HAL_GPIO_WritePin  stm32f1xx_hal_gpio.o
    0x08001178   0x0000000c   Code   RO         4083    i.HAL_GetTick       stm32f1xx_hal.o
    0x08001184   0x00000010   Code   RO         4085    i.HAL_IncTick       stm32f1xx_hal.o
    0x08001194   0x00000028   Code   RO         4086    i.HAL_Init          stm32f1xx_hal.o
    0x080011bc   0x00000028   Code   RO         4087    i.HAL_InitTick      stm32f1xx_hal.o
    0x080011e4   0x000000b0   Code   RO         1680    i.HAL_MspInit       stm32f1xx_hal_msp.o
    0x08001294   0x0000001a   Code   RO         4519    i.HAL_NVIC_EnableIRQ  stm32f1xx_hal_cortex.o
    0x080012ae   0x0000007c   Code   RO         4525    i.HAL_NVIC_SetPriority  stm32f1xx_hal_cortex.o
    0x0800132a   0x00000002   PAD
    0x0800132c   0x00000028   Code   RO         4526    i.HAL_NVIC_SetPriorityGrouping  stm32f1xx_hal_cortex.o
    0x08001354   0x0000003e   Code   RO         2022    i.HAL_PCDEx_PMAConfig  stm32f1xx_hal_pcd_ex.o
    0x08001392   0x00000002   Code   RO         1241    i.HAL_PCDEx_SetConnectionState  usbd_conf.o
    0x08001394   0x0000001c   Code   RO         1243    i.HAL_PCD_DataInStageCallback  usbd_conf.o
    0x080013b0   0x0000001c   Code   RO         1244    i.HAL_PCD_DataOutStageCallback  usbd_conf.o
    0x080013cc   0x00000064   Code   RO         1816    i.HAL_PCD_EP_Close  stm32f1xx_hal_pcd.o
    0x08001430   0x00000062   Code   RO         1817    i.HAL_PCD_EP_ClrStall  stm32f1xx_hal_pcd.o
    0x08001492   0x00000014   Code   RO         1819    i.HAL_PCD_EP_GetRxCount  stm32f1xx_hal_pcd.o
    0x080014a6   0x00000076   Code   RO         1820    i.HAL_PCD_EP_Open   stm32f1xx_hal_pcd.o
    0x0800151c   0x0000004a   Code   RO         1821    i.HAL_PCD_EP_Receive  stm32f1xx_hal_pcd.o
    0x08001566   0x00000072   Code   RO         1822    i.HAL_PCD_EP_SetStall  stm32f1xx_hal_pcd.o
    0x080015d8   0x0000004c   Code   RO         1823    i.HAL_PCD_EP_Transmit  stm32f1xx_hal_pcd.o
    0x08001624   0x00000168   Code   RO         1825    i.HAL_PCD_IRQHandler  stm32f1xx_hal_pcd.o
    0x0800178c   0x0000011a   Code   RO         1828    i.HAL_PCD_Init      stm32f1xx_hal_pcd.o
    0x080018a6   0x00000002   PAD
    0x080018a8   0x00000044   Code   RO         1249    i.HAL_PCD_MspInit   usbd_conf.o
    0x080018ec   0x0000002a   Code   RO         1250    i.HAL_PCD_ResetCallback  usbd_conf.o
    0x08001916   0x0000000e   Code   RO         1251    i.HAL_PCD_ResumeCallback  usbd_conf.o
    0x08001924   0x0000000e   Code   RO         1252    i.HAL_PCD_SOFCallback  usbd_conf.o
    0x08001932   0x00000036   Code   RO         1834    i.HAL_PCD_SetAddress  stm32f1xx_hal_pcd.o
    0x08001968   0x00000012   Code   RO         1253    i.HAL_PCD_SetupStageCallback  usbd_conf.o
    0x0800197a   0x0000003c   Code   RO         1836    i.HAL_PCD_Start     stm32f1xx_hal_pcd.o
    0x080019b6   0x00000002   PAD
    0x080019b8   0x00000024   Code   RO         1254    i.HAL_PCD_SuspendCallback  usbd_conf.o
    0x080019dc   0x00000120   Code   RO         4321    i.HAL_RCCEx_GetPeriphCLKFreq  stm32f1xx_hal_rcc_ex.o
    0x08001afc   0x00000130   Code   RO         4322    i.HAL_RCCEx_PeriphCLKConfig  stm32f1xx_hal_rcc_ex.o
    0x08001c2c   0x000001a4   Code   RO         4214    i.HAL_RCC_ClockConfig  stm32f1xx_hal_rcc.o
    0x08001dd0   0x0000000c   Code   RO         4219    i.HAL_RCC_GetHCLKFreq  stm32f1xx_hal_rcc.o
    0x08001ddc   0x00000020   Code   RO         4221    i.HAL_RCC_GetPCLK1Freq  stm32f1xx_hal_rcc.o
    0x08001dfc   0x00000020   Code   RO         4222    i.HAL_RCC_GetPCLK2Freq  stm32f1xx_hal_rcc.o
    0x08001e1c   0x00000098   Code   RO         4223    i.HAL_RCC_GetSysClockFreq  stm32f1xx_hal_rcc.o
    0x08001eb4   0x00000440   Code   RO         4226    i.HAL_RCC_OscConfig  stm32f1xx_hal_rcc.o
    0x080022f4   0x00000086   Code   RO         2843    i.HAL_SPI_Init      stm32f1xx_hal_spi_ex.o
    0x0800237a   0x00000002   PAD
    0x0800237c   0x00000064   Code   RO         1057    i.HAL_SPI_MspInit   spi_1.o
    0x080023e0   0x0000021e   Code   RO         2540    i.HAL_SPI_TransmitReceive  stm32f1xx_hal_spi_1.o
    0x080025fe   0x00000028   Code   RO         4528    i.HAL_SYSTICK_CLKSourceConfig  stm32f1xx_hal_cortex.o
    0x08002626   0x00000002   Code   RO         4529    i.HAL_SYSTICK_Callback  stm32f1xx_hal_cortex.o
    0x08002628   0x00000034   Code   RO         4530    i.HAL_SYSTICK_Config  stm32f1xx_hal_cortex.o
    0x0800265c   0x00000008   Code   RO         4531    i.HAL_SYSTICK_IRQHandler  stm32f1xx_hal_cortex.o
    0x08002664   0x00000002   Code   RO         3508    i.HAL_TIMEx_BreakCallback  stm32f1xx_hal_tim_ex.o
    0x08002666   0x00000002   Code   RO         3509    i.HAL_TIMEx_CommutationCallback  stm32f1xx_hal_tim_ex.o
    0x08002668   0x00000062   Code   RO         3525    i.HAL_TIMEx_MasterConfigSynchronization  stm32f1xx_hal_tim_ex.o
    0x080026ca   0x00000034   Code   RO         2869    i.HAL_TIM_Base_Init  stm32f1xx_hal_tim.o
    0x080026fe   0x00000002   PAD
    0x08002700   0x00000068   Code   RO         1099    i.HAL_TIM_Base_MspInit  tim.o
    0x08002768   0x0000001e   Code   RO         2874    i.HAL_TIM_Base_Start_IT  stm32f1xx_hal_tim.o
    0x08002786   0x00000132   Code   RO         2878    i.HAL_TIM_ConfigClockSource  stm32f1xx_hal_tim.o
    0x080028b8   0x00000002   Code   RO         2898    i.HAL_TIM_IC_CaptureCallback  stm32f1xx_hal_tim.o
    0x080028ba   0x00000196   Code   RO         2911    i.HAL_TIM_IRQHandler  stm32f1xx_hal_tim.o
    0x08002a50   0x00000002   Code   RO         2914    i.HAL_TIM_OC_DelayElapsedCallback  stm32f1xx_hal_tim.o
    0x08002a52   0x00000002   Code   RO         2941    i.HAL_TIM_PWM_PulseFinishedCallback  stm32f1xx_hal_tim.o
    0x08002a54   0x00000018   Code   RO         1100    i.HAL_TIM_PeriodElapsedCallback  tim.o
    0x08002a6c   0x00000002   Code   RO         2952    i.HAL_TIM_TriggerCallback  stm32f1xx_hal_tim.o
    0x08002a6e   0x00000002   Code   RO         3762    i.HAL_UART_ErrorCallback  stm32f1xx_hal_uart.o
    0x08002a70   0x0000014c   Code   RO         3765    i.HAL_UART_IRQHandler  stm32f1xx_hal_uart.o
    0x08002bbc   0x00000072   Code   RO         3766    i.HAL_UART_Init     stm32f1xx_hal_uart.o
    0x08002c2e   0x00000002   PAD
    0x08002c30   0x000000d8   Code   RO         1154    i.HAL_UART_MspInit  usart.o
    0x08002d08   0x00000070   Code   RO         3771    i.HAL_UART_Receive_IT  stm32f1xx_hal_uart.o
    0x08002d78   0x00000002   Code   RO         3772    i.HAL_UART_RxCpltCallback  stm32f1xx_hal_uart.o
    0x08002d7a   0x00000002   Code   RO         3777    i.HAL_UART_TxCpltCallback  stm32f1xx_hal_uart.o
    0x08002d7c   0x00000004   Code   RO         1572    i.HardFault_Handler  stm32f1xx_it.o
    0x08002d80   0x0000007a   Code   RO          144    i.Joystick_Raw_To_Traget  control.o
    0x08002dfa   0x00000002   PAD
    0x08002dfc   0x00000610   Code   RO          145    i.KeyRCCalibration  control.o
    0x0800340c   0x00000214   Code   RO          146    i.LoadRCdata        control.o
    0x08003620   0x00000110   Code   RO         1016    i.MX_ADC1_Init      adc.o
    0x08003730   0x00000110   Code   RO          985    i.MX_GPIO_Init      gpio.o
    0x08003840   0x00000058   Code   RO         1058    i.MX_SPI2_Init      spi_1.o
    0x08003898   0x00000078   Code   RO         1101    i.MX_TIM2_Init      tim.o
    0x08003910   0x0000007c   Code   RO         1102    i.MX_TIM3_Init      tim.o
    0x0800398c   0x0000004c   Code   RO         1155    i.MX_USART1_UART_Init  usart.o
    0x080039d8   0x0000004c   Code   RO         1156    i.MX_USART3_UART_Init  usart.o
    0x08003a24   0x00000034   Code   RO         1207    i.MX_USB_DEVICE_Init  usb_device.o
    0x08003a58   0x00000004   Code   RO         1573    i.MemManage_Handler  stm32f1xx_it.o
    0x08003a5c   0x00000002   Code   RO         1574    i.NMI_Handler       stm32f1xx_it.o
    0x08003a5e   0x00000002   PAD
    0x08003a60   0x0000004c   Code   RO          739    i.NRF24L01_Check    nrf24l01.o
    0x08003aac   0x00000020   Code   RO          740    i.NRF24L01_Configuration  nrf24l01.o
    0x08003acc   0x0000004c   Code   RO          741    i.NRF24L01_Read_Buf  nrf24l01.o
    0x08003b18   0x00000038   Code   RO          742    i.NRF24L01_Read_Reg  nrf24l01.o
    0x08003b50   0x00000034   Code   RO          743    i.NRF24L01_RxPacket  nrf24l01.o
    0x08003b84   0x00000018   Code   RO          744    i.NRF24L01_TxPacket  nrf24l01.o
    0x08003b9c   0x0000004c   Code   RO          745    i.NRF24L01_Write_Buf  nrf24l01.o
    0x08003be8   0x00000038   Code   RO          746    i.NRF24L01_Write_Reg  nrf24l01.o
    0x08003c20   0x00000140   Code   RO          747    i.NRF24L01_init     nrf24l01.o
    0x08003d60   0x000000a8   Code   RO          678    i.NRF_Polling       communication.o
    0x08003e08   0x0000009c   Code   RO          679    i.NRF_Radio_Init    communication.o
    0x08003ea4   0x00000010   Code   RO         4532    i.NVIC_GetPriorityGrouping  stm32f1xx_hal_cortex.o
    0x08003eb4   0x00000028   Code   RO         4533    i.NVIC_SetPriority  stm32f1xx_hal_cortex.o
    0x08003edc   0x00000444   Code   RO         1839    i.PCD_EP_ISR_Handler  stm32f1xx_hal_pcd.o
    0x08004320   0x00000002   Code   RO         1575    i.PendSV_Handler    stm32f1xx_it.o
    0x08004322   0x00000002   PAD
    0x08004324   0x00000028   Code   RO         4227    i.RCC_Delay         stm32f1xx_hal_rcc.o
    0x0800434c   0x00000020   Code   RO          147    i.RC_Parc_CRC       control.o
    0x0800436c   0x00000060   Code   RO          462    i.Read_RC_Offset_From_Flash  flash_gzj.o
    0x080043cc   0x00000028   Code   RO         2555    i.SPI_CheckFlag_BSY  stm32f1xx_hal_spi_1.o
    0x080043f4   0x00000028   Code   RO          748    i.SPI_RW            nrf24l01.o
    0x0800441c   0x000000aa   Code   RO         2574    i.SPI_WaitFlagStateUntilTimeout  stm32f1xx_hal_spi_1.o
    0x080044c6   0x00000002   Code   RO         1576    i.SVC_Handler       stm32f1xx_it.o
    0x080044c8   0x00000110   Code   RO          286    i.SW_Scan           key.o
    0x080045d8   0x000000c8   Code   RO          148    i.SW_control        control.o
    0x080046a0   0x000000b0   Code   RO          463    i.Save_RC_Offset_To_Flash  flash_gzj.o
    0x08004750   0x00000040   Code   RO         1577    i.SysTick_Handler   stm32f1xx_it.o
    0x08004790   0x000000b0   Code   RO          891    i.SystemClock_Config  main.o
    0x08004840   0x00000058   Code   RO         1735    i.SystemInit        system_stm32f1xx_1.o
    0x08004898   0x00000040   Code   RO         1578    i.TIM2_IRQHandler   stm32f1xx_it.o
    0x080048d8   0x00000010   Code   RO         1579    i.TIM3_IRQHandler   stm32f1xx_it.o
    0x080048e8   0x00000074   Code   RO         2953    i.TIM_Base_SetConfig  stm32f1xx_hal_tim.o
    0x0800495c   0x00000018   Code   RO         2960    i.TIM_ETR_SetConfig  stm32f1xx_hal_tim.o
    0x08004974   0x00000014   Code   RO         2961    i.TIM_ITRx_SetConfig  stm32f1xx_hal_tim.o
    0x08004988   0x0000002a   Code   RO         2967    i.TIM_TI1_ConfigInputStage  stm32f1xx_hal_tim.o
    0x080049b2   0x0000002c   Code   RO         2969    i.TIM_TI2_ConfigInputStage  stm32f1xx_hal_tim.o
    0x080049de   0x00000002   PAD
    0x080049e0   0x00000040   Code   RO          750    i.TxPacket          nrf24l01.o
    0x08004a20   0x00000034   Code   RO          751    i.TxPacket_AP       nrf24l01.o
    0x08004a54   0x00000014   Code   RO         3779    i.UART_DMAAbortOnError  stm32f1xx_hal_uart.o
    0x08004a68   0x00000020   Code   RO         3789    i.UART_EndRxTransfer  stm32f1xx_hal_uart.o
    0x08004a88   0x00000020   Code   RO         3790    i.UART_EndTransmit_IT  stm32f1xx_hal_uart.o
    0x08004aa8   0x000000a6   Code   RO         3792    i.UART_Receive_IT   stm32f1xx_hal_uart.o
    0x08004b4e   0x00000002   PAD
    0x08004b50   0x000001c8   Code   RO         3793    i.UART_SetConfig    stm32f1xx_hal_uart.o
    0x08004d18   0x00000068   Code   RO         3794    i.UART_Transmit_IT  stm32f1xx_hal_uart.o
    0x08004d80   0x00000010   Code   RO         1580    i.USART1_IRQHandler  stm32f1xx_it.o
    0x08004d90   0x000000f4   Code   RO         1581    i.USART3_IRQHandler  stm32f1xx_it.o
    0x08004e84   0x0000001a   Code   RO         5273    i.USBD_CDC_DataIn   usbd_cdc.o
    0x08004e9e   0x00000034   Code   RO         5274    i.USBD_CDC_DataOut  usbd_cdc.o
    0x08004ed2   0x00000040   Code   RO         5275    i.USBD_CDC_DeInit   usbd_cdc.o
    0x08004f12   0x00000032   Code   RO         5276    i.USBD_CDC_EP0_RxReady  usbd_cdc.o
    0x08004f44   0x00000010   Code   RO         5277    i.USBD_CDC_GetDeviceQualifierDescriptor  usbd_cdc.o
    0x08004f54   0x00000010   Code   RO         5278    i.USBD_CDC_GetFSCfgDesc  usbd_cdc.o
    0x08004f64   0x00000010   Code   RO         5279    i.USBD_CDC_GetHSCfgDesc  usbd_cdc.o
    0x08004f74   0x00000010   Code   RO         5280    i.USBD_CDC_GetOtherSpeedCfgDesc  usbd_cdc.o
    0x08004f84   0x000000a6   Code   RO         5281    i.USBD_CDC_Init     usbd_cdc.o
    0x0800502a   0x0000003a   Code   RO         5282    i.USBD_CDC_ReceivePacket  usbd_cdc.o
    0x08005064   0x0000000e   Code   RO         5283    i.USBD_CDC_RegisterInterface  usbd_cdc.o
    0x08005072   0x0000000e   Code   RO         5284    i.USBD_CDC_SetRxBuffer  usbd_cdc.o
    0x08005080   0x00000014   Code   RO         5285    i.USBD_CDC_SetTxBuffer  usbd_cdc.o
    0x08005094   0x00000090   Code   RO         5286    i.USBD_CDC_Setup    usbd_cdc.o
    0x08005124   0x00000038   Code   RO         5287    i.USBD_CDC_TransmitPacket  usbd_cdc.o
    0x0800515c   0x00000016   Code   RO         4980    i.USBD_ClrClassConfig  usbd_core.o
    0x08005172   0x00000044   Code   RO         5118    i.USBD_ClrFeature   usbd_ctlreq.o
    0x080051b6   0x00000018   Code   RO         5213    i.USBD_CtlContinueRx  usbd_ioreq.o
    0x080051ce   0x00000018   Code   RO         5214    i.USBD_CtlContinueSendData  usbd_ioreq.o
    0x080051e6   0x00000018   Code   RO         5119    i.USBD_CtlError     usbd_ctlreq.o
    0x080051fe   0x00000028   Code   RO         5215    i.USBD_CtlPrepareRx  usbd_ioreq.o
    0x08005226   0x0000001a   Code   RO         5216    i.USBD_CtlReceiveStatus  usbd_ioreq.o
    0x08005240   0x00000022   Code   RO         5217    i.USBD_CtlSendData  usbd_ioreq.o
    0x08005262   0x0000001a   Code   RO         5218    i.USBD_CtlSendStatus  usbd_ioreq.o
    0x0800527c   0x00000034   Code   RO         1448    i.USBD_FS_ConfigStrDescriptor  usbd_desc.o
    0x080052b0   0x00000010   Code   RO         1449    i.USBD_FS_DeviceDescriptor  usbd_desc.o
    0x080052c0   0x00000038   Code   RO         1450    i.USBD_FS_InterfaceStrDescriptor  usbd_desc.o
    0x080052f8   0x00000010   Code   RO         1451    i.USBD_FS_LangIDStrDescriptor  usbd_desc.o
    0x08005308   0x0000002c   Code   RO         1452    i.USBD_FS_ManufacturerStrDescriptor  usbd_desc.o
    0x08005334   0x00000040   Code   RO         1453    i.USBD_FS_ProductStrDescriptor  usbd_desc.o
    0x08005374   0x00000038   Code   RO         1454    i.USBD_FS_SerialStrDescriptor  usbd_desc.o
    0x080053ac   0x00000050   Code   RO         5120    i.USBD_GetConfig    usbd_ctlreq.o
    0x080053fc   0x00000148   Code   RO         5121    i.USBD_GetDescriptor  usbd_ctlreq.o
    0x08005544   0x00000014   Code   RO         5122    i.USBD_GetLen       usbd_ctlreq.o
    0x08005558   0x00000044   Code   RO         5123    i.USBD_GetStatus    usbd_ctlreq.o
    0x0800559c   0x00000052   Code   RO         5124    i.USBD_GetString    usbd_ctlreq.o
    0x080055ee   0x00000032   Code   RO         4982    i.USBD_Init         usbd_core.o
    0x08005620   0x00000044   Code   RO         1255    i.USBD_LL_ClearStallEP  usbd_conf.o
    0x08005664   0x00000044   Code   RO         1256    i.USBD_LL_CloseEP   usbd_conf.o
    0x080056a8   0x000000da   Code   RO         4983    i.USBD_LL_DataInStage  usbd_core.o
    0x08005782   0x00000086   Code   RO         4984    i.USBD_LL_DataOutStage  usbd_core.o
    0x08005808   0x00000012   Code   RO         1260    i.USBD_LL_GetRxDataSize  usbd_conf.o
    0x0800581a   0x00000002   PAD
    0x0800581c   0x000000a4   Code   RO         1261    i.USBD_LL_Init      usbd_conf.o
    0x080058c0   0x00000030   Code   RO         1262    i.USBD_LL_IsStallEP  usbd_conf.o
    0x080058f0   0x00000062   Code   RO         1263    i.USBD_LL_OpenEP    usbd_conf.o
    0x08005952   0x00000062   Code   RO         1264    i.USBD_LL_PrepareReceive  usbd_conf.o
    0x080059b4   0x00000044   Code   RO         4989    i.USBD_LL_Reset     usbd_core.o
    0x080059f8   0x0000000e   Code   RO         4990    i.USBD_LL_Resume    usbd_core.o
    0x08005a06   0x00000022   Code   RO         4991    i.USBD_LL_SOF       usbd_core.o
    0x08005a28   0x00000008   Code   RO         4992    i.USBD_LL_SetSpeed  usbd_core.o
    0x08005a30   0x00000044   Code   RO         1265    i.USBD_LL_SetUSBAddress  usbd_conf.o
    0x08005a74   0x0000006e   Code   RO         4993    i.USBD_LL_SetupStage  usbd_core.o
    0x08005ae2   0x00000044   Code   RO         1266    i.USBD_LL_StallEP   usbd_conf.o
    0x08005b26   0x0000003c   Code   RO         1267    i.USBD_LL_Start     usbd_conf.o
    0x08005b62   0x00000014   Code   RO         4994    i.USBD_LL_Suspend   usbd_core.o
    0x08005b76   0x00000062   Code   RO         1269    i.USBD_LL_Transmit  usbd_conf.o
    0x08005bd8   0x00000028   Code   RO         5125    i.USBD_ParseSetupRequest  usbd_ctlreq.o
    0x08005c00   0x00000010   Code   RO         4995    i.USBD_RegisterClass  usbd_core.o
    0x08005c10   0x00000006   Code   RO         4996    i.USBD_RunTestMode  usbd_core.o
    0x08005c16   0x00000054   Code   RO         5126    i.USBD_SetAddress   usbd_ctlreq.o
    0x08005c6a   0x00000022   Code   RO         4997    i.USBD_SetClassConfig  usbd_core.o
    0x08005c8c   0x000000e0   Code   RO         5127    i.USBD_SetConfig    usbd_ctlreq.o
    0x08005d6c   0x00000024   Code   RO         5128    i.USBD_SetFeature   usbd_ctlreq.o
    0x08005d90   0x0000000e   Code   RO         4998    i.USBD_Start        usbd_core.o
    0x08005d9e   0x00000072   Code   RO         5129    i.USBD_StdDevReq    usbd_ctlreq.o
    0x08005e10   0x00000156   Code   RO         5130    i.USBD_StdEPReq     usbd_ctlreq.o
    0x08005f66   0x0000004a   Code   RO         5131    i.USBD_StdItfReq    usbd_ctlreq.o
    0x08005fb0   0x00000002   Code   RO         1270    i.USBD_static_free  usbd_conf.o
    0x08005fb2   0x00000002   PAD
    0x08005fb4   0x0000000c   Code   RO         1271    i.USBD_static_malloc  usbd_conf.o
    0x08005fc0   0x000003aa   Code   RO         2052    i.USB_ActivateEndpoint  stm32f1xx_ll_usb.o
    0x0800636a   0x00000008   Code   RO         2055    i.USB_CoreInit      stm32f1xx_ll_usb.o
    0x08006372   0x00000214   Code   RO         2057    i.USB_DeactivateEndpoint  stm32f1xx_ll_usb.o
    0x08006586   0x00000006   Code   RO         2058    i.USB_DevConnect    stm32f1xx_ll_usb.o
    0x0800658c   0x00000006   Code   RO         2059    i.USB_DevDisconnect  stm32f1xx_ll_usb.o
    0x08006592   0x0000001e   Code   RO         2060    i.USB_DevInit       stm32f1xx_ll_usb.o
    0x080065b0   0x00000016   Code   RO         2061    i.USB_DisableGlobalInt  stm32f1xx_ll_usb.o
    0x080065c6   0x00000006   Code   RO         2062    i.USB_EP0_OutStart  stm32f1xx_ll_usb.o
    0x080065cc   0x000000b4   Code   RO         2063    i.USB_EPClearStall  stm32f1xx_ll_usb.o
    0x08006680   0x00000086   Code   RO         2064    i.USB_EPSetStall    stm32f1xx_ll_usb.o
    0x08006706   0x00000332   Code   RO         2065    i.USB_EPStartXfer   stm32f1xx_ll_usb.o
    0x08006a38   0x00000016   Code   RO         2066    i.USB_EnableGlobalInt  stm32f1xx_ll_usb.o
    0x08006a4e   0x00000002   PAD
    0x08006a50   0x00000010   Code   RO         1582    i.USB_LP_CAN1_RX0_IRQHandler  stm32f1xx_it.o
    0x08006a60   0x0000000a   Code   RO         2073    i.USB_ReadInterrupts  stm32f1xx_ll_usb.o
    0x08006a6a   0x00000028   Code   RO         2074    i.USB_ReadPMA       stm32f1xx_ll_usb.o
    0x08006a92   0x00000006   Code   RO         2076    i.USB_SetCurrentMode  stm32f1xx_ll_usb.o
    0x08006a98   0x0000000e   Code   RO         2077    i.USB_SetDevAddress  stm32f1xx_ll_usb.o
    0x08006aa6   0x00000042   Code   RO         2079    i.USB_WritePMA      stm32f1xx_ll_usb.o
    0x08006ae8   0x0000005c   Code   RO          752    i.Update_NRF24l01_Freq  nrf24l01.o
    0x08006b44   0x00000068   Code   RO          753    i.Update_NRF24l01_Rx_Addr  nrf24l01.o
    0x08006bac   0x00000068   Code   RO          754    i.Update_NRF24l01_Tx_Addr  nrf24l01.o
    0x08006c14   0x00000004   Code   RO         1583    i.UsageFault_Handler  stm32f1xx_it.o
    0x08006c18   0x00000014   Code   RO          576    i.ZKHD_Link_GCS_To_FMU_Handle  zkhd_link.o
    0x08006c2c   0x00000014   Code   RO          577    i.ZKHD_Link_GCS_To_Remote_Handle  zkhd_link.o
    0x08006c40   0x0000002e   Code   RO          578    i.ZKHD_Link_Handle  zkhd_link.o
    0x08006c6e   0x00000076   Code   RO          579    i.ZKHD_Link_MakeFrame  zkhd_link.o
    0x08006ce4   0x00000004   Code   RO          892    i._Error_Handler    main.o
    0x08006ce8   0x0000000e   Code   RO         5699    i.__scatterload_copy  mc_w.l(handlers.o)
    0x08006cf6   0x00000002   Code   RO         5700    i.__scatterload_null  mc_w.l(handlers.o)
    0x08006cf8   0x0000000e   Code   RO         5701    i.__scatterload_zeroinit  mc_w.l(handlers.o)
    0x08006d06   0x00000002   PAD
    0x08006d08   0x0000004c   Code   RO            4    i.beep_state_updata  beep.o
    0x08006d54   0x00000056   Code   RO          865    i.deQueue           queue.o
    0x08006daa   0x00000054   Code   RO          866    i.enQueue           queue.o
    0x08006dfe   0x00000002   PAD
    0x08006e00   0x00000044   Code   RO          626    i.gcs_ReceiveHandle  gcs.o
    0x08006e44   0x000000d8   Code   RO          149    i.get_ADC_value     control.o
    0x08006f1c   0x00000018   Code   RO          287    i.is_sw2_pressed    key.o
    0x08006f34   0x000000e0   Code   RO          319    i.led_state_updata  led.o
    0x08007014   0x000000b8   Code   RO          893    i.main              main.o
    0x080070cc   0x00000014   Code   RO          527    i.ppm_delay         ppm.o
    0x080070e0   0x0000006c   Code   RO          528    i.ppm_init          ppm.o
    0x0800714c   0x00000104   Code   RO          530    i.ppm_output_ZKHD   ppm.o
    0x08007250   0x00000080   Code   RO          627    i.update_gcs_HardwareInfo  gcs.o
    0x080072d0   0x00000024   Code   RO          628    i.update_info_to_gcs  gcs.o
    0x080072f4   0x00000006   Data   RO          151    .constdata          control.o
    0x080072fa   0x00000018   Data   RO         1736    .constdata          system_stm32f1xx_1.o
    0x08007312   0x00000002   PAD
    0x08007314   0x00000020   Data   RO         5697    Region$$Table       anon$$obj.o


    Execution Region RW_IRAM1 (Base: 0x20000000, Size: 0x00001fd8, Max: 0x00005000, ABSOLUTE, COMPRESSED[0x000000d8])

    Base Addr    Size         Type   Attr      Idx    E Section Name        Object

    0x20000000   0x00000002   Data   RW            5    .data               beep.o
    0x20000002   0x00000002   PAD
    0x20000004   0x00000024   Data   RW          152    .data               control.o
    0x20000028   0x00000006   Data   RW          288    .data               key.o
    0x2000002e   0x00000006   Data   RW          320    .data               led.o
    0x20000034   0x00000004   PAD
    0x20000038   0x0000001e   Data   RW          532    .data               ppm.o
    0x20000056   0x00000002   PAD
    0x20000058   0x00000010   Data   RW          682    .data               communication.o
    0x20000068   0x00000001   Data   RW         1104    .data               tim.o
    0x20000069   0x00000003   PAD
    0x2000006c   0x00000034   Data   RW         1456    .data               usbd_desc.o
    0x200000a0   0x00000010   Data   RW         1521    .data               usbd_cdc_if.o
    0x200000b0   0x00000014   Data   RW         1585    .data               stm32f1xx_it.o
    0x200000c4   0x00000004   Data   RW         1737    .data               system_stm32f1xx_1.o
    0x200000c8   0x00000004   Data   RW         4092    .data               stm32f1xx_hal.o
    0x200000cc   0x00000001   Data   RW         5132    .data               usbd_ctlreq.o
    0x200000cd   0x00000003   PAD
    0x200000d0   0x00000110   Data   RW         5288    .data               usbd_cdc.o
    0x200001e0   0x00000052   Zero   RW          150    .bss                control.o
    0x20000232   0x000000e4   Zero   RW          465    .bss                flash_gzj.o
    0x20000316   0x0000014c   Zero   RW          629    .bss                gcs.o
    0x20000462   0x00000002   PAD
    0x20000464   0x000002cc   Zero   RW          681    .bss                communication.o
    0x20000730   0x00000028   Zero   RW          755    .bss                nrf24l01.o
    0x20000758   0x00000030   Zero   RW         1017    .bss                adc.o
    0x20000788   0x00000058   Zero   RW         1059    .bss                spi_1.o
    0x200007e0   0x00000080   Zero   RW         1103    .bss                tim.o
    0x20000860   0x00000080   Zero   RW         1158    .bss                usart.o
    0x200008e0   0x00000224   Zero   RW         1208    .bss                usb_device.o
    0x20000b04   0x00000680   Zero   RW         1272    .bss                usbd_conf.o
    0x20001184   0x00000200   Zero   RW         1455    .bss                usbd_desc.o
    0x20001384   0x000007d0   Zero   RW         1520    .bss                usbd_cdc_if.o
    0x20001b54   0x00000064   Zero   RW         1584    .bss                stm32f1xx_it.o
    0x20001bb8   0x00000020   Zero   RW         4778    .bss                stm32f1xx_hal_flash.o
    0x20001bd8   0x00000400   Zero   RW         4970    STACK               startup_stm32f103xb.o


==============================================================================

Image component sizes


      Code (inc. data)   RO Data    RW Data    ZI Data      Debug   Object Name

       364         42          0          0         48       1797   adc.o
        76         14          0          2          0     470169   beep.o
       324         40          0         16        716       3478   communication.o
      2680        164          6         36         82      18299   control.o
         0          0          0          0          0       1671   ctrl_flash.o
       112          4          0          0          0       1174   flash.o
       312         18          0          0        228       4251   flash_gzj.o
       232         24          0          0        332       3035   gcs.o
       272         18          0          0          0       1023   gpio.o
       296         38          0          6          0       1493   key.o
       224         32          0          6          0        970   led.o
       364         44          0          0          0       2249   main.o
      1224        108          0          0         40      11780   nrf24l01.o
       388         42          0         30          0       2987   ppm.o
       170          0          0          0          0       1628   queue.o
       188         38          0          0         88       1657   spi_1.o
        36          8        236          0       1024        756   startup_stm32f103xb.o
       138         20          0          4          0       3819   stm32f1xx_hal.o
      1634         62          0          0          0       7207   stm32f1xx_hal_adc.o
       348         22          0          0          0      28057   stm32f1xx_hal_cortex.o
       176          4          0          0          0       1131   stm32f1xx_hal_dma.o
       516         50          0          0         32       4314   stm32f1xx_hal_flash.o
       256         26          0          0          0       2639   stm32f1xx_hal_flash_ex.o
       832         32          0          0          0       3988   stm32f1xx_hal_gpio.o
       176         10          0          0          0        926   stm32f1xx_hal_msp.o
      2448          0          0          0          0      10237   stm32f1xx_hal_pcd.o
        62          0          0          0          0       1214   stm32f1xx_hal_pcd_ex.o
      1776        110          0          0          0       6108   stm32f1xx_hal_rcc.o
       592         48          0          0          0       2473   stm32f1xx_hal_rcc_ex.o
       752          0          0          0          0       3594   stm32f1xx_hal_spi_1.o
       134          0          0          0          0       1103   stm32f1xx_hal_spi_ex.o
      1048         14          0          0          0       9335   stm32f1xx_hal_tim.o
       102          0          0          0          0       2338   stm32f1xx_hal_tim_ex.o
      1374         12          0          0          0       8433   stm32f1xx_hal_uart.o
       444         50          0         20        100       7983   stm32f1xx_it.o
      2838          0          0          0          0      13895   stm32f1xx_ll_usb.o
        88         18         24          4          0       1223   system_stm32f1xx_1.o
       372         64          0          1        128       2985   tim.o
       368         72          0          0        128       2335   usart.o
        52         16          0          0        548        736   usb_device.o
       728         30          0        272          0      13118   usbd_cdc.o
       200         24          0         16       2000       3564   usbd_cdc_if.o
      1120         52          0          0       1664      14465   usbd_conf.o
       748          0          0          0          0      10095   usbd_core.o
      1584         30          0          1          0      10736   usbd_ctlreq.o
       304        128          0         52        512       5367   usbd_desc.o
       174          0          0          0          0       4684   usbd_ioreq.o
       204          0          0          0          0       3408   zkhd_link.o

    ----------------------------------------------------------------------
     28886       1528        300        480       7672     719927   Object Totals
         0          0         32          0          0          0   (incl. Generated)
        36          0          2         14          2          0   (incl. Padding)

    ----------------------------------------------------------------------

      Code (inc. data)   RO Data    RW Data    ZI Data      Debug   Library Member Name

        86          0          0          0          0          0   __dczerorl2.o
         0          0          0          0          0          0   entry.o
         0          0          0          0          0          0   entry10a.o
         0          0          0          0          0          0   entry11a.o
         8          4          0          0          0          0   entry2.o
         4          0          0          0          0          0   entry5.o
         0          0          0          0          0          0   entry7b.o
         0          0          0          0          0          0   entry8b.o
         8          4          0          0          0          0   entry9a.o
        30          0          0          0          0          0   handlers.o
        36          8          0          0          0         68   init.o
        32          0          0          0          0         68   llushr.o
        26          0          0          0          0         80   memcmp.o
        36          0          0          0          0         68   memcpya.o
        36          0          0          0          0        108   memseta.o

    ----------------------------------------------------------------------
       306         16          0          0          0        392   Library Totals
         4          0          0          0          0          0   (incl. Padding)

    ----------------------------------------------------------------------

      Code (inc. data)   RO Data    RW Data    ZI Data      Debug   Library Name

       302         16          0          0          0        392   mc_w.l

    ----------------------------------------------------------------------
       306         16          0          0          0        392   Library Totals

    ----------------------------------------------------------------------

==============================================================================


      Code (inc. data)   RO Data    RW Data    ZI Data      Debug   

     29192       1544        300        480       7672     706823   Grand Totals
     29192       1544        300        216       7672     706823   ELF Image Totals (compressed)
     29192       1544        300        216          0          0   ROM Totals

==============================================================================

    Total RO  Size (Code + RO Data)                29492 (  28.80kB)
    Total RW  Size (RW Data + ZI Data)              8152 (   7.96kB)
    Total ROM Size (Code + RO Data + RW Data)      29708 (  29.01kB)

==============================================================================

