<html>
<body>
<pre>
<h1>µVision Build Log</h1>
<h2>Tool Versions:</h2>
IDE-Version: ¦ÌVision V5.23.0.0
Copyright (C) 2017 ARM Ltd and ARM Germany GmbH. All rights reserved.
License Information: 11 HP Inc., HP Inc., LIC=SDASB-29BLQ-LPHZV-P93B5-9ZMPT-76W3F
 
Tool Versions:
Toolchain:       MDK-ARM Plus  Version: 5.23
Toolchain Path:  D:\software2\MDK\ARM\ARMCC\Bin
C Compiler:      Armcc.exe V5.06 update 4 (build 422)
Assembler:       Armasm.exe V5.06 update 4 (build 422)
Linker/Locator:  ArmLink.exe V5.06 update 4 (build 422)
Library Manager: ArmAr.exe V5.06 update 4 (build 422)
Hex Converter:   FromElf.exe V5.06 update 4 (build 422)
CPU DLL:         SARMCM3.DLL V5.23
Dialog DLL:      DCM.DLL V1.15.0.0
Target DLL:      Segger\JL2CM3.dll V2.99.23.0
Dialog DLL:      TCM.DLL V1.27.0.0
 
<h2>Project:</h2>
C:\Users\ÑÕ×Óéª\Desktop\½Ì²Ä\¸½¼þÄ¿Â¼\2.Ô´Âë\2.Ò£¿ØÆ÷Ô´Âë\MDK-ARM\F150-Remote-V1.1.uvprojx
Project File Date:  10/31/2018

<h2>Output:</h2>
*** Using Compiler 'V5.06 update 4 (build 422)', folder: 'D:\software2\MDK\ARM\ARMCC\Bin'
Build target 'F150-Remote-V1.1'
compiling control.c...
compiling led.c...
compiling gcs.c...
compiling communication.c...
compiling main.c...
compiling stm32f1xx_it.c...
../Src/stm32f1xx_it.c(304): warning:  #1182-D: a declaration cannot have a label
                  int sum = 0;
../Src/stm32f1xx_it.c: 1 warning, 0 errors
linking...
Program Size: Code=29192 RO-data=300 RW-data=480 ZI-data=7672  
FromELF: creating hex file...
"F150-Remote-V1.1\F150-Remote-V1.1" - 0 Error(s), 1 Warning(s).

<h2>Software Packages used:</h2>

Package Vendor: ARM
                http://www.keil.com/pack/ARM.CMSIS.5.0.1.pack
                ARM::CMSIS:CORE:5.0.1
                CMSIS (Cortex Microcontroller Software Interface Standard)
   * Component: CORE Version: 5.0.1

<h2>Collection of Component include folders:</h2>
  .\RTE\_F150-Remote-V1.1
  D:\software2\MDK\ARM\CMSIS\5.0.1\CMSIS\Include
  D:\software2\MDK\Keil\STM32F1xx_DFP\2.2.0\Device\Include

<h2>Collection of Component Files used:</h2>

   * Component: ARM::CMSIS:CORE:5.0.1
Build Time Elapsed:  00:00:08
</pre>
</body>
</html>
