###############################################################################
#
# IAR C/C++ Compiler V7.12.1.987/W32 for MSP430           26/Sep/2018  16:44:43
# Copyright 1996-2018 IAR Systems AB.
# PC-locked license - IAR Embedded Workbench for Texas Instruments MSP430
#
#    __rt_version  =  3
#    __double_size =  32
#    __reg_r4      =  free
#    __reg_r5      =  free
#    __pic         =  no
#    __core        =  430X
#    __data_model  =  large
#    __code_model  =  large
#    Source file   =  
#        C:\Users\颜子楠\Desktop\教材\附件目录\2.源码\1.飞控源码 -
#        副本\Drivers\src\msp430f5529_remap.c
#    Command line  =  
#        -f C:\Users\颜子楠\AppData\Local\Temp\EW5850.tmp
#        ("C:\Users\颜子楠\Desktop\教材\附件目录\2.源码\1.飞控源码 -
#        副本\Drivers\src\msp430f5529_remap.c" -D NDEBUG -D RAM_VECTOR -lC
#        "C:\Users\颜子楠\Desktop\教材\附件目录\2.源码\1.飞控源码 -
#        副本\Release\List" -lA
#        "C:\Users\颜子楠\Desktop\教材\附件目录\2.源码\1.飞控源码 -
#        副本\Release\List" -o
#        "C:\Users\颜子楠\Desktop\教材\附件目录\2.源码\1.飞控源码 -
#        副本\Release\Obj" -D__MSP430F5529__ -e --double=32 --dlib_config
#        D:\IAR\430\lib\dlib\dl430xllfn.h -I
#        "C:\Users\颜子楠\Desktop\教材\附件目录\2.源码\1.飞控源码 - 副本\" -I
#        "C:\Users\颜子楠\Desktop\教材\附件目录\2.源码\1.飞控源码 -
#        副本\Drivers\inc\" -I
#        "C:\Users\颜子楠\Desktop\教材\附件目录\2.源码\1.飞控源码 -
#        副本\Drivers\src\" -I
#        "C:\Users\颜子楠\Desktop\教材\附件目录\2.源码\1.飞控源码 -
#        副本\Drivers\src\USB\" -I
#        "C:\Users\颜子楠\Desktop\教材\附件目录\2.源码\1.飞控源码 -
#        副本\Drivers\src\USB\USB_config\" -I
#        "C:\Users\颜子楠\Desktop\教材\附件目录\2.源码\1.飞控源码 -
#        副本\Drivers\src\USB\USB_User\" -I
#        "C:\Users\颜子楠\Desktop\教材\附件目录\2.源码\1.飞控源码 -
#        副本\Drivers\srcUSB\USB_API\USB_CDC_API\" -I
#        "C:\Users\颜子楠\Desktop\教材\附件目录\2.源码\1.飞控源码 -
#        副本\Drivers\src\USB\USB_API\USB_HID_API\" -I
#        "C:\Users\颜子楠\Desktop\教材\附件目录\2.源码\1.飞控源码 -
#        副本\Drivers\src\USB\USB_API\USB_MSC_API\" -I
#        "C:\Users\颜子楠\Desktop\教材\附件目录\2.源码\1.飞控源码 -
#        副本\HardWare\KEY\" -I
#        "C:\Users\颜子楠\Desktop\教材\附件目录\2.源码\1.飞控源码 -
#        副本\HardWare\LED\" -I
#        "C:\Users\颜子楠\Desktop\教材\附件目录\2.源码\1.飞控源码 -
#        副本\HardWare\12864\" -I
#        "C:\Users\颜子楠\Desktop\教材\附件目录\2.源码\1.飞控源码 -
#        副本\HardWare\oled\" -I
#        "C:\Users\颜子楠\Desktop\教材\附件目录\2.源码\1.飞控源码 -
#        副本\HardWare\mpu6050\inc\" -I
#        "C:\Users\颜子楠\Desktop\教材\附件目录\2.源码\1.飞控源码 -
#        副本\HardWare\mpu6050\src\" -I
#        "C:\Users\颜子楠\Desktop\教材\附件目录\2.源码\1.飞控源码 -
#        副本\HardWare\nokia5110\inc\" -I
#        "C:\Users\颜子楠\Desktop\教材\附件目录\2.源码\1.飞控源码 -
#        副本\HardWare\nokia5110\src\" -I
#        "C:\Users\颜子楠\Desktop\教材\附件目录\2.源码\1.飞控源码 -
#        副本\HardWare\LQ_1.8_TFT\" -I
#        "C:\Users\颜子楠\Desktop\教材\附件目录\2.源码\1.飞控源码 -
#        副本\HardWare\LCD_API\" -I
#        "C:\Users\颜子楠\Desktop\教材\附件目录\2.源码\1.飞控源码 -
#        副本\HardWare\2.2TFT\" -I
#        "C:\Users\颜子楠\Desktop\教材\附件目录\2.源码\1.飞控源码 -
#        副本\HardWare\delay\" -I
#        "C:\Users\颜子楠\Desktop\教材\附件目录\2.源码\1.飞控源码 -
#        副本\System\" -I
#        "C:\Users\颜子楠\Desktop\教材\附件目录\2.源码\1.飞控源码 -
#        副本\System\inc\" -I
#        "C:\Users\颜子楠\Desktop\教材\附件目录\2.源码\1.飞控源码 -
#        副本\System\src\" -I
#        "C:\Users\颜子楠\Desktop\教材\附件目录\2.源码\1.飞控源码 - 副本\User\"
#        -I "C:\Users\颜子楠\Desktop\教材\附件目录\2.源码\1.飞控源码 -
#        副本\User\USER\" -I
#        "C:\Users\颜子楠\Desktop\教材\附件目录\2.源码\1.飞控源码 -
#        副本\Lib\UCOSII\CONFIG\" -I
#        "C:\Users\颜子楠\Desktop\教材\附件目录\2.源码\1.飞控源码 -
#        副本\Lib\uCOSII\App\" -I
#        "C:\Users\颜子楠\Desktop\教材\附件目录\2.源码\1.飞控源码 -
#        副本\Lib\uCOSII\CONFIHG\" -I
#        "C:\Users\颜子楠\Desktop\教材\附件目录\2.源码\1.飞控源码 -
#        副本\Lib\uCOSII\PORT\" -I
#        "C:\Users\颜子楠\Desktop\教材\附件目录\2.源码\1.飞控源码 -
#        副本\Lib\UCOSII\CORE\" -I
#        "C:\Users\颜子楠\Desktop\教材\附件目录\2.源码\1.飞控源码 -
#        副本\Lib\FatFs\" -I
#        "C:\Users\颜子楠\Desktop\教材\附件目录\2.源码\1.飞控源码 -
#        副本\Lib\FatFs\option\" -I
#        "C:\Users\颜子楠\Desktop\教材\附件目录\2.源码\1.飞控源码 - 副本\src\"
#        -I "C:\Users\颜子楠\Desktop\教材\附件目录\2.源码\1.飞控源码 -
#        副本\HardWare\" -I
#        "C:\Users\颜子楠\Desktop\教材\附件目录\2.源码\1.飞控源码 -
#        副本\HardWare\nrf24l01\" -I
#        "C:\Users\颜子楠\Desktop\教材\附件目录\2.源码\1.飞控源码 - 副本\MATH\"
#        --core=430X --data_model=large -Oh --multiplier=32
#        --hw_workaround=CPU40 --hw_workaround=nop_after_lpm -DNDEBUG
#        --code_model=large)
#    Locale        =  Chinese (Simplified)_CHN.936
#    List file     =  
#        C:\Users\颜子楠\Desktop\教材\附件目录\2.源码\1.飞控源码 -
#        副本\Release\List\msp430f5529_remap.lst
#    Object file   =  
#        C:\Users\颜子楠\Desktop\教材\附件目录\2.源码\1.飞控源码 -
#        副本\Release\Obj\msp430f5529_remap.r43
#
###############################################################################

C:\Users\颜子楠\Desktop\教材\附件目录\2.源码\1.飞控源码 - 副本\Drivers\src\msp430f5529_remap.c
      1          #include "msp430f5529_remap.h"
      2          
      3          /*******************************************************************************
      4          *  函数名称：GPIO_PinRemapConfig(PORTn portn,uint8_t pin,GPIO_Remap remap)
      5          *  功能说明：GPIO重映射，可以使任一GPIO口（目前只有P4端口（P4.0-P4.7）支持）
      6                       实现可供选择的任一复用功能（参见.h文件的枚举选项）
      7          *  注意    ：某些功能还是需要设置硬件输入输出方向及第二功能
      8          *  参数说明：PORTn portn        :GPIO重映射端口
      9                       uint8_t pin          :GPIO重映射引脚
     10                       GPIO_Remap remap   :GOIO重映射功能
     11          *  函数返回：无
     12          *  使用示例：GPIO_PinRemapConfig(P4,7,GPIO_Remap_MCLK)； //P4.7重映射为MCLK主时钟输出
     13          ********************************************************************************/
     14          void  GPIO_PinRemapConfig(PORTn portn,uint8_t pin,GPIO_Remap remap)
     15          {
     16          #ifdef  GPIO_PORT_SIZE_WORD
     17            ASSERT(((portn == (PORTB)) && (pin>=8))||((portn == (PORT4)) && (pin<=7)),
     18                   "GPIO_PinRemapConfig",
     19                   "portn,pin参数不合理！");              //断言检测输入参数
     20            if(portn == PORTB)pin = pin - 8;
     21          #else
     22            ASSERT(portn == PORT4,"GPIO_PinRemapConfig","portn参数不合理！");                             //断言检测输入参数
                                         ^
Error[Pe055]: too many arguments in invocation of macro "ASSERT"
     23          #endif 
     24            PMAPPWD = PMAPKEY;                                            //访问钥匙
     25            *(&P4MAP0 + pin) = remap;                                     //端口重映射配置 
     26            PMAPCTL |= PMAPRECFG;                                         //允许重新配置的端口映射
     27            
     28            if(((remap>=GPIO_Remap_TB0CCR0A) && (remap<=GPIO_Remap_TB0CCR6A)) 
     29                || (remap==GPIO_Remap_MCLK))      //如果是这些复用功能则需要设为输出方向，也可能不是，其他的也不一定不需要设为输出方向
     30            {
     31              GPIO_Init(PORT4,pin,GPO | SEL);
     32            }
     33            else
     34            {
     35              GPIO_Init(PORT4,pin,SEL);
     36            }
     37            PMAPPWD = 0;                                                 //禁止访问
     38          }
     39          

Errors: 1
Warnings: none
