################################################################################
#                                                                              #
#      IAR Universal Linker V6.5.1.95                                          #
#                                                                              #
#           Link time     =  01/Nov/2018  12:58:41                             #
#           Target CPU    =  MSP430                                            #
#           List file     =  C:\Users\ÑÕ×Óéª\Desktop\½Ì²Ä\¸½¼þÄ¿Â¼\2.Ô´Âë\1.·É #
#                            ¿ØÔ´Âë\Release\List\MSP430_F150.map               #
#           Output file 1 =  C:\Users\ÑÕ×Óéª\Desktop\½Ì²Ä\¸½¼þÄ¿Â¼\2.Ô´Âë\1.·É #
#                            ¿ØÔ´Âë\Release\Exe\MSP430_F150.d43                #
#                            Format: ubrof10                                   #
#                            UBROF version 10.0.6                              #
#                            Using library modules for C-SPY (-rt)             #
#           Command line  =  -f                                                #
#                            C:\Users\ÑÕ×Óéª\AppData\Local\Temp\EWBE38.tmp     #
#                            (C:\Users\ÑÕ×Óéª\Desktop\½Ì²Ä\¸½¼þÄ¿Â¼\2.Ô´Âë\1.· #
#                            É¿ØÔ´Âë\Release\Obj\assert.r43                    #
#                            C:\Users\ÑÕ×Óéª\Desktop\½Ì²Ä\¸½¼þÄ¿Â¼\2.Ô´Âë\1.·É #
#                            ¿ØÔ´Âë\Release\Obj\communication.r43              #
#                            C:\Users\ÑÕ×Óéª\Desktop\½Ì²Ä\¸½¼þÄ¿Â¼\2.Ô´Âë\1.·É #
#                            ¿ØÔ´Âë\Release\Obj\control.r43                    #
#                            C:\Users\ÑÕ×Óéª\Desktop\½Ì²Ä\¸½¼þÄ¿Â¼\2.Ô´Âë\1.·É #
#                            ¿ØÔ´Âë\Release\Obj\delay.r43                      #
#                            C:\Users\ÑÕ×Óéª\Desktop\½Ì²Ä\¸½¼þÄ¿Â¼\2.Ô´Âë\1.·É #
#                            ¿ØÔ´Âë\Release\Obj\filter.r43                     #
#                            C:\Users\ÑÕ×Óéª\Desktop\½Ì²Ä\¸½¼þÄ¿Â¼\2.Ô´Âë\1.·É #
#                            ¿ØÔ´Âë\Release\Obj\flash.r43                      #
#                            C:\Users\ÑÕ×Óéª\Desktop\½Ì²Ä\¸½¼þÄ¿Â¼\2.Ô´Âë\1.·É #
#                            ¿ØÔ´Âë\Release\Obj\gcs.r43                        #
#                            C:\Users\ÑÕ×Óéª\Desktop\½Ì²Ä\¸½¼þÄ¿Â¼\2.Ô´Âë\1.·É #
#                            ¿ØÔ´Âë\Release\Obj\GY521.r43                      #
#                            C:\Users\ÑÕ×Óéª\Desktop\½Ì²Ä\¸½¼þÄ¿Â¼\2.Ô´Âë\1.·É #
#                            ¿ØÔ´Âë\Release\Obj\HardWare_Init.r43              #
#                            C:\Users\ÑÕ×Óéª\Desktop\½Ì²Ä\¸½¼þÄ¿Â¼\2.Ô´Âë\1.·É #
#                            ¿ØÔ´Âë\Release\Obj\i2c.r43                        #
#                            C:\Users\ÑÕ×Óéª\Desktop\½Ì²Ä\¸½¼þÄ¿Â¼\2.Ô´Âë\1.·É #
#                            ¿ØÔ´Âë\Release\Obj\imu.r43                        #
#                            C:\Users\ÑÕ×Óéª\Desktop\½Ì²Ä\¸½¼þÄ¿Â¼\2.Ô´Âë\1.·É #
#                            ¿ØÔ´Âë\Release\Obj\kalman.r43                     #
#                            C:\Users\ÑÕ×Óéª\Desktop\½Ì²Ä\¸½¼þÄ¿Â¼\2.Ô´Âë\1.·É #
#                            ¿ØÔ´Âë\Release\Obj\LED.r43                        #
#                            C:\Users\ÑÕ×Óéª\Desktop\½Ì²Ä\¸½¼þÄ¿Â¼\2.Ô´Âë\1.·É #
#                            ¿ØÔ´Âë\Release\Obj\main.r43                       #
#                            C:\Users\ÑÕ×Óéª\Desktop\½Ì²Ä\¸½¼þÄ¿Â¼\2.Ô´Âë\1.·É #
#                            ¿ØÔ´Âë\Release\Obj\motor.r43                      #
#                            C:\Users\ÑÕ×Óéª\Desktop\½Ì²Ä\¸½¼þÄ¿Â¼\2.Ô´Âë\1.·É #
#                            ¿ØÔ´Âë\Release\Obj\msp430f5529_adc.r43            #
#                            C:\Users\ÑÕ×Óéª\Desktop\½Ì²Ä\¸½¼þÄ¿Â¼\2.Ô´Âë\1.·É #
#                            ¿ØÔ´Âë\Release\Obj\msp430f5529_clock.r43          #
#                            C:\Users\ÑÕ×Óéª\Desktop\½Ì²Ä\¸½¼þÄ¿Â¼\2.Ô´Âë\1.·É #
#                            ¿ØÔ´Âë\Release\Obj\msp430f5529_compater.r43       #
#                            C:\Users\ÑÕ×Óéª\Desktop\½Ì²Ä\¸½¼þÄ¿Â¼\2.Ô´Âë\1.·É #
#                            ¿ØÔ´Âë\Release\Obj\msp430f5529_dma.r43            #
#                            C:\Users\ÑÕ×Óéª\Desktop\½Ì²Ä\¸½¼þÄ¿Â¼\2.Ô´Âë\1.·É #
#                            ¿ØÔ´Âë\Release\Obj\msp430f5529_flash.r43          #
#                            C:\Users\ÑÕ×Óéª\Desktop\½Ì²Ä\¸½¼þÄ¿Â¼\2.Ô´Âë\1.·É #
#                            ¿ØÔ´Âë\Release\Obj\msp430f5529_gpio.r43           #
#                            C:\Users\ÑÕ×Óéª\Desktop\½Ì²Ä\¸½¼þÄ¿Â¼\2.Ô´Âë\1.·É #
#                            ¿ØÔ´Âë\Release\Obj\msp430f5529_i2c.r43            #
#                            C:\Users\ÑÕ×Óéª\Desktop\½Ì²Ä\¸½¼þÄ¿Â¼\2.Ô´Âë\1.·É #
#                            ¿ØÔ´Âë\Release\Obj\msp430f5529_it.r43             #
#                            C:\Users\ÑÕ×Óéª\Desktop\½Ì²Ä\¸½¼þÄ¿Â¼\2.Ô´Âë\1.·É #
#                            ¿ØÔ´Âë\Release\Obj\msp430f5529_lpm.r43            #
#                            C:\Users\ÑÕ×Óéª\Desktop\½Ì²Ä\¸½¼þÄ¿Â¼\2.Ô´Âë\1.·É #
#                            ¿ØÔ´Âë\Release\Obj\msp430f5529_nmi.r43            #
#                            C:\Users\ÑÕ×Óéª\Desktop\½Ì²Ä\¸½¼þÄ¿Â¼\2.Ô´Âë\1.·É #
#                            ¿ØÔ´Âë\Release\Obj\msp430f5529_remap.r43          #
#                            C:\Users\ÑÕ×Óéª\Desktop\½Ì²Ä\¸½¼þÄ¿Â¼\2.Ô´Âë\1.·É #
#                            ¿ØÔ´Âë\Release\Obj\msp430f5529_rtc.r43            #
#                            C:\Users\ÑÕ×Óéª\Desktop\½Ì²Ä\¸½¼þÄ¿Â¼\2.Ô´Âë\1.·É #
#                            ¿ØÔ´Âë\Release\Obj\msp430f5529_spi.r43            #
#                            C:\Users\ÑÕ×Óéª\Desktop\½Ì²Ä\¸½¼þÄ¿Â¼\2.Ô´Âë\1.·É #
#                            ¿ØÔ´Âë\Release\Obj\msp430f5529_timer.r43          #
#                            C:\Users\ÑÕ×Óéª\Desktop\½Ì²Ä\¸½¼þÄ¿Â¼\2.Ô´Âë\1.·É #
#                            ¿ØÔ´Âë\Release\Obj\msp430f5529_uart.r43           #
#                            C:\Users\ÑÕ×Óéª\Desktop\½Ì²Ä\¸½¼þÄ¿Â¼\2.Ô´Âë\1.·É #
#                            ¿ØÔ´Âë\Release\Obj\msp430f5529_vectors.r43        #
#                            C:\Users\ÑÕ×Óéª\Desktop\½Ì²Ä\¸½¼þÄ¿Â¼\2.Ô´Âë\1.·É #
#                            ¿ØÔ´Âë\Release\Obj\msp430f5529_watchdog.r43       #
#                            C:\Users\ÑÕ×Óéª\Desktop\½Ì²Ä\¸½¼þÄ¿Â¼\2.Ô´Âë\1.·É #
#                            ¿ØÔ´Âë\Release\Obj\myMath.r43                     #
#                            C:\Users\ÑÕ×Óéª\Desktop\½Ì²Ä\¸½¼þÄ¿Â¼\2.Ô´Âë\1.·É #
#                            ¿ØÔ´Âë\Release\Obj\nrf2401.r43                    #
#                            C:\Users\ÑÕ×Óéª\Desktop\½Ì²Ä\¸½¼þÄ¿Â¼\2.Ô´Âë\1.·É #
#                            ¿ØÔ´Âë\Release\Obj\pid.r43                        #
#                            C:\Users\ÑÕ×Óéª\Desktop\½Ì²Ä\¸½¼þÄ¿Â¼\2.Ô´Âë\1.·É #
#                            ¿ØÔ´Âë\Release\Obj\queue.r43                      #
#                            C:\Users\ÑÕ×Óéª\Desktop\½Ì²Ä\¸½¼þÄ¿Â¼\2.Ô´Âë\1.·É #
#                            ¿ØÔ´Âë\Release\Obj\remote.r43                     #
#                            C:\Users\ÑÕ×Óéª\Desktop\½Ì²Ä\¸½¼þÄ¿Â¼\2.Ô´Âë\1.·É #
#                            ¿ØÔ´Âë\Release\Obj\SPL06.r43                      #
#                            C:\Users\ÑÕ×Óéª\Desktop\½Ì²Ä\¸½¼þÄ¿Â¼\2.Ô´Âë\1.·É #
#                            ¿ØÔ´Âë\Release\Obj\startup_msp430f5529.r43        #
#                            C:\Users\ÑÕ×Óéª\Desktop\½Ì²Ä\¸½¼þÄ¿Â¼\2.Ô´Âë\1.·É #
#                            ¿ØÔ´Âë\Release\Obj\timer.r43                      #
#                            C:\Users\ÑÕ×Óéª\Desktop\½Ì²Ä\¸½¼þÄ¿Â¼\2.Ô´Âë\1.·É #
#                            ¿ØÔ´Âë\Release\Obj\UART.r43                       #
#                            C:\Users\ÑÕ×Óéª\Desktop\½Ì²Ä\¸½¼þÄ¿Â¼\2.Ô´Âë\1.·É #
#                            ¿ØÔ´Âë\Release\Obj\ZKHD_Link.r43                  #
#                            -o                                                #
#                            C:\Users\ÑÕ×Óéª\Desktop\½Ì²Ä\¸½¼þÄ¿Â¼\2.Ô´Âë\1.·É #
#                            ¿ØÔ´Âë\Release\Exe\MSP430_F150.d43                #
#                            -l                                                #
#                            C:\Users\ÑÕ×Óéª\Desktop\½Ì²Ä\¸½¼þÄ¿Â¼\2.Ô´Âë\1.·É #
#                            ¿ØÔ´Âë\Release\List\MSP430_F150.map               #
#                            -xms -ID:\IAR\430\LIB\ -f                         #
#                            D:\IAR\430\config\linker\lnk430f5529.xcl          #
#                            (-cmsp430 -D?CPU30_OFFSET=2 -QCODE_I=CODE_ID      #
#                            -QTLS16_I=TLS16_ID -D__iar_HWMUL=4C0              #
#                            -Z(CONST)INFO=1800-19FF                           #
#                            -Z(CONST)INFOA=1980-19FF                          #
#                            -Z(CONST)INFOB=1900-197F                          #
#                            -Z(CONST)INFOC=1880-18FF                          #
#                            -Z(CONST)INFOD=1800-187F                          #
#                            -Z(DATA)USBRAM=1C00-23FF                          #
#                            -Z(DATA)DATA16_I,DATA16_Z,DATA16_N,TLS16_I=2400-4 #
#                            3FF                                               #
#                            -Z(DATA)DATA16_HEAP+_DATA16_HEAP_SIZE             #
#                            -Z(DATA)CODE_I                                    #
#                            -Z(DATA)DATA20_I,DATA20_Z,DATA20_N,DATA20_HEAP+_D #
#                            ATA20_HEAP_SIZE                                   #
#                            -Z(DATA)CSTACK+_STACK_SIZE#                       #
#                            -Z(CONST)DATA16_C,DATA16_ID,TLS16_ID,DIFUNCT,CHEC #
#                            KSUM=4400-FF7F                                    #
#                            -Z(CODE)CSTART,ISR_CODE,CODE16=4400-FF7F          #
#                            -P(CODE)CODE=4400-FF7F,10000-243FF                #
#                            -Z(CONST)DATA20_C,DATA20_ID,CODE_ID=4400-FF7F,100 #
#                            40-243FF                                          #
#                            -Z(CODE)INTVEC=FF80-FFFF                          #
#                            -Z(CODE)RESET=FFFE-FFFF) -f                       #
#                            D:\IAR\430\config\linker\multiplier32.xcl         #
#                            (-e?Mul8Hw=?Mul8 -e?Mul16Hw=?Mul16                #
#                            -e?Mul16to32uHw=?Mul16to32u                       #
#                            -e?Mul16to32sHw=?Mul16to32s -e?Mul32Hw32=?Mul32   #
#                            -e?Mul64Hw32=_Mul64i                              #
#                            -e?Mul32u32uto64iHw32=_Mul32u32uto64i             #
#                            -e?Mul32fHw32=_Mul32f                             #
#                            -e_Mul64fHw32Ptr=_Mul64fPtr) -D_STACK_SIZE=A0     #
#                            -rt D:\IAR\430\lib\dlib\dl430xllfn.r43            #
#                            -D_DATA16_HEAP_SIZE=A0 -s __program_start         #
#                            -e__write_buffered=__write                        #
#                            -D_DATA20_HEAP_SIZE=50)                           #
#                                                                              #
#                           Copyright (C) 1987-2016 IAR Systems AB.            #
################################################################################





                ****************************************
                *                                      *
                *           CROSS REFERENCE            *
                *                                      *
                ****************************************

       Program entry at :           4400  Relocatable, from module : ?cstart




                ****************************************
                *                                      *
                *            RUNTIME MODEL             *
                *                                      *
                ****************************************

  __Heap_Handler             = Basic
  __SystemLibrary            = DLib
  __code_model               = large
  __core                     = 430X
  __data_model               = large
  __dlib_file_descriptor     = 0
  __dlib_full_locale_support = 0
  __double_size              = 32
  __pic                      = no
  __reg_r4                   = free
  __reg_r5                   = free
  __rt_version               = 3

                ****************************************
                *                                      *
                *    AUTOMATIC SYMBOL REDIRECTIONS     *
                *                                      *
                ****************************************

       All references to: _Printf
         were redirected to: _PrintfFullNoMb



                ****************************************
                *                                      *
                *              MODULE MAP              *
                *                                      *
                ****************************************


  DEFINED ABSOLUTE ENTRIES
    *************************************************************************

  DEFINED ABSOLUTE ENTRIES
  PROGRAM MODULE, NAME : ?ABS_ENTRY_MOD

Absolute parts
           ENTRY                   ADDRESS         REF BY
           =====                   =======         ======
           _DATA20_HEAP_SIZE       0050 
           _DATA16_HEAP_SIZE       00A0 
           _STACK_SIZE             00A0 
           __iar_HWMUL             04C0            ?Mul32fHw32 (?Mul32fHw32)
                                                   TIMER_PWM_SetChannelDuty (msp430f5529_timer)
           ?CPU30_OFFSET           0002 
    *************************************************************************

  FILE NAME : C:\Users\ÑÕ×Óéª\Desktop\½Ì²Ä\¸½¼þÄ¿Â¼\2.Ô´Âë\1.·É¿ØÔ´Âë\Release\Obj\assert.r43
    *************************************************************************

  FILE NAME : C:\Users\ÑÕ×Óéª\Desktop\½Ì²Ä\¸½¼þÄ¿Â¼\2.Ô´Âë\1.·É¿ØÔ´Âë\Release\Obj\communication.r43
  PROGRAM MODULE, NAME : communication

  SEGMENTS IN THE MODULE
  ======================
DATA20_Z
  Relative segment, address: 250E - 27B5 (0x2a8 bytes), align: 1
  Segment part 3.             Intra module refs:   NRF_Radio_Init
           ENTRY                   ADDRESS         REF BY
           =====                   =======         ======
           NRF_Mannager            250E            Hardware_Init (HardWare_Init)
                                                   NRF24L01_TxPacket (nrf2401)
    -------------------------------------------------------------------------
DATA20_I
  Relative segment, address: 2500 - 2504 (0x5 bytes), align: 0
  Segment part 4.             Intra module refs:   NRF_Radio_Init
           ENTRY                   ADDRESS         REF BY
           =====                   =======         ======
           TX_ADDRESS              2500 
    -------------------------------------------------------------------------
DATA20_I
  Relative segment, address: 2505 - 2509 (0x5 bytes), align: 0
  Segment part 6.             Intra module refs:   NRF_Radio_Init
           ENTRY                   ADDRESS         REF BY
           =====                   =======         ======
           RX_ADDRESS              2505 
    -------------------------------------------------------------------------
<CODE> 1 (was CODE)
  Relative segment, address: 7DC8 - 7E6D (0xa6 bytes), align: 1
  Segment part 9.
           ENTRY                   ADDRESS         REF BY
           =====                   =======         ======
           NRF_Radio_Init          7DC8            Hardware_Init (HardWare_Init)
               calls direct
    -------------------------------------------------------------------------
DATA20_ID
  Relative segment, address: 930C - 9310 (0x5 bytes), align: 0
  Segment part 5.             Intra module refs:   TX_ADDRESS
    -------------------------------------------------------------------------
DATA20_ID
  Relative segment, address: 9311 - 9315 (0x5 bytes), align: 0
  Segment part 7.             Intra module refs:   RX_ADDRESS
    -------------------------------------------------------------------------
DATA20_C
  Relative segment, address: 923E - 9242 (0x5 bytes), align: 0
  Segment part 2.             Intra module refs:   NRF_Radio_Init

    *************************************************************************

  FILE NAME : C:\Users\ÑÕ×Óéª\Desktop\½Ì²Ä\¸½¼þÄ¿Â¼\2.Ô´Âë\1.·É¿ØÔ´Âë\Release\Obj\control.r43
  PROGRAM MODULE, NAME : control

  SEGMENTS IN THE MODULE
  ======================
DATA20_I
  Relative segment, address: 247C - 249B (0x20 bytes), align: 1
  Segment part 2.             Intra module refs:   FlightPidControl
                                                   HeightPidControl
           ENTRY                   ADDRESS         REF BY
           =====                   =======         ======
           pPidObject              247C            gcs_ReceiveHandle (gcs)
    -------------------------------------------------------------------------
<CODE> 1 (was CODE)
  Relative segment, address: 5A82 - 5D19 (0x298 bytes), align: 1
  Segment part 17.
           ENTRY                   ADDRESS         REF BY
           =====                   =======         ======
           HeightPidControl        5A82            TIMER_TB0_A0_IRQ_Handler (timer)
               calls direct
    -------------------------------------------------------------------------
DATA20_I
  Relative segment, address: 250A - 250A (0x1 bytes), align: 0
  Segment part 4.             Intra module refs:   HeightPidControl
           LOCAL                   ADDRESS         
           =====                   =======         
           HeightPidControl::status
                                   250A 
    -------------------------------------------------------------------------
DATA20_Z
  Relative segment, address: 27B6 - 27B7 (0x2 bytes), align: 1
  Segment part 6.             Intra module refs:   HeightPidControl
           LOCAL                   ADDRESS         
           =====                   =======         
           HeightPidControl::acc_offset
                                   27B6 
    -------------------------------------------------------------------------
DATA20_Z
  Relative segment, address: 27B8 - 27BB (0x4 bytes), align: 1
  Segment part 7.             Intra module refs:   HeightPidControl
           LOCAL                   ADDRESS         
           =====                   =======         
           HeightPidControl::high
                                   27B8 
    -------------------------------------------------------------------------
DATA20_Z
  Relative segment, address: 27BC - 27BF (0x4 bytes), align: 1
  Segment part 8.             Intra module refs:   HeightPidControl
           LOCAL                   ADDRESS         
           =====                   =======         
           HeightPidControl::thr_hold
                                   27BC 
    -------------------------------------------------------------------------
DATA20_Z
  Relative segment, address: 27C0 - 27C1 (0x2 bytes), align: 1
  Segment part 9.             Intra module refs:   HeightPidControl
           LOCAL                   ADDRESS         
           =====                   =======         
           HeightPidControl::cnt_take_off
                                   27C0 
    -------------------------------------------------------------------------
DATA20_Z
  Relative segment, address: 27C2 - 27C5 (0x4 bytes), align: 1
  Segment part 10.            Intra module refs:   HeightPidControl
           LOCAL                   ADDRESS         
           =====                   =======         
           HeightPidControl{2}::last_high
                                   27C2 
    -------------------------------------------------------------------------
DATA20_Z
  Relative segment, address: 2A60 - 2A60 (0x1 bytes), align: 0
  Segment part 11.            Intra module refs:   HeightPidControl
           LOCAL                   ADDRESS         
           =====                   =======         
           HeightPidControl{4}{5}{13}::set_high
                                   2A60 
    -------------------------------------------------------------------------
<CODE> 1 (was CODE)
  Relative segment, address: 5D1A - 5ED1 (0x1b8 bytes), align: 1
  Segment part 18.
           ENTRY                   ADDRESS         REF BY
           =====                   =======         ======
           FlightPidControl        5D1A            TIMER_TB0_A0_IRQ_Handler (timer)
               calls direct
    -------------------------------------------------------------------------
DATA20_I
  Relative segment, address: 250B - 250B (0x1 bytes), align: 0
  Segment part 12.            Intra module refs:   FlightPidControl
           LOCAL                   ADDRESS         
           =====                   =======         
           FlightPidControl::status
                                   250B 
    -------------------------------------------------------------------------
DATA20_Z
  Relative segment, address: 27C6 - 27CD (0x8 bytes), align: 1
  Segment part 14.            Intra module refs:   MotorControl
           ENTRY                   ADDRESS         REF BY
           =====                   =======         ======
           motor                   27C6 
    -------------------------------------------------------------------------
<CODE> 1 (was CODE)
  Relative segment, address: 54B2 - 57CF (0x31e bytes), align: 1
  Segment part 19.
           ENTRY                   ADDRESS         REF BY
           =====                   =======         ======
           MotorControl            54B2            TIMER_TB0_A0_IRQ_Handler (timer)
               calls direct
    -------------------------------------------------------------------------
DATA20_I
  Relative segment, address: 250C - 250C (0x1 bytes), align: 0
  Segment part 15.            Intra module refs:   MotorControl
           LOCAL                   ADDRESS         
           =====                   =======         
           MotorControl::status    250C 
    -------------------------------------------------------------------------
DATA20_ID
  Relative segment, address: 9288 - 92A7 (0x20 bytes), align: 1
  Segment part 3.             Intra module refs:   pPidObject
    -------------------------------------------------------------------------
DATA20_ID
  Relative segment, address: 9316 - 9316 (0x1 bytes), align: 0
  Segment part 5.             Intra module refs:   HeightPidControl::status
    -------------------------------------------------------------------------
DATA20_ID
  Relative segment, address: 9317 - 9317 (0x1 bytes), align: 0
  Segment part 13.            Intra module refs:   FlightPidControl::status
    -------------------------------------------------------------------------
DATA20_ID
  Relative segment, address: 9318 - 9318 (0x1 bytes), align: 0
  Segment part 16.            Intra module refs:   MotorControl::status

    *************************************************************************

  FILE NAME : C:\Users\ÑÕ×Óéª\Desktop\½Ì²Ä\¸½¼þÄ¿Â¼\2.Ô´Âë\1.·É¿ØÔ´Âë\Release\Obj\delay.r43
    *************************************************************************

  FILE NAME : C:\Users\ÑÕ×Óéª\Desktop\½Ì²Ä\¸½¼þÄ¿Â¼\2.Ô´Âë\1.·É¿ØÔ´Âë\Release\Obj\filter.r43
    *************************************************************************

  FILE NAME : C:\Users\ÑÕ×Óéª\Desktop\½Ì²Ä\¸½¼þÄ¿Â¼\2.Ô´Âë\1.·É¿ØÔ´Âë\Release\Obj\flash.r43
  PROGRAM MODULE, NAME : flash

  SEGMENTS IN THE MODULE
  ======================
<CODE> 1 (was CODE)
  Relative segment, address: 87F8 - 8845 (0x4e bytes), align: 1
  Segment part 2.
           ENTRY                   ADDRESS         REF BY
           =====                   =======         ======
           Flash_Write             87F8            Update_NRF24l01_Freq (nrf2401)
                                                   Update_NRF24l01_Rx_Addr (nrf2401)
                                                   Update_NRF24l01_Tx_Addr (nrf2401)
               calls direct

    *************************************************************************

  FILE NAME : C:\Users\ÑÕ×Óéª\Desktop\½Ì²Ä\¸½¼þÄ¿Â¼\2.Ô´Âë\1.·É¿ØÔ´Âë\Release\Obj\gcs.r43
  PROGRAM MODULE, NAME : gcs

  SEGMENTS IN THE MODULE
  ======================
DATA20_Z
  Relative segment, address: 27CE - 27EB (0x1e bytes), align: 1
  Segment part 2.             Intra module refs:   gcs_ReceiveHandle
           ENTRY                   ADDRESS         REF BY
           =====                   =======         ======
           UAV_info                27CE            Update_NRF24l01_Rx_Addr (nrf2401)
    -------------------------------------------------------------------------
DATA20_Z
  Relative segment, address: 2A61 - 2A61 (0x1 bytes), align: 0
  Segment part 3.             Intra module refs:   gcs_ReceiveHandle
           ENTRY                   ADDRESS         REF BY
           =====                   =======         ======
           PID_select              2A61 
    -------------------------------------------------------------------------
<CODE> 1 (was CODE)
  Relative segment, address: 7D1C - 7DC7 (0xac bytes), align: 1
  Segment part 6.
           ENTRY                   ADDRESS         REF BY
           =====                   =======         ======
           gcs_ReceiveHandle       7D1C            ZKHD_Link_GCS_To_FMU_Handle (ZKHD_Link)
               calls direct and indirect

    *************************************************************************

  FILE NAME : C:\Users\ÑÕ×Óéª\Desktop\½Ì²Ä\¸½¼þÄ¿Â¼\2.Ô´Âë\1.·É¿ØÔ´Âë\Release\Obj\GY521.r43
  PROGRAM MODULE, NAME : GY521

  SEGMENTS IN THE MODULE
  ======================
DATA16_AN
  Relative segment, address: 0224 - 0225 (0x2 bytes), align: 0
  Segment part 1. ROOT        Intra module refs:   IIC_RecvACK (i2c)
                                                   IIC_RecvByte (i2c)
                                                   IIC_SendACK (i2c)
                                                   IIC_SendByte (i2c)
                                                   IIC_Start (i2c)
                                                   IIC_Stop (i2c)
                                                   Mpu6050_Init
           ENTRY                   ADDRESS         REF BY
           =====                   =======         ======
           _A_PBDIR_L              0224 
           LOCAL                   ADDRESS         
           =====                   =======         
           PBDIR                   0224 
           PBDIR_H                 0225 
           PBDIR_L                 0224 
    -------------------------------------------------------------------------
DATA20_I
  Relative segment, address: 249C - 249F (0x4 bytes), align: 1
  Segment part 6.             Intra module refs:   MpuGetData
                                                   MpuGetOffset
           LOCAL                   ADDRESS         
           =====                   =======         
           pMpu                    249C 
    -------------------------------------------------------------------------
DATA20_Z
  Relative segment, address: 27EC - 27F7 (0xc bytes), align: 1
  Segment part 8.             Intra module refs:   MpuGetData
                                                   MpuGetOffset
           ENTRY                   ADDRESS         REF BY
           =====                   =======         ======
           MpuOffset               27EC 
    -------------------------------------------------------------------------
<CODE> 1 (was CODE)
  Relative segment, address: 7FB6 - 804B (0x96 bytes), align: 1
  Segment part 16.
           ENTRY                   ADDRESS         REF BY
           =====                   =======         ======
           Mpu6050_Init            7FB6            Hardware_Init (HardWare_Init)
               calls direct
    -------------------------------------------------------------------------
<CODE> 1 (was CODE)
  Relative segment, address: 8C50 - 8C83 (0x34 bytes), align: 1
  Segment part 13.            Intra module refs:   MpuGetData
           ENTRY                   ADDRESS         REF BY
           =====                   =======         ======
           Acc_Read                8C50 
               calls direct
    -------------------------------------------------------------------------
<CODE> 1 (was CODE)
  Relative segment, address: 8B38 - 8B6F (0x38 bytes), align: 1
  Segment part 12.            Intra module refs:   MpuGetData
           ENTRY                   ADDRESS         REF BY
           =====                   =======         ======
           Gyro_Read               8B38 
               calls direct
    -------------------------------------------------------------------------
<CODE> 1 (was CODE)
  Relative segment, address: 621C - 63A9 (0x18e bytes), align: 1
  Segment part 14.            Intra module refs:   MpuGetOffset
           ENTRY                   ADDRESS         REF BY
           =====                   =======         ======
           MpuGetData              621C            TIMER_TB0_A0_IRQ_Handler (timer)
               calls direct
    -------------------------------------------------------------------------
DATA20_I
  Relative segment, address: 24A0 - 24E7 (0x48 bytes), align: 1
  Segment part 9.             Intra module refs:   MpuGetData
           LOCAL                   ADDRESS         
           =====                   =======         
           MpuGetData{2}{3}{4}{5}{6}::ekf
                                   24A0 
    -------------------------------------------------------------------------
DATA20_Z
  Relative segment, address: 27F8 - 2803 (0xc bytes), align: 1
  Segment part 11.            Intra module refs:   MpuGetData
           LOCAL                   ADDRESS         
           =====                   =======         
           MpuGetData{2}{3}{7}{8}::tBuff
                                   27F8 
    -------------------------------------------------------------------------
<CODE> 1 (was CODE)
  Relative segment, address: 66B8 - 6833 (0x17c bytes), align: 1
  Segment part 15.            Intra module refs:   Mpu6050_Init
           ENTRY                   ADDRESS         REF BY
           =====                   =======         ======
           MpuGetOffset            66B8 
               calls direct
    -------------------------------------------------------------------------
DATA20_ID
  Relative segment, address: 92A8 - 92AB (0x4 bytes), align: 1
  Segment part 7.             Intra module refs:   pMpu
    -------------------------------------------------------------------------
DATA20_ID
  Relative segment, address: 92AC - 92F3 (0x48 bytes), align: 1
  Segment part 10.            Intra module refs:   MpuGetData{2}{3}{4}{5}{6}::ekf

    *************************************************************************

  FILE NAME : C:\Users\ÑÕ×Óéª\Desktop\½Ì²Ä\¸½¼þÄ¿Â¼\2.Ô´Âë\1.·É¿ØÔ´Âë\Release\Obj\HardWare_Init.r43
  PROGRAM MODULE, NAME : HardWare_Init

  SEGMENTS IN THE MODULE
  ======================
DATA16_AN
  Relative segment, address: 0202 - 0203 (0x2 bytes), align: 0
  Segment part 1. ROOT        Intra module refs:   Hardware_Init
                                                   LED_Init (LED)
                                                   LED_Update (LED)
           ENTRY                   ADDRESS         REF BY
           =====                   =======         ======
           _A_PAOUT_L              0202 
           LOCAL                   ADDRESS         
           =====                   =======         
           PAOUT                   0202 
           PAOUT_H                 0203 
           PAOUT_L                 0202 
    -------------------------------------------------------------------------
DATA16_AN
  Relative segment, address: 0262 - 0263 (0x2 bytes), align: 0
  Segment part 2. ROOT 
           ENTRY                   ADDRESS         REF BY
           =====                   =======         ======
           _A_PDOUT_L              0262 
           LOCAL                   ADDRESS         
           =====                   =======         
           PDOUT                   0262 
           PDOUT_H                 0263 
           PDOUT_L                 0262 
    -------------------------------------------------------------------------
DATA20_Z
  Relative segment, address: 2804 - 280F (0xc bytes), align: 1
  Segment part 5.
           ENTRY                   ADDRESS         REF BY
           =====                   =======         ======
           MPU6050                 2804            FlightPidControl (control)
                                                   GetAngle (imu)
                                                   Segment part 7 (GY521)
                                                   TIMER_TB0_A0_IRQ_Handler (timer)
    -------------------------------------------------------------------------
DATA20_Z
  Relative segment, address: 2810 - 281B (0xc bytes), align: 1
  Segment part 6.
           ENTRY                   ADDRESS         REF BY
           =====                   =======         ======
           Angle                   2810            FlightPidControl (control)
                                                   TIMER_TB0_A0_IRQ_Handler (timer)
    -------------------------------------------------------------------------
DATA20_Z
  Relative segment, address: 281C - 2831 (0x16 bytes), align: 1
  Segment part 7.
           ENTRY                   ADDRESS         REF BY
           =====                   =======         ======
           Remote                  281C            HeightPidControl (control)
                                                   MotorControl (control)
                                                   remote_unlock (remote)
    -------------------------------------------------------------------------
DATA20_Z
  Relative segment, address: 2A62 - 2A62 (0x1 bytes), align: 0
  Segment part 8.
           ENTRY                   ADDRESS         REF BY
           =====                   =======         ======
           ALL_flag                2A62            FlightPidControl (control)
                                                   HeightPidControl (control)
                                                   LED_Update (LED)
                                                   MotorControl (control)
                                                   RC_Analy (remote)
                                                   remote_unlock (remote)
    -------------------------------------------------------------------------
DATA20_Z
  Relative segment, address: 2832 - 2865 (0x34 bytes), align: 1
  Segment part 9.             Intra module refs:   pid_param_Init
           ENTRY                   ADDRESS         REF BY
           =====                   =======         ======
           pidRateX                2832            FlightPidControl (control)
                                                   MotorControl (control)
                                                   Segment part 3 (control)
    -------------------------------------------------------------------------
DATA20_Z
  Relative segment, address: 2866 - 2899 (0x34 bytes), align: 1
  Segment part 10.            Intra module refs:   pid_param_Init
           ENTRY                   ADDRESS         REF BY
           =====                   =======         ======
           pidRateY                2866            FlightPidControl (control)
                                                   MotorControl (control)
                                                   Segment part 3 (control)
    -------------------------------------------------------------------------
DATA20_Z
  Relative segment, address: 289A - 28CD (0x34 bytes), align: 1
  Segment part 11.            Intra module refs:   pid_param_Init
           ENTRY                   ADDRESS         REF BY
           =====                   =======         ======
           pidRateZ                289A            FlightPidControl (control)
                                                   MotorControl (control)
                                                   Segment part 3 (control)
    -------------------------------------------------------------------------
DATA20_Z
  Relative segment, address: 28CE - 2901 (0x34 bytes), align: 1
  Segment part 12.            Intra module refs:   pid_param_Init
           ENTRY                   ADDRESS         REF BY
           =====                   =======         ======
           pidPitch                28CE            FlightPidControl (control)
                                                   Segment part 3 (control)
    -------------------------------------------------------------------------
DATA20_Z
  Relative segment, address: 2902 - 2935 (0x34 bytes), align: 1
  Segment part 13.            Intra module refs:   pid_param_Init
           ENTRY                   ADDRESS         REF BY
           =====                   =======         ======
           pidRoll                 2902            FlightPidControl (control)
                                                   Segment part 3 (control)
    -------------------------------------------------------------------------
DATA20_Z
  Relative segment, address: 2936 - 2969 (0x34 bytes), align: 1
  Segment part 14.            Intra module refs:   pid_param_Init
           ENTRY                   ADDRESS         REF BY
           =====                   =======         ======
           pidYaw                  2936            FlightPidControl (control)
                                                   Segment part 3 (control)
    -------------------------------------------------------------------------
DATA20_Z
  Relative segment, address: 296A - 299D (0x34 bytes), align: 1
  Segment part 15.            Intra module refs:   pid_param_Init
           ENTRY                   ADDRESS         REF BY
           =====                   =======         ======
           pidHeightRate           296A            HeightPidControl (control)
                                                   MotorControl (control)
                                                   Segment part 3 (control)
    -------------------------------------------------------------------------
DATA20_Z
  Relative segment, address: 299E - 29D1 (0x34 bytes), align: 1
  Segment part 16.            Intra module refs:   pid_param_Init
           ENTRY                   ADDRESS         REF BY
           =====                   =======         ======
           pidHeightHigh           299E            HeightPidControl (control)
                                                   Segment part 3 (control)
    -------------------------------------------------------------------------
<CODE> 1 (was CODE)
  Relative segment, address: 89B8 - 89FB (0x44 bytes), align: 1
  Segment part 18.
           ENTRY                   ADDRESS         REF BY
           =====                   =======         ======
           Hardware_Init           89B8            main (main)
               calls direct
    -------------------------------------------------------------------------
<CODE> 1 (was CODE)
  Relative segment, address: 7928 - 7A05 (0xde bytes), align: 1
  Segment part 17.            Intra module refs:   Hardware_Init
           ENTRY                   ADDRESS         REF BY
           =====                   =======         ======
           pid_param_Init          7928 

    *************************************************************************

  FILE NAME : C:\Users\ÑÕ×Óéª\Desktop\½Ì²Ä\¸½¼þÄ¿Â¼\2.Ô´Âë\1.·É¿ØÔ´Âë\Release\Obj\i2c.r43
  PROGRAM MODULE, NAME : i2c

  SEGMENTS IN THE MODULE
  ======================
DATA16_AN
  Relative segment, address: 0220 - 0221 (0x2 bytes), align: 0
  Segment part 1. ROOT        Intra module refs:   GPIOX (msp430f5529_gpio)
                                                   IIC_RecvACK
                                                   IIC_RecvByte
           ENTRY                   ADDRESS         REF BY
           =====                   =======         ======
           _A_PBIN_L               0220 
           LOCAL                   ADDRESS         
           =====                   =======         
           PBIN                    0220 
           PBIN_H                  0221 
           PBIN_L                  0220 
    -------------------------------------------------------------------------
DATA16_AN
  Relative segment, address: 0222 - 0223 (0x2 bytes), align: 0
  Segment part 2. ROOT        Intra module refs:   IIC_RecvACK
                                                   IIC_RecvByte
                                                   IIC_SendACK
                                                   IIC_SendByte
                                                   IIC_Start
                                                   IIC_Stop
                                                   NRF2401_ReadBuffer (nrf2401)
                                                   NRF2401_WriteBuffer (nrf2401)
                                                   NRF24L01_Read_Reg (nrf2401)
                                                   NRF24L01_Write_Reg (nrf2401)
                                                   NRF24L01_init (nrf2401)
                                                   Update_NRF24l01_Freq (nrf2401)
                                                   Update_NRF24l01_Rx_Addr (nrf2401)
                                                   Update_NRF24l01_Tx_Addr (nrf2401)
           ENTRY                   ADDRESS         REF BY
           =====                   =======         ======
           _A_PBOUT_L              0222 
           LOCAL                   ADDRESS         
           =====                   =======         
           PBOUT                   0222 
           PBOUT_H                 0223 
           PBOUT_L                 0222 
    -------------------------------------------------------------------------
DATA20_Z
  Relative segment, address: 2A63 - 2A63 (0x1 bytes), align: 0
  Segment part 5.             Intra module refs:   IIC_RecvACK
           ENTRY                   ADDRESS         REF BY
           =====                   =======         ======
           Ack_Count               2A63 
    -------------------------------------------------------------------------
<CODE> 1 (was CODE)
  Relative segment, address: 9154 - 915F (0xc bytes), align: 1
  Segment part 6.             Intra module refs:   IIC_RecvACK
                                                   IIC_RecvByte
                                                   IIC_SendACK
                                                   IIC_SendByte
                                                   IIC_Start
                                                   IIC_Stop
           ENTRY                   ADDRESS         REF BY
           =====                   =======         ======
           delay521_nus            9154 
    -------------------------------------------------------------------------
<CODE> 1 (was CODE)
  Relative segment, address: 8E06 - 8E31 (0x2c bytes), align: 1
  Segment part 8.             Intra module refs:   Single_ReadIIC
                                                   Single_WriteIIC
           ENTRY                   ADDRESS         REF BY
           =====                   =======         ======
           IIC_Start               8E06 
               calls direct
    -------------------------------------------------------------------------
<CODE> 1 (was CODE)
  Relative segment, address: 8F1A - 8F3B (0x22 bytes), align: 1
  Segment part 9.             Intra module refs:   IIC_RecvACK
                                                   Single_ReadIIC
                                                   Single_WriteIIC
           ENTRY                   ADDRESS         REF BY
           =====                   =======         ======
           IIC_Stop                8F1A 
               calls direct
    -------------------------------------------------------------------------
<CODE> 1 (was CODE)
  Relative segment, address: 8B70 - 8BA7 (0x38 bytes), align: 1
  Segment part 10.            Intra module refs:   Single_ReadIIC
           ENTRY                   ADDRESS         REF BY
           =====                   =======         ======
           IIC_SendACK             8B70 
               calls direct
    -------------------------------------------------------------------------
<CODE> 1 (was CODE)
  Relative segment, address: 8CB6 - 8CE7 (0x32 bytes), align: 1
  Segment part 11.            Intra module refs:   IIC_SendByte
           ENTRY                   ADDRESS         REF BY
           =====                   =======         ======
           IIC_RecvACK             8CB6 
               calls direct
    -------------------------------------------------------------------------
<CODE> 1 (was CODE)
  Relative segment, address: 87A8 - 87F7 (0x50 bytes), align: 1
  Segment part 12.            Intra module refs:   Single_ReadIIC
                                                   Single_WriteIIC
           ENTRY                   ADDRESS         REF BY
           =====                   =======         ======
           IIC_SendByte            87A8 
               calls direct
    -------------------------------------------------------------------------
<CODE> 1 (was CODE)
  Relative segment, address: 8BE0 - 8C17 (0x38 bytes), align: 1
  Segment part 13.            Intra module refs:   Single_ReadIIC
           ENTRY                   ADDRESS         REF BY
           =====                   =======         ======
           IIC_RecvByte            8BE0 
               calls direct
    -------------------------------------------------------------------------
<CODE> 1 (was CODE)
  Relative segment, address: 8E86 - 8EAB (0x26 bytes), align: 1
  Segment part 14.
           ENTRY                   ADDRESS         REF BY
           =====                   =======         ======
           Single_WriteIIC         8E86            Mpu6050_Init (GY521)
                                                   SPL06_write (SPL06)
               calls direct
    -------------------------------------------------------------------------
<CODE> 1 (was CODE)
  Relative segment, address: 8BA8 - 8BDF (0x38 bytes), align: 1
  Segment part 15.
           ENTRY                   ADDRESS         REF BY
           =====                   =======         ======
           Single_ReadIIC          8BA8            Acc_Read (GY521)
                                                   Gyro_Read (GY521)
                                                   Hardware_Init (HardWare_Init)
                                                   Mpu6050_Init (GY521)
                                                   SPL06_read (SPL06)
               calls direct

    *************************************************************************

  FILE NAME : C:\Users\ÑÕ×Óéª\Desktop\½Ì²Ä\¸½¼þÄ¿Â¼\2.Ô´Âë\1.·É¿ØÔ´Âë\Release\Obj\imu.r43
  PROGRAM MODULE, NAME : imu

  SEGMENTS IN THE MODULE
  ======================
DATA20_Z
  Relative segment, address: 29D2 - 29D5 (0x4 bytes), align: 1
  Segment part 2.             Intra module refs:   GetAngle
                                                   GetNormAccz
           LOCAL                   ADDRESS         
           =====                   =======         
           NormAccz                29D2 
    -------------------------------------------------------------------------
<CODE> 1 (was CODE)
  Relative segment, address: 461E - 5127 (0xb0a bytes), align: 1
  Segment part 10.
           ENTRY                   ADDRESS         REF BY
           =====                   =======         ======
           GetAngle                461E            TIMER_TB0_A0_IRQ_Handler (timer)
               calls direct
    -------------------------------------------------------------------------
DATA20_Z
  Relative segment, address: 29D6 - 29E1 (0xc bytes), align: 1
  Segment part 3.             Intra module refs:   GetAngle
           LOCAL                   ADDRESS         
           =====                   =======         
           GetAngle::GyroIntegError
                                   29D6 
    -------------------------------------------------------------------------
DATA20_I
  Relative segment, address: 24E8 - 24EB (0x4 bytes), align: 1
  Segment part 4.             Intra module refs:   GetAngle
           LOCAL                   ADDRESS         
           =====                   =======         
           GetAngle::KpDef         24E8 
    -------------------------------------------------------------------------
DATA20_I
  Relative segment, address: 24EC - 24EF (0x4 bytes), align: 1
  Segment part 6.             Intra module refs:   GetAngle
           LOCAL                   ADDRESS         
           =====                   =======         
           GetAngle::KiDef         24EC 
    -------------------------------------------------------------------------
DATA20_I
  Relative segment, address: 24F0 - 24FF (0x10 bytes), align: 1
  Segment part 8.             Intra module refs:   GetAngle
           LOCAL                   ADDRESS         
           =====                   =======         
           GetAngle::NumQ          24F0 
    -------------------------------------------------------------------------
<CODE> 1 (was CODE)
  Relative segment, address: 9120 - 912D (0xe bytes), align: 1
  Segment part 11.
           ENTRY                   ADDRESS         REF BY
           =====                   =======         ======
           GetNormAccz             9120            HeightPidControl (control)
    -------------------------------------------------------------------------
DATA20_ID
  Relative segment, address: 92F4 - 92F7 (0x4 bytes), align: 1
  Segment part 5.             Intra module refs:   GetAngle::KpDef
    -------------------------------------------------------------------------
DATA20_ID
  Relative segment, address: 92F8 - 92FB (0x4 bytes), align: 1
  Segment part 7.             Intra module refs:   GetAngle::KiDef
    -------------------------------------------------------------------------
DATA20_ID
  Relative segment, address: 92FC - 930B (0x10 bytes), align: 1
  Segment part 9.             Intra module refs:   GetAngle::NumQ

    *************************************************************************

  FILE NAME : C:\Users\ÑÕ×Óéª\Desktop\½Ì²Ä\¸½¼þÄ¿Â¼\2.Ô´Âë\1.·É¿ØÔ´Âë\Release\Obj\kalman.r43
  PROGRAM MODULE, NAME : kalman

  SEGMENTS IN THE MODULE
  ======================
<CODE> 1 (was CODE)
  Relative segment, address: 7BB0 - 7C6B (0xbc bytes), align: 1
  Segment part 2.
           ENTRY                   ADDRESS         REF BY
           =====                   =======         ======
           kalman_1                7BB0            MpuGetData (GY521)
               calls direct

    *************************************************************************

  FILE NAME : C:\Users\ÑÕ×Óéª\Desktop\½Ì²Ä\¸½¼þÄ¿Â¼\2.Ô´Âë\1.·É¿ØÔ´Âë\Release\Obj\LED.r43
  PROGRAM MODULE, NAME : LED

  SEGMENTS IN THE MODULE
  ======================
DATA16_AN
  Relative segment, address: 0204 - 0205 (0x2 bytes), align: 0
  Segment part 2. ROOT        Intra module refs:   LED_Init
           ENTRY                   ADDRESS         REF BY
           =====                   =======         ======
           _A_PADIR_L              0204 
           LOCAL                   ADDRESS         
           =====                   =======         
           PADIR                   0204 
           PADIR_H                 0205 
           PADIR_L                 0204 
    -------------------------------------------------------------------------
<CODE> 1 (was CODE)
  Relative segment, address: 9104 - 9111 (0xe bytes), align: 1
  Segment part 6.
           ENTRY                   ADDRESS         REF BY
           =====                   =======         ======
           LED_Init                9104            Hardware_Init (HardWare_Init)
    -------------------------------------------------------------------------
<CODE> 1 (was CODE)
  Relative segment, address: 8200 - 827D (0x7e bytes), align: 1
  Segment part 7.
           ENTRY                   ADDRESS         REF BY
           =====                   =======         ======
           LED_Update              8200            TIMER_TB0_A0_IRQ_Handler (timer)
    -------------------------------------------------------------------------
DATA20_Z
  Relative segment, address: 29E2 - 29E3 (0x2 bytes), align: 1
  Segment part 5.             Intra module refs:   LED_Update
           LOCAL                   ADDRESS         
           =====                   =======         
           LED_Update::Cnt         29E2 

    *************************************************************************

  FILE NAME : C:\Users\ÑÕ×Óéª\Desktop\½Ì²Ä\¸½¼þÄ¿Â¼\2.Ô´Âë\1.·É¿ØÔ´Âë\Release\Obj\main.r43
  PROGRAM MODULE, NAME : main

  SEGMENTS IN THE MODULE
  ======================
<CODE> 1 (was CODE)
  Relative segment, address: 90AC - 90BD (0x12 bytes), align: 1
  Segment part 4.
           ENTRY                   ADDRESS         REF BY
           =====                   =======         ======
           main                    90AC            Segment part 27 (?cstart)
               calls direct

    *************************************************************************

  FILE NAME : C:\Users\ÑÕ×Óéª\Desktop\½Ì²Ä\¸½¼þÄ¿Â¼\2.Ô´Âë\1.·É¿ØÔ´Âë\Release\Obj\motor.r43
  PROGRAM MODULE, NAME : motor

  SEGMENTS IN THE MODULE
  ======================
<CODE> 1 (was CODE)
  Relative segment, address: 8F7C - 8F99 (0x1e bytes), align: 1
  Segment part 2.
           ENTRY                   ADDRESS         REF BY
           =====                   =======         ======
           Motor_Init              8F7C            Hardware_Init (HardWare_Init)
               calls direct
    -------------------------------------------------------------------------
<CODE> 1 (was CODE)
  Relative segment, address: 8ABC - 8AF9 (0x3e bytes), align: 1
  Segment part 3.
           ENTRY                   ADDRESS         REF BY
           =====                   =======         ======
           Motor_Config            8ABC            MotorControl (control)
               calls direct

    *************************************************************************

  FILE NAME : C:\Users\ÑÕ×Óéª\Desktop\½Ì²Ä\¸½¼þÄ¿Â¼\2.Ô´Âë\1.·É¿ØÔ´Âë\Release\Obj\msp430f5529_adc.r43
  PROGRAM MODULE, NAME : msp430f5529_adc

  SEGMENTS IN THE MODULE
  ======================
DATA16_AN
  Relative segment, address: 024A - 024B (0x2 bytes), align: 0
  Segment part 1. ROOT 
           ENTRY                   ADDRESS         REF BY
           =====                   =======         ======
           _A_PCSEL_L              024A 
           LOCAL                   ADDRESS         
           =====                   =======         
           PCSEL                   024A 
           PCSEL_H                 024B 
           PCSEL_L                 024A 
    -------------------------------------------------------------------------
DATA16_AN
  Relative segment, address: 01B0 - 01B1 (0x2 bytes), align: 0
  Segment part 2. ROOT 
           ENTRY                   ADDRESS         REF BY
           =====                   =======         ======
           _A_REFCTL0_L            01B0 
           LOCAL                   ADDRESS         
           =====                   =======         
           REFCTL0                 01B0 
           REFCTL0_H               01B1 
           REFCTL0_L               01B0 

    *************************************************************************

  FILE NAME : C:\Users\ÑÕ×Óéª\Desktop\½Ì²Ä\¸½¼þÄ¿Â¼\2.Ô´Âë\1.·É¿ØÔ´Âë\Release\Obj\msp430f5529_clock.r43
  PROGRAM MODULE, NAME : msp430f5529_clock

  SEGMENTS IN THE MODULE
  ======================
DATA16_AN
  Relative segment, address: 0120 - 0121 (0x2 bytes), align: 0
  Segment part 1. ROOT        Intra module refs:   SetVcoreUp
           ENTRY                   ADDRESS         REF BY
           =====                   =======         ======
           _A_PMMCTL0_L            0120 
           LOCAL                   ADDRESS         
           =====                   =======         
           PMMCTL0                 0120 
           PMMCTL0_H               0121 
           PMMCTL0_L               0120 
    -------------------------------------------------------------------------
DATA16_AN
  Relative segment, address: 0124 - 0125 (0x2 bytes), align: 0
  Segment part 2. ROOT        Intra module refs:   SetVcoreUp
           ENTRY                   ADDRESS         REF BY
           =====                   =======         ======
           _A_SVSMHCTL_L           0124 
           LOCAL                   ADDRESS         
           =====                   =======         
           SVSMHCTL                0124 
           SVSMHCTL_H              0125 
           SVSMHCTL_L              0124 
    -------------------------------------------------------------------------
DATA16_AN
  Relative segment, address: 0126 - 0127 (0x2 bytes), align: 0
  Segment part 3. ROOT        Intra module refs:   SetVcoreUp
           ENTRY                   ADDRESS         REF BY
           =====                   =======         ======
           _A_SVSMLCTL_L           0126 
           LOCAL                   ADDRESS         
           =====                   =======         
           SVSMLCTL                0126 
           SVSMLCTL_H              0127 
           SVSMLCTL_L              0126 
    -------------------------------------------------------------------------
DATA16_AN
  Relative segment, address: 012C - 012D (0x2 bytes), align: 0
  Segment part 4. ROOT        Intra module refs:   SetVcoreUp
           ENTRY                   ADDRESS         REF BY
           =====                   =======         ======
           _A_PMMIFG_L             012C 
           LOCAL                   ADDRESS         
           =====                   =======         
           PMMIFG                  012C 
           PMMIFG_H                012D 
           PMMIFG_L                012C 
    -------------------------------------------------------------------------
DATA16_AN
  Relative segment, address: 0102 - 0103 (0x2 bytes), align: 0
  Segment part 5. ROOT        Intra module refs:   CLOCK_DCO_PLLConfig
                                                   XT1_Config
                                                   XT2_Config
           ENTRY                   ADDRESS         REF BY
           =====                   =======         ======
           _A_SFRIFG1_L            0102 
           LOCAL                   ADDRESS         
           =====                   =======         
           SFRIFG1                 0102 
           SFRIFG1_H               0103 
           SFRIFG1_L               0102 
    -------------------------------------------------------------------------
DATA20_C
  Relative segment, address: 91AE - 91B1 (0x4 bytes), align: 1
  Segment part 7.             Intra module refs:   CLOCK_ACLK_Config
                                                   CLOCK_DCO_PLLConfig
                                                   CLOCK_MCLK_Config
                                                   CLOCK_SMCLK_Config
                                                   XT1_Config
                                                   XT2_Config
           ENTRY                   ADDRESS         REF BY
           =====                   =======         ======
           UCS                     91AE 
    -------------------------------------------------------------------------
DATA20_N
  Relative segment, address: 2AE8 - 2B0F (0x28 bytes), align: 1
  Segment part 8.             Intra module refs:   CLOCK_ACLK_Config
                                                   CLOCK_DCO_PLLConfig
                                                   CLOCK_MCLK_Config
                                                   CLOCK_SMCLK_Config
           ENTRY                   ADDRESS         REF BY
           =====                   =======         ======
           g_sClock                2AE8            TIMER_Interval_Us (msp430f5529_timer)
                                                   TIMER_PWM_SetFrequency (msp430f5529_timer)
                                                   UART_SetBaudRate (msp430f5529_uart)
    -------------------------------------------------------------------------
<CODE> 1 (was CODE)
  Relative segment, address: 88DE - 8929 (0x4c bytes), align: 1
  Segment part 10.            Intra module refs:   CLOCK_ACLK_Config
                                                   CLOCK_DCO_PLLConfig
                                                   CLOCK_MCLK_Config
                                                   CLOCK_SMCLK_Config
           LOCAL                   ADDRESS         
           =====                   =======         
           XT1_Config              88DE 
               calls direct
    -------------------------------------------------------------------------
<CODE> 1 (was CODE)
  Relative segment, address: 8892 - 88DD (0x4c bytes), align: 1
  Segment part 11.            Intra module refs:   CLOCK_ACLK_Config
                                                   CLOCK_DCO_PLLConfig
                                                   CLOCK_MCLK_Config
                                                   CLOCK_SMCLK_Config
           LOCAL                   ADDRESS         
           =====                   =======         
           XT2_Config              8892 
               calls direct
    -------------------------------------------------------------------------
<CODE> 1 (was CODE)
  Relative segment, address: 5128 - 54B1 (0x38a bytes), align: 1
  Segment part 16.
           ENTRY                   ADDRESS         REF BY
           =====                   =======         ======
           CLOCK_DCO_PLLConfig     5128            SystemInit (startup_msp430f5529)
               calls direct
    -------------------------------------------------------------------------
DATA20_C
  Relative segment, address: 91B2 - 91BD (0xc bytes), align: 1
  Segment part 9.             Intra module refs:   CLOCK_DCO_PLLConfig
           LOCAL                   ADDRESS         
           =====                   =======         
           CLOCK_DCO_PLLConfig::ref_div_value
                                   91B2 
    -------------------------------------------------------------------------
<CODE> 1 (was CODE)
  Relative segment, address: 6ED2 - 7013 (0x142 bytes), align: 1
  Segment part 14.            Intra module refs:   CLOCK_DCO_PLLConfig
           ENTRY                   ADDRESS         REF BY
           =====                   =======         ======
           CLOCK_MCLK_Config       6ED2            SystemInit (startup_msp430f5529)
               calls direct
    -------------------------------------------------------------------------
<CODE> 1 (was CODE)
  Relative segment, address: 6AFC - 6C45 (0x14a bytes), align: 1
  Segment part 13.            Intra module refs:   CLOCK_DCO_PLLConfig
           ENTRY                   ADDRESS         REF BY
           =====                   =======         ======
           CLOCK_SMCLK_Config      6AFC            SystemInit (startup_msp430f5529)
               calls direct
    -------------------------------------------------------------------------
<CODE> 1 (was CODE)
  Relative segment, address: 6D90 - 6ED1 (0x142 bytes), align: 1
  Segment part 12.            Intra module refs:   CLOCK_DCO_PLLConfig
           ENTRY                   ADDRESS         REF BY
           =====                   =======         ======
           CLOCK_ACLK_Config       6D90            SystemInit (startup_msp430f5529)
               calls direct
    -------------------------------------------------------------------------
<CODE> 1 (was CODE)
  Relative segment, address: 8372 - 83E7 (0x76 bytes), align: 1
  Segment part 15.            Intra module refs:   CLOCK_DCO_PLLConfig
           LOCAL                   ADDRESS         
           =====                   =======         
           SetVcoreUp              8372 

    *************************************************************************

  FILE NAME : C:\Users\ÑÕ×Óéª\Desktop\½Ì²Ä\¸½¼þÄ¿Â¼\2.Ô´Âë\1.·É¿ØÔ´Âë\Release\Obj\msp430f5529_compater.r43
  PROGRAM MODULE, NAME : msp430f5529_compater

  SEGMENTS IN THE MODULE
  ======================
DATA16_AN
  Relative segment, address: 08C4 - 08C5 (0x2 bytes), align: 0
  Segment part 1. ROOT 
           ENTRY                   ADDRESS         REF BY
           =====                   =======         ======
           _A_CBCTL2_L             08C4 
           LOCAL                   ADDRESS         
           =====                   =======         
           CBCTL2                  08C4 
           CBCTL2_H                08C5 
           CBCTL2_L                08C4 

    *************************************************************************

  FILE NAME : C:\Users\ÑÕ×Óéª\Desktop\½Ì²Ä\¸½¼þÄ¿Â¼\2.Ô´Âë\1.·É¿ØÔ´Âë\Release\Obj\msp430f5529_dma.r43
  PROGRAM MODULE, NAME : msp430f5529_dma

  SEGMENTS IN THE MODULE
  ======================
DATA16_AN
  Relative segment, address: 0500 - 0501 (0x2 bytes), align: 0
  Segment part 1. ROOT 
           ENTRY                   ADDRESS         REF BY
           =====                   =======         ======
           _A_DMACTL0_L            0500 
           LOCAL                   ADDRESS         
           =====                   =======         
           DMACTL0                 0500 
           DMACTL0_H               0501 
           DMACTL0_L               0500 

    *************************************************************************

  FILE NAME : C:\Users\ÑÕ×Óéª\Desktop\½Ì²Ä\¸½¼þÄ¿Â¼\2.Ô´Âë\1.·É¿ØÔ´Âë\Release\Obj\msp430f5529_flash.r43
  PROGRAM MODULE, NAME : msp430f5529_flash

  SEGMENTS IN THE MODULE
  ======================
DATA16_AN
  Relative segment, address: 0140 - 0141 (0x2 bytes), align: 0
  Segment part 1. ROOT        Intra module refs:   Flash_Erase_Segment
                                                   Flash_Write_buf
           ENTRY                   ADDRESS         REF BY
           =====                   =======         ======
           _A_FCTL1_L              0140 
           LOCAL                   ADDRESS         
           =====                   =======         
           FCTL1                   0140 
           FCTL1_H                 0141 
           FCTL1_L                 0140 
    -------------------------------------------------------------------------
DATA16_AN
  Relative segment, address: 0144 - 0145 (0x2 bytes), align: 0
  Segment part 2. ROOT        Intra module refs:   Flash_Erase_Segment
                                                   Flash_Write_buf
           ENTRY                   ADDRESS         REF BY
           =====                   =======         ======
           _A_FCTL3_L              0144 
           LOCAL                   ADDRESS         
           =====                   =======         
           FCTL3                   0144 
           FCTL3_H                 0145 
           FCTL3_L                 0144 
    -------------------------------------------------------------------------
CODE_I
  Relative segment, address: 2400 - 242D (0x2e bytes), align: 1
  Segment part 4.
           ENTRY                   ADDRESS         REF BY
           =====                   =======         ======
           Flash_Erase_Segment     2400            Flash_Write (flash)
               calls direct
    -------------------------------------------------------------------------
CODE_I
  Relative segment, address: 242E - 247B (0x4e bytes), align: 1
  Segment part 9.
           ENTRY                   ADDRESS         REF BY
           =====                   =======         ======
           Flash_Write_buf         242E            Flash_Write (flash)
               calls direct
    -------------------------------------------------------------------------
CODE_ID
  Relative segment, address: 931A - 9347 (0x2e bytes), align: 1
  Segment part 12.            Intra module refs:   Flash_Erase_Segment
    -------------------------------------------------------------------------
CODE_ID
  Relative segment, address: 9348 - 9395 (0x4e bytes), align: 1
  Segment part 17.            Intra module refs:   Flash_Write_buf

    *************************************************************************

  FILE NAME : C:\Users\ÑÕ×Óéª\Desktop\½Ì²Ä\¸½¼þÄ¿Â¼\2.Ô´Âë\1.·É¿ØÔ´Âë\Release\Obj\msp430f5529_gpio.r43
  PROGRAM MODULE, NAME : msp430f5529_gpio

  SEGMENTS IN THE MODULE
  ======================
DATA16_AN
  Relative segment, address: 0200 - 0201 (0x2 bytes), align: 0
  Segment part 1. ROOT        Intra module refs:   GPIOX
           ENTRY                   ADDRESS         REF BY
           =====                   =======         ======
           _A_PAIN_L               0200 
           LOCAL                   ADDRESS         
           =====                   =======         
           PAIN                    0200 
           PAIN_H                  0201 
           PAIN_L                  0200 
    -------------------------------------------------------------------------
DATA16_AN
  Relative segment, address: 0240 - 0241 (0x2 bytes), align: 0
  Segment part 3. ROOT        Intra module refs:   GPIOX
           ENTRY                   ADDRESS         REF BY
           =====                   =======         ======
           _A_PCIN_L               0240 
           LOCAL                   ADDRESS         
           =====                   =======         
           PCIN                    0240 
           PCIN_H                  0241 
           PCIN_L                  0240 
    -------------------------------------------------------------------------
DATA16_AN
  Relative segment, address: 0260 - 0261 (0x2 bytes), align: 0
  Segment part 4. ROOT        Intra module refs:   GPIOX
           ENTRY                   ADDRESS         REF BY
           =====                   =======         ======
           _A_PDIN_L               0260 
           LOCAL                   ADDRESS         
           =====                   =======         
           PDIN                    0260 
           PDIN_H                  0261 
           PDIN_L                  0260 
    -------------------------------------------------------------------------
DATA20_C
  Relative segment, address: 91BE - 91DD (0x20 bytes), align: 1
  Segment part 6.             Intra module refs:   GPIO_MultiBits_Init
           ENTRY                   ADDRESS         REF BY
           =====                   =======         ======
           GPIOX                   91BE 
    -------------------------------------------------------------------------
<CODE> 1 (was CODE)
  Relative segment, address: 7572 - 7667 (0xf6 bytes), align: 1
  Segment part 7.
           ENTRY                   ADDRESS         REF BY
           =====                   =======         ======
           GPIO_MultiBits_Init     7572            TIMER_PWM_MultiChannel_Init (msp430f5529_timer)
                                                   UART_Init (msp430f5529_uart)
                                                   XT1_Config (msp430f5529_clock)
                                                   XT2_Config (msp430f5529_clock)

    *************************************************************************

  FILE NAME : C:\Users\ÑÕ×Óéª\Desktop\½Ì²Ä\¸½¼þÄ¿Â¼\2.Ô´Âë\1.·É¿ØÔ´Âë\Release\Obj\msp430f5529_i2c.r43
    *************************************************************************

  FILE NAME : C:\Users\ÑÕ×Óéª\Desktop\½Ì²Ä\¸½¼þÄ¿Â¼\2.Ô´Âë\1.·É¿ØÔ´Âë\Release\Obj\msp430f5529_it.r43
  PROGRAM MODULE, NAME : msp430f5529_it

  SEGMENTS IN THE MODULE
  ======================
ISR_CODE
  Relative segment, address: 444C - 444D (0x2 bytes), align: 1
  Segment part 2.
           ENTRY                   ADDRESS         REF BY
           =====                   =======         ======
           default_isr             444C            VectorTableCopyToRAM (msp430f5529_vectors)
               interrupt function

    *************************************************************************

  FILE NAME : C:\Users\ÑÕ×Óéª\Desktop\½Ì²Ä\¸½¼þÄ¿Â¼\2.Ô´Âë\1.·É¿ØÔ´Âë\Release\Obj\msp430f5529_lpm.r43
    *************************************************************************

  FILE NAME : C:\Users\ÑÕ×Óéª\Desktop\½Ì²Ä\¸½¼þÄ¿Â¼\2.Ô´Âë\1.·É¿ØÔ´Âë\Release\Obj\msp430f5529_nmi.r43
    *************************************************************************

  FILE NAME : C:\Users\ÑÕ×Óéª\Desktop\½Ì²Ä\¸½¼þÄ¿Â¼\2.Ô´Âë\1.·É¿ØÔ´Âë\Release\Obj\msp430f5529_remap.r43
  PROGRAM MODULE, NAME : msp430f5529_remap

  SEGMENTS IN THE MODULE
  ======================
DATA16_AN
  Relative segment, address: 01C0 - 01C1 (0x2 bytes), align: 0
  Segment part 1. ROOT 
           ENTRY                   ADDRESS         REF BY
           =====                   =======         ======
           _A_PMAPKEYID_L          01C0 
           LOCAL                   ADDRESS         
           =====                   =======         
           PMAPKEYID               01C0 
           PMAPKEYID_H             01C1 
           PMAPKEYID_L             01C0 
    -------------------------------------------------------------------------
DATA16_AN
  Relative segment, address: 01C2 - 01C3 (0x2 bytes), align: 0
  Segment part 2. ROOT 
           ENTRY                   ADDRESS         REF BY
           =====                   =======         ======
           _A_PMAPCTL_L            01C2 
           LOCAL                   ADDRESS         
           =====                   =======         
           PMAPCTL                 01C2 
           PMAPCTL_H               01C3 
           PMAPCTL_L               01C2 
    -------------------------------------------------------------------------
DATA16_AN
  Relative segment, address: 01E0 - 01E1 (0x2 bytes), align: 0
  Segment part 3. ROOT 
           ENTRY                   ADDRESS         REF BY
           =====                   =======         ======
           _A_P4MAP01_L            01E0 
           LOCAL                   ADDRESS         
           =====                   =======         
           P4MAP01                 01E0 
           P4MAP01_H               01E1 
           P4MAP01_L               01E0 

    *************************************************************************

  FILE NAME : C:\Users\ÑÕ×Óéª\Desktop\½Ì²Ä\¸½¼þÄ¿Â¼\2.Ô´Âë\1.·É¿ØÔ´Âë\Release\Obj\msp430f5529_rtc.r43
  PROGRAM MODULE, NAME : msp430f5529_rtc

  SEGMENTS IN THE MODULE
  ======================
DATA16_AN
  Relative segment, address: 04A0 - 04A1 (0x2 bytes), align: 0
  Segment part 1. ROOT 
           ENTRY                   ADDRESS         REF BY
           =====                   =======         ======
           _A_RTCCTL01_L           04A0 
           LOCAL                   ADDRESS         
           =====                   =======         
           RTCCTL01                04A0 
           RTCCTL01_H              04A1 
           RTCCTL01_L              04A0 
    -------------------------------------------------------------------------
DATA16_AN
  Relative segment, address: 04A8 - 04A9 (0x2 bytes), align: 0
  Segment part 2. ROOT 
           ENTRY                   ADDRESS         REF BY
           =====                   =======         ======
           _A_RTCPS0CTL_L          04A8 
           LOCAL                   ADDRESS         
           =====                   =======         
           RTCPS0CTL               04A8 
           RTCPS0CTL_H             04A9 
           RTCPS0CTL_L             04A8 
    -------------------------------------------------------------------------
DATA16_AN
  Relative segment, address: 04AA - 04AB (0x2 bytes), align: 0
  Segment part 3. ROOT 
           ENTRY                   ADDRESS         REF BY
           =====                   =======         ======
           _A_RTCPS1CTL_L          04AA 
           LOCAL                   ADDRESS         
           =====                   =======         
           RTCPS1CTL               04AA 
           RTCPS1CTL_H             04AB 
           RTCPS1CTL_L             04AA 
    -------------------------------------------------------------------------
DATA16_AN
  Relative segment, address: 04B0 - 04B1 (0x2 bytes), align: 0
  Segment part 4. ROOT 
           ENTRY                   ADDRESS         REF BY
           =====                   =======         ======
           _A_RTCTIM0_L            04B0 
           LOCAL                   ADDRESS         
           =====                   =======         
           RTCTIM0                 04B0 
           RTCTIM0_H               04B1 
           RTCTIM0_L               04B0 
    -------------------------------------------------------------------------
DATA16_AN
  Relative segment, address: 04B8 - 04B9 (0x2 bytes), align: 0
  Segment part 5. ROOT 
           ENTRY                   ADDRESS         REF BY
           =====                   =======         ======
           _A_RTCAMINHR_L          04B8 
           LOCAL                   ADDRESS         
           =====                   =======         
           RTCAMINHR               04B8 
           RTCAMINHR_H             04B9 
           RTCAMINHR_L             04B8 
    -------------------------------------------------------------------------
DATA16_AN
  Relative segment, address: 04BA - 04BB (0x2 bytes), align: 0
  Segment part 6. ROOT 
           ENTRY                   ADDRESS         REF BY
           =====                   =======         ======
           _A_RTCADOWDAY_L         04BA 
           LOCAL                   ADDRESS         
           =====                   =======         
           RTCADOWDAY              04BA 
           RTCADOWDAY_H            04BB 
           RTCADOWDAY_L            04BA 

    *************************************************************************

  FILE NAME : C:\Users\ÑÕ×Óéª\Desktop\½Ì²Ä\¸½¼þÄ¿Â¼\2.Ô´Âë\1.·É¿ØÔ´Âë\Release\Obj\msp430f5529_spi.r43
  PROGRAM MODULE, NAME : msp430f5529_spi

  SEGMENTS IN THE MODULE
  ======================
DATA20_C
  Relative segment, address: 91DE - 91ED (0x10 bytes), align: 1
  Segment part 2.             Intra module refs:   SPI_SendReadByte
           ENTRY                   ADDRESS         REF BY
           =====                   =======         ======
           USCIX                   91DE            UART_ClearITPendingBit (msp430f5529_uart)
                                                   UART_GetChar (msp430f5529_uart)
                                                   UART_GetITStatus (msp430f5529_uart)
                                                   UART_ITConfig (msp430f5529_uart)
                                                   UART_Init (msp430f5529_uart)
                                                   UART_SetBaudRate (msp430f5529_uart)
    -------------------------------------------------------------------------
<CODE> 1 (was CODE)
[...]

    -------------------------------------------------------------------------
  LIBRARY MODULE, NAME : _Add32f

  SEGMENTS IN THE MODULE
  ======================
<CODE> 1 (was CODE)
  Relative segment, address: 6834 - 6837 (0x4 bytes), align: 1
  Segment part 0.
           ENTRY                   ADDRESS         REF BY
           =====                   =======         ======
           _Sub32f                 6834            GetAngle (imu)
                                                   HeightPidControl (control)
                                                   MotorControl (control)
                                                   MpuGetData (GY521)
                                                   Q_rsqrt (myMath)
                                                   Segment part 4 (?asin)
                                                   UART_SetBaudRate (msp430f5529_uart)
                                                   kalman_1 (kalman)
                                                   pidUpdate (pid)
                                                   user_SPL06_get (SPL06)
    -------------------------------------------------------------------------
<CODE> 1 (was CODE)
  Relative segment, address: 6838 - 6997 (0x160 bytes), align: 1
  Segment part 1.             Intra module refs:   _Sub32f
           ENTRY                   ADDRESS         REF BY
           =====                   =======         ======
           _Add32f                 6838            CLOCK_DCO_PLLConfig (msp430f5529_clock)
                                                   GetAngle (imu)
                                                   HeightPidControl (control)
                                                   MotorControl (control)
                                                   MpuGetData (GY521)
                                                   SPL06_get_pressure (SPL06)
                                                   SPL06_get_temperature (SPL06)
                                                   Segment part 3 (?asin)
                                                   Segment part 4 (?sqrt)
                                                   __iar_Atan (?xatan)
                                                   gcs_ReceiveHandle (gcs)
                                                   kalman_1 (kalman)
                                                   pidUpdate (pid)
                                                   sqrt (?sqrt)
                                                   user_SPL06_get (SPL06)

    -------------------------------------------------------------------------
  LIBRARY MODULE, NAME : ?DivMod816u

  SEGMENTS IN THE MODULE
  ======================
<CODE> 1 (was CODE)
  Relative segment, address: 9058 - 906F (0x18 bytes), align: 1
  Segment part 1.
           ENTRY                   ADDRESS         REF BY
           =====                   =======         ======
           ?DivMod16u              9058            ?DivMod16s (?DivMod816s)
                                                   CLOCK_DCO_PLLConfig (msp430f5529_clock)

    -------------------------------------------------------------------------
  LIBRARY MODULE, NAME : ?DivMod816s

  SEGMENTS IN THE MODULE
  ======================
<CODE> 1 (was CODE)
  Relative segment, address: 8D4A - 8D79 (0x30 bytes), align: 1
  Segment part 1.
           ENTRY                   ADDRESS         REF BY
           =====                   =======         ======
           ?DivMod16s              8D4A            enQueue (queue)
                                                   sqrt (?sqrt)

    -------------------------------------------------------------------------
  LIBRARY MODULE, NAME : ?DivMod32u

  SEGMENTS IN THE MODULE
  ======================
<CODE> 1 (was CODE)
  Relative segment, address: 8D7A - 8DA9 (0x30 bytes), align: 1
  Segment part 0.
           ENTRY                   ADDRESS         REF BY
           =====                   =======         ======
           ?DivMod32u              8D7A            CLOCK_ACLK_Config (msp430f5529_clock)
                                                   CLOCK_DCO_PLLConfig (msp430f5529_clock)
                                                   CLOCK_MCLK_Config (msp430f5529_clock)
                                                   CLOCK_SMCLK_Config (msp430f5529_clock)
                                                   TIMER_PWM_SetChannelDuty (msp430f5529_timer)
                                                   TIMER_PWM_SetFrequency (msp430f5529_timer)

    -------------------------------------------------------------------------
  LIBRARY MODULE, NAME : ?ShiftLeft32_8n

  SEGMENTS IN THE MODULE
  ======================
<CODE> 1 (was CODE)
  Relative segment, address: 8FB8 - 8FBB (0x4 bytes), align: 1
  Segment part 2.
           ENTRY                   ADDRESS         REF BY
           =====                   =======         ======
           ?ShiftLeft32_12         8FB8            SPL06_get_calib_param (SPL06)
    -------------------------------------------------------------------------
<CODE> 1 (was CODE)
  Relative segment, address: 8FBC - 8FBF (0x4 bytes), align: 1
  Segment part 3.             Intra module refs:   ?ShiftLeft32_12
           ENTRY                   ADDRESS         REF BY
           =====                   =======         ======
           ?ShiftLeft32_11         8FBC 
    -------------------------------------------------------------------------
<CODE> 1 (was CODE)
  Relative segment, address: 8FC0 - 8FC3 (0x4 bytes), align: 1
  Segment part 4.             Intra module refs:   ?ShiftLeft32_11
           ENTRY                   ADDRESS         REF BY
           =====                   =======         ======
           ?ShiftLeft32_10         8FC0 
    -------------------------------------------------------------------------
<CODE> 1 (was CODE)
  Relative segment, address: 8FC4 - 8FC7 (0x4 bytes), align: 1
  Segment part 5.             Intra module refs:   ?ShiftLeft32_10
           ENTRY                   ADDRESS         REF BY
           =====                   =======         ======
           ?ShiftLeft32_9          8FC4            Flash_Erase_Segment (msp430f5529_flash)
                                                   Flash_Write_buf (msp430f5529_flash)
    -------------------------------------------------------------------------
<CODE> 1 (was CODE)
  Relative segment, address: 8FC8 - 8FD3 (0xc bytes), align: 1
  Segment part 6.             Intra module refs:   ?ShiftLeft32_9
           ENTRY                   ADDRESS         REF BY
           =====                   =======         ======
           ?ShiftLeft32_8          8FC8 

    -------------------------------------------------------------------------
  LIBRARY MODULE, NAME : ?ShiftRight32u

  SEGMENTS IN THE MODULE
  ======================
<CODE> 1 (was CODE)
  Relative segment, address: 8602 - 8641 (0x40 bytes), align: 1
  Segment part 0.
           ENTRY                   ADDRESS         REF BY
           =====                   =======         ======
           ?ShiftRight32u          8602            CLOCK_ACLK_Config (msp430f5529_clock)
                                                   CLOCK_MCLK_Config (msp430f5529_clock)
                                                   CLOCK_SMCLK_Config (msp430f5529_clock)
    -------------------------------------------------------------------------
<CODE> 1 (was CODE)
  Relative segment, address: 8642 - 8645 (0x4 bytes), align: 1
  Segment part 1.             Intra module refs:   ?ShiftRight32u
           ENTRY                   ADDRESS         REF BY
           =====                   =======         ======
           ?ShiftRight32u_7        8642 
    -------------------------------------------------------------------------
<CODE> 1 (was CODE)
  Relative segment, address: 8646 - 8649 (0x4 bytes), align: 1
  Segment part 2.             Intra module refs:   ?ShiftRight32u_7
           ENTRY                   ADDRESS         REF BY
           =====                   =======         ======
           ?ShiftRight32u_6        8646 
    -------------------------------------------------------------------------
<CODE> 1 (was CODE)
  Relative segment, address: 864A - 864D (0x4 bytes), align: 1
  Segment part 3.             Intra module refs:   ?ShiftRight32u_6
           ENTRY                   ADDRESS         REF BY
           =====                   =======         ======
           ?ShiftRight32u_5        864A 
    -------------------------------------------------------------------------
<CODE> 1 (was CODE)
  Relative segment, address: 864E - 8651 (0x4 bytes), align: 1
  Segment part 4.             Intra module refs:   ?ShiftRight32u_5
           ENTRY                   ADDRESS         REF BY
           =====                   =======         ======
           ?ShiftRight32u_4        864E 
    -------------------------------------------------------------------------
<CODE> 1 (was CODE)
  Relative segment, address: 8652 - 8655 (0x4 bytes), align: 1
  Segment part 5.             Intra module refs:   ?ShiftRight32u_4
           ENTRY                   ADDRESS         REF BY
           =====                   =======         ======
           ?ShiftRight32u_3        8652 
    -------------------------------------------------------------------------
<CODE> 1 (was CODE)
  Relative segment, address: 8656 - 865F (0xa bytes), align: 1
  Segment part 6.             Intra module refs:   ?ShiftRight32u_3
           ENTRY                   ADDRESS         REF BY
           =====                   =======         ======
           ?ShiftRight32u_2        8656 

    -------------------------------------------------------------------------
  LIBRARY MODULE, NAME : ?memcmp

  SEGMENTS IN THE MODULE
  ======================
<CODE> 1 (was CODE)
  Relative segment, address: 8E5E - 8E85 (0x28 bytes), align: 1
  Segment part 2.
           ENTRY                   ADDRESS         REF BY
           =====                   =======         ======
           memcmp                  8E5E            NRF_Radio_Init (communication)
                                                   Update_NRF24l01_Rx_Addr (nrf2401)
                                                   Update_NRF24l01_Tx_Addr (nrf2401)

    -------------------------------------------------------------------------
  LIBRARY MODULE, NAME : ?memcpy

  SEGMENTS IN THE MODULE
  ======================
<CODE> 1 (was CODE)
  Relative segment, address: 8FF0 - 900B (0x1c bytes), align: 1
  Segment part 2.
           ENTRY                   ADDRESS         REF BY
           =====                   =======         ======
           memcpy                  8FF0            Flash_Write (flash)
                                                   NRF_Radio_Init (communication)
                                                   Update_NRF24l01_Rx_Addr (nrf2401)
                                                   Update_NRF24l01_Tx_Addr (nrf2401)
                                                   __data20_memcpy (?memzero)
                                                   enQueue (queue)

    -------------------------------------------------------------------------
  LIBRARY MODULE, NAME : ?ClearMemoryWords20

  SEGMENTS IN THE MODULE
  ======================
<CODE> 1 (was CODE)
  Relative segment, address: 90BE - 90CF (0x12 bytes), align: 1
  Segment part 0.
           ENTRY                   ADDRESS         REF BY
           =====                   =======         ======
           ?ClearMemoryWords20     90BE            MpuGetOffset (GY521)

    -------------------------------------------------------------------------
  LIBRARY MODULE, NAME : ?memset

  SEGMENTS IN THE MODULE
  ======================
<CODE> 1 (was CODE)
  Relative segment, address: 8FD4 - 8FEF (0x1c bytes), align: 1
  Segment part 2.
           ENTRY                   ADDRESS         REF BY
           =====                   =======         ======
           memset                  8FD4            MpuGetOffset (GY521)

    -------------------------------------------------------------------------
  LIBRARY MODULE, NAME : ?memzero

  SEGMENTS IN THE MODULE
  ======================
<CODE> 1 (was CODE)
  Relative segment, address: 9040 - 9057 (0x18 bytes), align: 1
  Segment part 5.
           ENTRY                   ADDRESS         REF BY
           =====                   =======         ======
           __data20_memzero        9040            ?cstart_init_zero20 (?cstart)
    -------------------------------------------------------------------------
<CODE> 1 (was CODE)
  Relative segment, address: 9192 - 9195 (0x4 bytes), align: 1
  Segment part 6.
           ENTRY                   ADDRESS         REF BY
           =====                   =======         ======
           __data20_memcpy         9192            ?cstart_init_copy20 (?cstart)
                                                   ?cstart_init_copy_ramfunc (?cstart)
               calls direct

    -------------------------------------------------------------------------
  LIBRARY MODULE, NAME : ?sqrt

  SEGMENTS IN THE MODULE
  ======================
<CODE> 1 (was CODE)
  Relative segment, address: 7668 - 7759 (0xf2 bytes), align: 1
  Segment part 2.
           ENTRY                   ADDRESS         REF BY
           =====                   =======         ======
           sqrt                    7668            asin (?asin)
               calls direct
    -------------------------------------------------------------------------
<CODE> 1 (was CODE)
  Relative segment, address: 9180 - 9189 (0xa bytes), align: 1
  Segment part 3.             Intra module refs:   sqrt
    -------------------------------------------------------------------------
<CODE> 1 (was CODE)
  Relative segment, address: 9112 - 911F (0xe bytes), align: 1
  Segment part 4.             Intra module refs:   sqrt
    -------------------------------------------------------------------------
<CODE> 1 (was CODE)
  Relative segment, address: 9070 - 9083 (0x14 bytes), align: 1
  Segment part 5.             Intra module refs:   sqrt

    -------------------------------------------------------------------------
  LIBRARY MODULE, NAME : ?xatan

  SEGMENTS IN THE MODULE
  ======================
DATA20_C
  Relative segment, address: 921E - 923D (0x20 bytes), align: 1
  Segment part 2.             Intra module refs:   __iar_Atan
    -------------------------------------------------------------------------
<CODE> 1 (was CODE)
  Relative segment, address: 725A - 736F (0x116 bytes), align: 1
  Segment part 3.
           ENTRY                   ADDRESS         REF BY
           =====                   =======         ======
           __iar_Atan              725A            asin (?asin)
                                                   atan2f (?atan2f)
               calls direct

    -------------------------------------------------------------------------
  LIBRARY MODULE, NAME : ?xdscale

  SEGMENTS IN THE MODULE
  ======================
<CODE> 1 (was CODE)
  Relative segment, address: 8170 - 81FF (0x90 bytes), align: 1
  Segment part 2.
           ENTRY                   ADDRESS         REF BY
           =====                   =======         ======
           __iar_Dscale            8170            sqrt (?sqrt)

    -------------------------------------------------------------------------
  LIBRARY MODULE, NAME : ?xdtest

  SEGMENTS IN THE MODULE
  ======================
<CODE> 1 (was CODE)
  Relative segment, address: 8ED2 - 8EF5 (0x24 bytes), align: 1
  Segment part 2.
           ENTRY                   ADDRESS         REF BY
           =====                   =======         ======
           __iar_Dtest             8ED2            atan2f (?atan2f)

    -------------------------------------------------------------------------
  LIBRARY MODULE, NAME : ?xdunscal

  SEGMENTS IN THE MODULE
  ======================
<CODE> 1 (was CODE)
  Relative segment, address: 892A - 8971 (0x48 bytes), align: 1
  Segment part 2.
           ENTRY                   ADDRESS         REF BY
           =====                   =======         ======
           __iar_Dunscale          892A            sqrt (?sqrt)




                ****************************************
                *                                      *
                *      SEGMENTS IN ADDRESS ORDER       *
                *                                      *
                ****************************************


SEGMENT              SPACE    START ADDRESS   END ADDRESS     SIZE  TYPE  ALIGN
=======              =====    =============   ===========     ====  ====  =====
DATA16_AN                              0102 - 0103               2   rel    0
                                       0120 - 0121               2 
                                       0124 - 0127               4 
                                       012C - 012D               2 
                                       0140 - 0141               2 
                                       0144 - 0145               2 
                                       015C - 015D               2 
                                       01B0 - 01B1               2 
                                       01C0 - 01C3               4 
                                       01E0 - 01E1               2 
                                       0200 - 0205               6 
                                       0220 - 0225               6 
                                       0240 - 0241               2 
                                       024A - 024B               2 
                                       0260 - 0263               4 
                                       04A0 - 04A1               2 
                                       04A8 - 04AB               4 
                                       04B0 - 04B1               2 
                                       04B8 - 04BB               4 
                                       0500 - 0501               2 
                                       08C4 - 08C5               2 
DATA16_Z                                  2400                       dse    0
TLS16_I                                   2400                       dse    0
DATA16_I                                  2400                       dse    0
CODE_I                                 2400 - 247B              7C   rel    1
DATA20_I                               247C - 250D              92   rel    1
DATA20_Z                               250E - 2AE7             5DA   rel    1
DATA20_N                               2AE8 - 2B0F              28   rel    1
CSTACK                                 42E0 - 437F              A0   rel    1
DATA16_AN                              4380 - 43FF              80   rel    0
DATA16_ID                                 4400                       dse    0
TLS16_ID                                  4400                       dse    0
CSTART                                 4400 - 444B              4C   rel    1
ISR_CODE                               444C - 461D             1D2   rel    1
<CODE> 1                               461E - 91AD            4B90   rel    1
DATA20_C                               91AE - 9287              DA   rel    1
DATA20_ID                              9288 - 9319              92   rel    1
CODE_ID                                931A - 9395              7C   rel    1
RESET                                  FFFE - FFFF               2   rel    1

                ****************************************
                *                                      *
                *        END OF CROSS REFERENCE        *
                *                                      *
                ****************************************

 19 888 bytes of CODE  memory
  1 968 bytes of DATA  memory (+ 188 absolute )
    488 bytes of CONST memory

Errors: none
Warnings: none

