################################################################################
#                                                                              #
#      IAR Universal Linker V6.5.1.95                                          #
#                                                                              #
#           Link time     =  20/Nov/2018  19:41:05                             #
#           Target CPU    =  MSP430                                            #
#           List file     =  D:\F150-T401\F150-T401_Experiment_Code\ÑÐ·¢ÐÞ¸ÄÄ¿ #
#                            Â¼\¸½¼þÄ¿Â¼\2.Ô´Âë\1.·É¿ØÔ´Âë\Debug\List\MSP430_F #
#                            150.map                                           #
#           Output file 1 =  D:\F150-T401\F150-T401_Experiment_Code\ÑÐ·¢ÐÞ¸ÄÄ¿ #
#                            Â¼\¸½¼þÄ¿Â¼\2.Ô´Âë\1.·É¿ØÔ´Âë\Debug\Exe\MSP430_F1 #
#                            50.d43                                            #
#                            Format: ubrof10                                   #
#                            UBROF version 10.0.6                              #
#                            Using library modules for C-SPY (-rt)             #
#           Command line  =  -f                                                #
#                            C:\Users\ÑÕ×Óéª\AppData\Local\Temp\EW3563.tmp     #
#                            (D:\F150-T401\F150-T401_Experiment_Code\ÑÐ·¢ÐÞ¸ÄÄ #
#                            ¿Â¼\¸½¼þÄ¿Â¼\2.Ô´Âë\1.·É¿ØÔ´Âë\Debug\Obj\adc10_a. #
#                            r43                                               #
#                            D:\F150-T401\F150-T401_Experiment_Code\ÑÐ·¢ÐÞ¸ÄÄ¿ #
#                            Â¼\¸½¼þÄ¿Â¼\2.Ô´Âë\1.·É¿ØÔ´Âë\Debug\Obj\adc12_a.r #
#                            43                                                #
#                            D:\F150-T401\F150-T401_Experiment_Code\ÑÐ·¢ÐÞ¸ÄÄ¿ #
#                            Â¼\¸½¼þÄ¿Â¼\2.Ô´Âë\1.·É¿ØÔ´Âë\Debug\Obj\aes.r43   #
#                            D:\F150-T401\F150-T401_Experiment_Code\ÑÐ·¢ÐÞ¸ÄÄ¿ #
#                            Â¼\¸½¼þÄ¿Â¼\2.Ô´Âë\1.·É¿ØÔ´Âë\Debug\Obj\battbak.r #
#                            43                                                #
#                            D:\F150-T401\F150-T401_Experiment_Code\ÑÐ·¢ÐÞ¸ÄÄ¿ #
#                            Â¼\¸½¼þÄ¿Â¼\2.Ô´Âë\1.·É¿ØÔ´Âë\Debug\Obj\board.r43 #
#                            D:\F150-T401\F150-T401_Experiment_Code\ÑÐ·¢ÐÞ¸ÄÄ¿ #
#                            Â¼\¸½¼þÄ¿Â¼\2.Ô´Âë\1.·É¿ØÔ´Âë\Debug\Obj\communica #
#                            tion.r43                                          #
#                            D:\F150-T401\F150-T401_Experiment_Code\ÑÐ·¢ÐÞ¸ÄÄ¿ #
#                            Â¼\¸½¼þÄ¿Â¼\2.Ô´Âë\1.·É¿ØÔ´Âë\Debug\Obj\comp_b.r4 #
#                            3                                                 #
#                            D:\F150-T401\F150-T401_Experiment_Code\ÑÐ·¢ÐÞ¸ÄÄ¿ #
#                            Â¼\¸½¼þÄ¿Â¼\2.Ô´Âë\1.·É¿ØÔ´Âë\Debug\Obj\control.r #
#                            43                                                #
#                            D:\F150-T401\F150-T401_Experiment_Code\ÑÐ·¢ÐÞ¸ÄÄ¿ #
#                            Â¼\¸½¼þÄ¿Â¼\2.Ô´Âë\1.·É¿ØÔ´Âë\Debug\Obj\crc.r43   #
#                            D:\F150-T401\F150-T401_Experiment_Code\ÑÐ·¢ÐÞ¸ÄÄ¿ #
#                            Â¼\¸½¼þÄ¿Â¼\2.Ô´Âë\1.·É¿ØÔ´Âë\Debug\Obj\ctsd16.r4 #
#                            3                                                 #
#                            D:\F150-T401\F150-T401_Experiment_Code\ÑÐ·¢ÐÞ¸ÄÄ¿ #
#                            Â¼\¸½¼þÄ¿Â¼\2.Ô´Âë\1.·É¿ØÔ´Âë\Debug\Obj\dac12_a.r #
#                            43                                                #
#                            D:\F150-T401\F150-T401_Experiment_Code\ÑÐ·¢ÐÞ¸ÄÄ¿ #
#                            Â¼\¸½¼þÄ¿Â¼\2.Ô´Âë\1.·É¿ØÔ´Âë\Debug\Obj\delay.r43 #
#                            D:\F150-T401\F150-T401_Experiment_Code\ÑÐ·¢ÐÞ¸ÄÄ¿ #
#                            Â¼\¸½¼þÄ¿Â¼\2.Ô´Âë\1.·É¿ØÔ´Âë\Debug\Obj\dma.r43   #
#                            D:\F150-T401\F150-T401_Experiment_Code\ÑÐ·¢ÐÞ¸ÄÄ¿ #
#                            Â¼\¸½¼þÄ¿Â¼\2.Ô´Âë\1.·É¿ØÔ´Âë\Debug\Obj\eusci_a_s #
#                            pi.r43                                            #
#                            D:\F150-T401\F150-T401_Experiment_Code\ÑÐ·¢ÐÞ¸ÄÄ¿ #
#                            Â¼\¸½¼þÄ¿Â¼\2.Ô´Âë\1.·É¿ØÔ´Âë\Debug\Obj\eusci_a_u #
#                            art.r43                                           #
#                            D:\F150-T401\F150-T401_Experiment_Code\ÑÐ·¢ÐÞ¸ÄÄ¿ #
#                            Â¼\¸½¼þÄ¿Â¼\2.Ô´Âë\1.·É¿ØÔ´Âë\Debug\Obj\eusci_b_i #
#                            2c.r43                                            #
#                            D:\F150-T401\F150-T401_Experiment_Code\ÑÐ·¢ÐÞ¸ÄÄ¿ #
#                            Â¼\¸½¼þÄ¿Â¼\2.Ô´Âë\1.·É¿ØÔ´Âë\Debug\Obj\eusci_b_s #
#                            pi.r43                                            #
#                            D:\F150-T401\F150-T401_Experiment_Code\ÑÐ·¢ÐÞ¸ÄÄ¿ #
#                            Â¼\¸½¼þÄ¿Â¼\2.Ô´Âë\1.·É¿ØÔ´Âë\Debug\Obj\filter.r4 #
#                            3                                                 #
#                            D:\F150-T401\F150-T401_Experiment_Code\ÑÐ·¢ÐÞ¸ÄÄ¿ #
#                            Â¼\¸½¼þÄ¿Â¼\2.Ô´Âë\1.·É¿ØÔ´Âë\Debug\Obj\flash.r43 #
#                            D:\F150-T401\F150-T401_Experiment_Code\ÑÐ·¢ÐÞ¸ÄÄ¿ #
#                            Â¼\¸½¼þÄ¿Â¼\2.Ô´Âë\1.·É¿ØÔ´Âë\Debug\Obj\flashctl. #
#                            r43                                               #
#                            D:\F150-T401\F150-T401_Experiment_Code\ÑÐ·¢ÐÞ¸ÄÄ¿ #
#                            Â¼\¸½¼þÄ¿Â¼\2.Ô´Âë\1.·É¿ØÔ´Âë\Debug\Obj\gcs.r43   #
#                            D:\F150-T401\F150-T401_Experiment_Code\ÑÐ·¢ÐÞ¸ÄÄ¿ #
#                            Â¼\¸½¼þÄ¿Â¼\2.Ô´Âë\1.·É¿ØÔ´Âë\Debug\Obj\gpio.r43  #
#                            D:\F150-T401\F150-T401_Experiment_Code\ÑÐ·¢ÐÞ¸ÄÄ¿ #
#                            Â¼\¸½¼þÄ¿Â¼\2.Ô´Âë\1.·É¿ØÔ´Âë\Debug\Obj\height_co #
#                            ntrol.r43                                         #
#                            D:\F150-T401\F150-T401_Experiment_Code\ÑÐ·¢ÐÞ¸ÄÄ¿ #
#                            Â¼\¸½¼þÄ¿Â¼\2.Ô´Âë\1.·É¿ØÔ´Âë\Debug\Obj\i2c.r43   #
#                            D:\F150-T401\F150-T401_Experiment_Code\ÑÐ·¢ÐÞ¸ÄÄ¿ #
#                            Â¼\¸½¼þÄ¿Â¼\2.Ô´Âë\1.·É¿ØÔ´Âë\Debug\Obj\imu.r43   #
#                            D:\F150-T401\F150-T401_Experiment_Code\ÑÐ·¢ÐÞ¸ÄÄ¿ #
#                            Â¼\¸½¼þÄ¿Â¼\2.Ô´Âë\1.·É¿ØÔ´Âë\Debug\Obj\Init.r43  #
#                            D:\F150-T401\F150-T401_Experiment_Code\ÑÐ·¢ÐÞ¸ÄÄ¿ #
#                            Â¼\¸½¼þÄ¿Â¼\2.Ô´Âë\1.·É¿ØÔ´Âë\Debug\Obj\kalman.r4 #
#                            3                                                 #
#                            D:\F150-T401\F150-T401_Experiment_Code\ÑÐ·¢ÐÞ¸ÄÄ¿ #
#                            Â¼\¸½¼þÄ¿Â¼\2.Ô´Âë\1.·É¿ØÔ´Âë\Debug\Obj\kernel.r4 #
#                            3                                                 #
#                            D:\F150-T401\F150-T401_Experiment_Code\ÑÐ·¢ÐÞ¸ÄÄ¿ #
#                            Â¼\¸½¼þÄ¿Â¼\2.Ô´Âë\1.·É¿ØÔ´Âë\Debug\Obj\lcd_b.r43 #
#                            D:\F150-T401\F150-T401_Experiment_Code\ÑÐ·¢ÐÞ¸ÄÄ¿ #
#                            Â¼\¸½¼þÄ¿Â¼\2.Ô´Âë\1.·É¿ØÔ´Âë\Debug\Obj\lcd_c.r43 #
#                            D:\F150-T401\F150-T401_Experiment_Code\ÑÐ·¢ÐÞ¸ÄÄ¿ #
#                            Â¼\¸½¼þÄ¿Â¼\2.Ô´Âë\1.·É¿ØÔ´Âë\Debug\Obj\ldopwr.r4 #
#                            3                                                 #
#                            D:\F150-T401\F150-T401_Experiment_Code\ÑÐ·¢ÐÞ¸ÄÄ¿ #
#                            Â¼\¸½¼þÄ¿Â¼\2.Ô´Âë\1.·É¿ØÔ´Âë\Debug\Obj\LED.r43   #
#                            D:\F150-T401\F150-T401_Experiment_Code\ÑÐ·¢ÐÞ¸ÄÄ¿ #
#                            Â¼\¸½¼þÄ¿Â¼\2.Ô´Âë\1.·É¿ØÔ´Âë\Debug\Obj\main.r43  #
#                            D:\F150-T401\F150-T401_Experiment_Code\ÑÐ·¢ÐÞ¸ÄÄ¿ #
#                            Â¼\¸½¼þÄ¿Â¼\2.Ô´Âë\1.·É¿ØÔ´Âë\Debug\Obj\motor.r43 #
#                            D:\F150-T401\F150-T401_Experiment_Code\ÑÐ·¢ÐÞ¸ÄÄ¿ #
#                            Â¼\¸½¼þÄ¿Â¼\2.Ô´Âë\1.·É¿ØÔ´Âë\Debug\Obj\mpu6050.r #
#                            43                                                #
#                            D:\F150-T401\F150-T401_Experiment_Code\ÑÐ·¢ÐÞ¸ÄÄ¿ #
#                            Â¼\¸½¼þÄ¿Â¼\2.Ô´Âë\1.·É¿ØÔ´Âë\Debug\Obj\mpy32.r43 #
#                            D:\F150-T401\F150-T401_Experiment_Code\ÑÐ·¢ÐÞ¸ÄÄ¿ #
#                            Â¼\¸½¼þÄ¿Â¼\2.Ô´Âë\1.·É¿ØÔ´Âë\Debug\Obj\myMath.r4 #
#                            3                                                 #
#                            D:\F150-T401\F150-T401_Experiment_Code\ÑÐ·¢ÐÞ¸ÄÄ¿ #
#                            Â¼\¸½¼þÄ¿Â¼\2.Ô´Âë\1.·É¿ØÔ´Âë\Debug\Obj\nrf24l01. #
#                            r43                                               #
#                            D:\F150-T401\F150-T401_Experiment_Code\ÑÐ·¢ÐÞ¸ÄÄ¿ #
#                            Â¼\¸½¼þÄ¿Â¼\2.Ô´Âë\1.·É¿ØÔ´Âë\Debug\Obj\oa.r43    #
#                            D:\F150-T401\F150-T401_Experiment_Code\ÑÐ·¢ÐÞ¸ÄÄ¿ #
#                            Â¼\¸½¼þÄ¿Â¼\2.Ô´Âë\1.·É¿ØÔ´Âë\Debug\Obj\pid.r43   #
#                            D:\F150-T401\F150-T401_Experiment_Code\ÑÐ·¢ÐÞ¸ÄÄ¿ #
#                            Â¼\¸½¼þÄ¿Â¼\2.Ô´Âë\1.·É¿ØÔ´Âë\Debug\Obj\pmap.r43  #
#                            D:\F150-T401\F150-T401_Experiment_Code\ÑÐ·¢ÐÞ¸ÄÄ¿ #
#                            Â¼\¸½¼þÄ¿Â¼\2.Ô´Âë\1.·É¿ØÔ´Âë\Debug\Obj\pmm.r43   #
#                            D:\F150-T401\F150-T401_Experiment_Code\ÑÐ·¢ÐÞ¸ÄÄ¿ #
#                            Â¼\¸½¼þÄ¿Â¼\2.Ô´Âë\1.·É¿ØÔ´Âë\Debug\Obj\queue.r43 #
#                            D:\F150-T401\F150-T401_Experiment_Code\ÑÐ·¢ÐÞ¸ÄÄ¿ #
#                            Â¼\¸½¼þÄ¿Â¼\2.Ô´Âë\1.·É¿ØÔ´Âë\Debug\Obj\ram.r43   #
#                            D:\F150-T401\F150-T401_Experiment_Code\ÑÐ·¢ÐÞ¸ÄÄ¿ #
#                            Â¼\¸½¼þÄ¿Â¼\2.Ô´Âë\1.·É¿ØÔ´Âë\Debug\Obj\ref.r43   #
#                            D:\F150-T401\F150-T401_Experiment_Code\ÑÐ·¢ÐÞ¸ÄÄ¿ #
#                            Â¼\¸½¼þÄ¿Â¼\2.Ô´Âë\1.·É¿ØÔ´Âë\Debug\Obj\remote.r4 #
#                            3                                                 #
#                            D:\F150-T401\F150-T401_Experiment_Code\ÑÐ·¢ÐÞ¸ÄÄ¿ #
#                            Â¼\¸½¼þÄ¿Â¼\2.Ô´Âë\1.·É¿ØÔ´Âë\Debug\Obj\rtc_a.r43 #
#                            D:\F150-T401\F150-T401_Experiment_Code\ÑÐ·¢ÐÞ¸ÄÄ¿ #
#                            Â¼\¸½¼þÄ¿Â¼\2.Ô´Âë\1.·É¿ØÔ´Âë\Debug\Obj\rtc_b.r43 #
#                            D:\F150-T401\F150-T401_Experiment_Code\ÑÐ·¢ÐÞ¸ÄÄ¿ #
#                            Â¼\¸½¼þÄ¿Â¼\2.Ô´Âë\1.·É¿ØÔ´Âë\Debug\Obj\rtc_c.r43 #
#                            D:\F150-T401\F150-T401_Experiment_Code\ÑÐ·¢ÐÞ¸ÄÄ¿ #
#                            Â¼\¸½¼þÄ¿Â¼\2.Ô´Âë\1.·É¿ØÔ´Âë\Debug\Obj\sd24_b.r4 #
#                            3                                                 #
#                            D:\F150-T401\F150-T401_Experiment_Code\ÑÐ·¢ÐÞ¸ÄÄ¿ #
#                            Â¼\¸½¼þÄ¿Â¼\2.Ô´Âë\1.·É¿ØÔ´Âë\Debug\Obj\sfr.r43   #
#                            D:\F150-T401\F150-T401_Experiment_Code\ÑÐ·¢ÐÞ¸ÄÄ¿ #
#                            Â¼\¸½¼þÄ¿Â¼\2.Ô´Âë\1.·É¿ØÔ´Âë\Debug\Obj\speed_est #
#                            imator.r43                                        #
#                            D:\F150-T401\F150-T401_Experiment_Code\ÑÐ·¢ÐÞ¸ÄÄ¿ #
#                            Â¼\¸½¼þÄ¿Â¼\2.Ô´Âë\1.·É¿ØÔ´Âë\Debug\Obj\spi.r43   #
#                            D:\F150-T401\F150-T401_Experiment_Code\ÑÐ·¢ÐÞ¸ÄÄ¿ #
#                            Â¼\¸½¼þÄ¿Â¼\2.Ô´Âë\1.·É¿ØÔ´Âë\Debug\Obj\SPL06.r43 #
#                            D:\F150-T401\F150-T401_Experiment_Code\ÑÐ·¢ÐÞ¸ÄÄ¿ #
#                            Â¼\¸½¼þÄ¿Â¼\2.Ô´Âë\1.·É¿ØÔ´Âë\Debug\Obj\sysctl.r4 #
#                            3                                                 #
#                            D:\F150-T401\F150-T401_Experiment_Code\ÑÐ·¢ÐÞ¸ÄÄ¿ #
#                            Â¼\¸½¼þÄ¿Â¼\2.Ô´Âë\1.·É¿ØÔ´Âë\Debug\Obj\tec.r43   #
#                            D:\F150-T401\F150-T401_Experiment_Code\ÑÐ·¢ÐÞ¸ÄÄ¿ #
#                            Â¼\¸½¼þÄ¿Â¼\2.Ô´Âë\1.·É¿ØÔ´Âë\Debug\Obj\timer.r43 #
#                            D:\F150-T401\F150-T401_Experiment_Code\ÑÐ·¢ÐÞ¸ÄÄ¿ #
#                            Â¼\¸½¼þÄ¿Â¼\2.Ô´Âë\1.·É¿ØÔ´Âë\Debug\Obj\timer_a.r #
#                            43                                                #
#                            D:\F150-T401\F150-T401_Experiment_Code\ÑÐ·¢ÐÞ¸ÄÄ¿ #
#                            Â¼\¸½¼þÄ¿Â¼\2.Ô´Âë\1.·É¿ØÔ´Âë\Debug\Obj\timer_b.r #
#                            43                                                #
#                            D:\F150-T401\F150-T401_Experiment_Code\ÑÐ·¢ÐÞ¸ÄÄ¿ #
#                            Â¼\¸½¼þÄ¿Â¼\2.Ô´Âë\1.·É¿ØÔ´Âë\Debug\Obj\timer_d.r #
#                            43                                                #
#                            D:\F150-T401\F150-T401_Experiment_Code\ÑÐ·¢ÐÞ¸ÄÄ¿ #
#                            Â¼\¸½¼þÄ¿Â¼\2.Ô´Âë\1.·É¿ØÔ´Âë\Debug\Obj\tlv.r43   #
#                            D:\F150-T401\F150-T401_Experiment_Code\ÑÐ·¢ÐÞ¸ÄÄ¿ #
#                            Â¼\¸½¼þÄ¿Â¼\2.Ô´Âë\1.·É¿ØÔ´Âë\Debug\Obj\UART.r43  #
#                            D:\F150-T401\F150-T401_Experiment_Code\ÑÐ·¢ÐÞ¸ÄÄ¿ #
#                            Â¼\¸½¼þÄ¿Â¼\2.Ô´Âë\1.·É¿ØÔ´Âë\Debug\Obj\ucs.r43   #
#                            D:\F150-T401\F150-T401_Experiment_Code\ÑÐ·¢ÐÞ¸ÄÄ¿ #
#                            Â¼\¸½¼þÄ¿Â¼\2.Ô´Âë\1.·É¿ØÔ´Âë\Debug\Obj\usci_a_sp #
#                            i.r43                                             #
#                            D:\F150-T401\F150-T401_Experiment_Code\ÑÐ·¢ÐÞ¸ÄÄ¿ #
#                            Â¼\¸½¼þÄ¿Â¼\2.Ô´Âë\1.·É¿ØÔ´Âë\Debug\Obj\usci_a_ua #
#                            rt.r43                                            #
#                            D:\F150-T401\F150-T401_Experiment_Code\ÑÐ·¢ÐÞ¸ÄÄ¿ #
#                            Â¼\¸½¼þÄ¿Â¼\2.Ô´Âë\1.·É¿ØÔ´Âë\Debug\Obj\usci_b_i2 #
#                            c.r43                                             #
#                            D:\F150-T401\F150-T401_Experiment_Code\ÑÐ·¢ÐÞ¸ÄÄ¿ #
#                            Â¼\¸½¼þÄ¿Â¼\2.Ô´Âë\1.·É¿ØÔ´Âë\Debug\Obj\usci_b_sp #
#                            i.r43                                             #
#                            D:\F150-T401\F150-T401_Experiment_Code\ÑÐ·¢ÐÞ¸ÄÄ¿ #
#                            Â¼\¸½¼þÄ¿Â¼\2.Ô´Âë\1.·É¿ØÔ´Âë\Debug\Obj\wdt_a.r43 #
#                            D:\F150-T401\F150-T401_Experiment_Code\ÑÐ·¢ÐÞ¸ÄÄ¿ #
#                            Â¼\¸½¼þÄ¿Â¼\2.Ô´Âë\1.·É¿ØÔ´Âë\Debug\Obj\ZKHD_Link #
#                            .r43                                              #
#                            -o                                                #
#                            D:\F150-T401\F150-T401_Experiment_Code\ÑÐ·¢ÐÞ¸ÄÄ¿ #
#                            Â¼\¸½¼þÄ¿Â¼\2.Ô´Âë\1.·É¿ØÔ´Âë\Debug\Exe\MSP430_F1 #
#                            50.d43                                            #
#                            -l                                                #
#                            D:\F150-T401\F150-T401_Experiment_Code\ÑÐ·¢ÐÞ¸ÄÄ¿ #
#                            Â¼\¸½¼þÄ¿Â¼\2.Ô´Âë\1.·É¿ØÔ´Âë\Debug\List\MSP430_F #
#                            150.map                                           #
#                            -xms -ID:\IAR\430\LIB\ -f                         #
#                            D:\IAR\430\config\linker\lnk430f5529.xcl          #
#                            (-cmsp430 -D?CPU30_OFFSET=2 -QCODE_I=CODE_ID      #
#                            -QTLS16_I=TLS16_ID -D__iar_HWMUL=4C0              #
#                            -Z(CONST)INFO=1800-19FF                           #
#                            -Z(CONST)INFOA=1980-19FF                          #
#                            -Z(CONST)INFOB=1900-197F                          #
#                            -Z(CONST)INFOC=1880-18FF                          #
#                            -Z(CONST)INFOD=1800-187F                          #
#                            -Z(DATA)USBRAM=1C00-23FF                          #
#                            -Z(DATA)DATA16_I,DATA16_Z,DATA16_N,TLS16_I=2400-4 #
#                            3FF                                               #
#                            -Z(DATA)DATA16_HEAP+_DATA16_HEAP_SIZE             #
#                            -Z(DATA)CODE_I                                    #
#                            -Z(DATA)DATA20_I,DATA20_Z,DATA20_N,DATA20_HEAP+_D #
#                            ATA20_HEAP_SIZE                                   #
#                            -Z(DATA)CSTACK+_STACK_SIZE#                       #
#                            -Z(CONST)DATA16_C,DATA16_ID,TLS16_ID,DIFUNCT,CHEC #
#                            KSUM=4400-FF7F                                    #
#                            -Z(CODE)CSTART,ISR_CODE,CODE16=4400-FF7F          #
#                            -P(CODE)CODE=4400-FF7F,10000-243FF                #
#                            -Z(CONST)DATA20_C,DATA20_ID,CODE_ID=4400-FF7F,100 #
#                            40-243FF                                          #
#                            -Z(CODE)INTVEC=FF80-FFFF                          #
#                            -Z(CODE)RESET=FFFE-FFFF) -f                       #
#                            D:\IAR\430\config\linker\multiplier32.xcl         #
#                            (-e?Mul8Hw=?Mul8 -e?Mul16Hw=?Mul16                #
#                            -e?Mul16to32uHw=?Mul16to32u                       #
#                            -e?Mul16to32sHw=?Mul16to32s -e?Mul32Hw32=?Mul32   #
#                            -e?Mul64Hw32=_Mul64i                              #
#                            -e?Mul32u32uto64iHw32=_Mul32u32uto64i             #
#                            -e?Mul32fHw32=_Mul32f                             #
#                            -e_Mul64fHw32Ptr=_Mul64fPtr) -D_STACK_SIZE=A0     #
#                            -rt D:\IAR\430\lib\dlib\dl430xllff.r43            #
#                            -D_DATA16_HEAP_SIZE=A0 -s __program_start         #
#                            -D_DATA20_HEAP_SIZE=50)                           #
#                                                                              #
#                           Copyright (C) 1987-2016 IAR Systems AB.            #
################################################################################





                ****************************************
                *                                      *
                *           CROSS REFERENCE            *
                *                                      *
                ****************************************

       Program entry at :           4400  Relocatable, from module : ?cstart




                ****************************************
                *                                      *
                *            RUNTIME MODEL             *
                *                                      *
                ****************************************

  __Heap_Handler             = Basic
  __SystemLibrary            = DLib
  __code_model               = large
  __core                     = 430X
  __data_model               = large
  __dlib_file_descriptor     = 1
  __dlib_full_locale_support = 1
  __double_size              = 32
  __pic                      = no
  __reg_r4                   = free
  __reg_r5                   = free
  __rt_version               = 3

                ****************************************
                *                                      *
                *    AUTOMATIC SYMBOL REDIRECTIONS     *
                *                                      *
                ****************************************

                  There are no automatic symbol redirections.



                ****************************************
                *                                      *
                *              MODULE MAP              *
                *                                      *
                ****************************************


  DEFINED ABSOLUTE ENTRIES
    *************************************************************************

  DEFINED ABSOLUTE ENTRIES
  PROGRAM MODULE, NAME : ?ABS_ENTRY_MOD

Absolute parts
           ENTRY                   ADDRESS         REF BY
           =====                   =======         ======
           _DATA20_HEAP_SIZE       0050 
           _DATA16_HEAP_SIZE       00A0 
           _STACK_SIZE             00A0 
           __iar_HWMUL             04C0            ?Mul32fHw32 (?Mul32fHw32)
                                                   privateUCSSourceClockFromDCO (ucs)
           ?CPU30_OFFSET           0002 
    *************************************************************************

  FILE NAME : D:\F150-T401\F150-T401_Experiment_Code\ÑÐ·¢ÐÞ¸ÄÄ¿Â¼\¸½¼þÄ¿Â¼\2.Ô´Âë\1.·É¿ØÔ´Âë\Debug\Obj\adc10_a.r43
    *************************************************************************

  FILE NAME : D:\F150-T401\F150-T401_Experiment_Code\ÑÐ·¢ÐÞ¸ÄÄ¿Â¼\¸½¼þÄ¿Â¼\2.Ô´Âë\1.·É¿ØÔ´Âë\Debug\Obj\adc12_a.r43
    *************************************************************************

  FILE NAME : D:\F150-T401\F150-T401_Experiment_Code\ÑÐ·¢ÐÞ¸ÄÄ¿Â¼\¸½¼þÄ¿Â¼\2.Ô´Âë\1.·É¿ØÔ´Âë\Debug\Obj\aes.r43
    *************************************************************************

  FILE NAME : D:\F150-T401\F150-T401_Experiment_Code\ÑÐ·¢ÐÞ¸ÄÄ¿Â¼\¸½¼þÄ¿Â¼\2.Ô´Âë\1.·É¿ØÔ´Âë\Debug\Obj\battbak.r43
    *************************************************************************

  FILE NAME : D:\F150-T401\F150-T401_Experiment_Code\ÑÐ·¢ÐÞ¸ÄÄ¿Â¼\¸½¼þÄ¿Â¼\2.Ô´Âë\1.·É¿ØÔ´Âë\Debug\Obj\board.r43
  PROGRAM MODULE, NAME : board

  SEGMENTS IN THE MODULE
  ======================
DATA20_Z
  Relative segment, address: 260E - 2615 (0x8 bytes), align: 1
  Segment part 2.             Intra module refs:   System_Clock_Init
           ENTRY                   ADDRESS         REF BY
           =====                   =======         ======
           Clk_ACLK                260E 
    -------------------------------------------------------------------------
DATA20_Z
  Relative segment, address: 2616 - 261D (0x8 bytes), align: 1
  Segment part 3.             Intra module refs:   System_Clock_Init
           ENTRY                   ADDRESS         REF BY
           =====                   =======         ======
           Clk_SMCLK               2616 
    -------------------------------------------------------------------------
DATA20_Z
  Relative segment, address: 261E - 2625 (0x8 bytes), align: 1
  Segment part 4.             Intra module refs:   System_Clock_Init
           ENTRY                   ADDRESS         REF BY
           =====                   =======         ======
           Clk_MCLK                261E 
    -------------------------------------------------------------------------
<CODE> 1 (was CODE)
  Relative segment, address: 7A18 - 7B13 (0xfc bytes), align: 1
  Segment part 5.
           ENTRY                   ADDRESS         REF BY
           =====                   =======         ======
           System_Clock_Init       7A18            Hardware_Init (Init)
               calls direct

    *************************************************************************

  FILE NAME : D:\F150-T401\F150-T401_Experiment_Code\ÑÐ·¢ÐÞ¸ÄÄ¿Â¼\¸½¼þÄ¿Â¼\2.Ô´Âë\1.·É¿ØÔ´Âë\Debug\Obj\communication.r43
  PROGRAM MODULE, NAME : communication

  SEGMENTS IN THE MODULE
  ======================
DATA20_Z
  Relative segment, address: 2626 - 28CD (0x2a8 bytes), align: 1
  Segment part 3.             Intra module refs:   NRF_Radio_Init
                                                   PollingNRF
           ENTRY                   ADDRESS         REF BY
           =====                   =======         ======
           NRF_Mannager            2626            AnalyRC (remote)
                                                   TxPacket (nrf24l01)
    -------------------------------------------------------------------------
DATA20_I
  Relative segment, address: 2600 - 2604 (0x5 bytes), align: 0
  Segment part 4.             Intra module refs:   NRF_Radio_Init
           ENTRY                   ADDRESS         REF BY
           =====                   =======         ======
           TX_ADDRESS              2600 
    -------------------------------------------------------------------------
DATA20_I
  Relative segment, address: 2605 - 2609 (0x5 bytes), align: 0
  Segment part 6.             Intra module refs:   NRF_Radio_Init
           ENTRY                   ADDRESS         REF BY
           =====                   =======         ======
           RX_ADDRESS              2605 
    -------------------------------------------------------------------------
<CODE> 1 (was CODE)
  Relative segment, address: 8556 - 85FB (0xa6 bytes), align: 1
  Segment part 9.
           ENTRY                   ADDRESS         REF BY
           =====                   =======         ======
           NRF_Radio_Init          8556            Hardware_Init (Init)
               calls direct
    -------------------------------------------------------------------------
<CODE> 1 (was CODE)
  Relative segment, address: 7002 - 7147 (0x146 bytes), align: 1
  Segment part 12.
           ENTRY                   ADDRESS         REF BY
           =====                   =======         ======
           PollingNRF              7002            PollingKernel (kernel)
               calls direct and indirect
    -------------------------------------------------------------------------
DATA20_Z
  Relative segment, address: 28CE - 28CF (0x2 bytes), align: 1
  Segment part 8.             Intra module refs:   PollingNRF
           LOCAL                   ADDRESS         
           =====                   =======         
           PollingNRF::rx_succsess_cnt
                                   28CE 
    -------------------------------------------------------------------------
<CODE> 1 (was CODE)
  Relative segment, address: 9BCA - 9BF3 (0x2a bytes), align: 1
  Segment part 11.            Intra module refs:   PollingNRF
           ENTRY                   ADDRESS         REF BY
           =====                   =======         ======
           SwitchPort              9BCA            PollingUSART (UART)
               calls direct
    -------------------------------------------------------------------------
DATA20_ID
  Relative segment, address: A3EA - A3EE (0x5 bytes), align: 0
  Segment part 5.             Intra module refs:   TX_ADDRESS
    -------------------------------------------------------------------------
DATA20_ID
  Relative segment, address: A3EF - A3F3 (0x5 bytes), align: 0
  Segment part 7.             Intra module refs:   RX_ADDRESS
    -------------------------------------------------------------------------
DATA20_C
  Relative segment, address: A1E0 - A1E4 (0x5 bytes), align: 0
  Segment part 2.             Intra module refs:   NRF_Radio_Init

    *************************************************************************

  FILE NAME : D:\F150-T401\F150-T401_Experiment_Code\ÑÐ·¢ÐÞ¸ÄÄ¿Â¼\¸½¼þÄ¿Â¼\2.Ô´Âë\1.·É¿ØÔ´Âë\Debug\Obj\comp_b.r43
    *************************************************************************

  FILE NAME : D:\F150-T401\F150-T401_Experiment_Code\ÑÐ·¢ÐÞ¸ÄÄ¿Â¼\¸½¼þÄ¿Â¼\2.Ô´Âë\1.·É¿ØÔ´Âë\Debug\Obj\control.r43
  PROGRAM MODULE, NAME : control

  SEGMENTS IN THE MODULE
  ======================
DATA20_Z
  Relative segment, address: 28D0 - 28D7 (0x8 bytes), align: 1
  Segment part 2.             Intra module refs:   MotorControl
           ENTRY                   ADDRESS         REF BY
           =====                   =======         ======
           motor                   28D0            gcs_init (gcs)
    -------------------------------------------------------------------------
DATA20_Z
  Relative segment, address: 2D3E - 2D3E (0x1 bytes), align: 0
  Segment part 3.             Intra module refs:   FlightPidControl
                                                   MotorControl
           ENTRY                   ADDRESS         REF BY
           =====                   =======         ======
           g_FMUflg                2D3E            PollingLED (LED)
                                                   RCReceiveHandle (remote)
                                                   RemoteUnlock (remote)
                                                   gcs_init (gcs)
    -------------------------------------------------------------------------
<CODE> 1 (was CODE)
  Relative segment, address: 691C - 6A93 (0x178 bytes), align: 1
  Segment part 8.
           ENTRY                   ADDRESS         REF BY
           =====                   =======         ======
           FlightPidControl        691C            PollingKernel (kernel)
               calls direct
    -------------------------------------------------------------------------
DATA20_I
  Relative segment, address: 260A - 260A (0x1 bytes), align: 0
  Segment part 4.             Intra module refs:   FlightPidControl
           LOCAL                   ADDRESS         
           =====                   =======         
           FlightPidControl::status
                                   260A 
    -------------------------------------------------------------------------
<CODE> 1 (was CODE)
  Relative segment, address: 5776 - 5A99 (0x324 bytes), align: 1
  Segment part 9.
           ENTRY                   ADDRESS         REF BY
           =====                   =======         ======
           MotorControl            5776            PollingKernel (kernel)
               calls direct
    -------------------------------------------------------------------------
DATA20_I
  Relative segment, address: 260B - 260B (0x1 bytes), align: 0
  Segment part 6.             Intra module refs:   MotorControl
           LOCAL                   ADDRESS         
           =====                   =======         
           MotorControl::status    260B 
    -------------------------------------------------------------------------
DATA20_ID
  Relative segment, address: A3F4 - A3F4 (0x1 bytes), align: 0
  Segment part 5.             Intra module refs:   FlightPidControl::status
    -------------------------------------------------------------------------
DATA20_ID
  Relative segment, address: A3F5 - A3F5 (0x1 bytes), align: 0
  Segment part 7.             Intra module refs:   MotorControl::status

    *************************************************************************

  FILE NAME : D:\F150-T401\F150-T401_Experiment_Code\ÑÐ·¢ÐÞ¸ÄÄ¿Â¼\¸½¼þÄ¿Â¼\2.Ô´Âë\1.·É¿ØÔ´Âë\Debug\Obj\crc.r43
    *************************************************************************

  FILE NAME : D:\F150-T401\F150-T401_Experiment_Code\ÑÐ·¢ÐÞ¸ÄÄ¿Â¼\¸½¼þÄ¿Â¼\2.Ô´Âë\1.·É¿ØÔ´Âë\Debug\Obj\ctsd16.r43
    *************************************************************************

  FILE NAME : D:\F150-T401\F150-T401_Experiment_Code\ÑÐ·¢ÐÞ¸ÄÄ¿Â¼\¸½¼þÄ¿Â¼\2.Ô´Âë\1.·É¿ØÔ´Âë\Debug\Obj\dac12_a.r43
    *************************************************************************

  FILE NAME : D:\F150-T401\F150-T401_Experiment_Code\ÑÐ·¢ÐÞ¸ÄÄ¿Â¼\¸½¼þÄ¿Â¼\2.Ô´Âë\1.·É¿ØÔ´Âë\Debug\Obj\delay.r43
  PROGRAM MODULE, NAME : delay

  SEGMENTS IN THE MODULE
  ======================
<CODE> 1 (was CODE)
  Relative segment, address: 9D4C - 9D6F (0x24 bytes), align: 1
  Segment part 2.
           ENTRY                   ADDRESS         REF BY
           =====                   =======         ======
           delay_ms                9D4C            GetMPU6050Offset (mpu6050)
                                                   MPU6050Init (mpu6050)
                                                   SPL06_Init (SPL06)

    *************************************************************************

  FILE NAME : D:\F150-T401\F150-T401_Experiment_Code\ÑÐ·¢ÐÞ¸ÄÄ¿Â¼\¸½¼þÄ¿Â¼\2.Ô´Âë\1.·É¿ØÔ´Âë\Debug\Obj\dma.r43
    *************************************************************************

  FILE NAME : D:\F150-T401\F150-T401_Experiment_Code\ÑÐ·¢ÐÞ¸ÄÄ¿Â¼\¸½¼þÄ¿Â¼\2.Ô´Âë\1.·É¿ØÔ´Âë\Debug\Obj\eusci_a_spi.r43
    *************************************************************************

  FILE NAME : D:\F150-T401\F150-T401_Experiment_Code\ÑÐ·¢ÐÞ¸ÄÄ¿Â¼\¸½¼þÄ¿Â¼\2.Ô´Âë\1.·É¿ØÔ´Âë\Debug\Obj\eusci_a_uart.r43
    *************************************************************************

  FILE NAME : D:\F150-T401\F150-T401_Experiment_Code\ÑÐ·¢ÐÞ¸ÄÄ¿Â¼\¸½¼þÄ¿Â¼\2.Ô´Âë\1.·É¿ØÔ´Âë\Debug\Obj\eusci_b_i2c.r43
    *************************************************************************

  FILE NAME : D:\F150-T401\F150-T401_Experiment_Code\ÑÐ·¢ÐÞ¸ÄÄ¿Â¼\¸½¼þÄ¿Â¼\2.Ô´Âë\1.·É¿ØÔ´Âë\Debug\Obj\eusci_b_spi.r43
    *************************************************************************

  FILE NAME : D:\F150-T401\F150-T401_Experiment_Code\ÑÐ·¢ÐÞ¸ÄÄ¿Â¼\¸½¼þÄ¿Â¼\2.Ô´Âë\1.·É¿ØÔ´Âë\Debug\Obj\filter.r43
    *************************************************************************

  FILE NAME : D:\F150-T401\F150-T401_Experiment_Code\ÑÐ·¢ÐÞ¸ÄÄ¿Â¼\¸½¼þÄ¿Â¼\2.Ô´Âë\1.·É¿ØÔ´Âë\Debug\Obj\flash.r43
  PROGRAM MODULE, NAME : flash

  SEGMENTS IN THE MODULE
  ======================
<CODE> 1 (was CODE)
  Relative segment, address: 9136 - 919B (0x66 bytes), align: 1
  Segment part 2.
           ENTRY                   ADDRESS         REF BY
           =====                   =======         ======
           Flash_Write             9136            UpdateFreq (nrf24l01)
                                                   UpdateRxAddr (nrf24l01)
                                                   UpdateTxAddr (nrf24l01)
               calls direct

    *************************************************************************

  FILE NAME : D:\F150-T401\F150-T401_Experiment_Code\ÑÐ·¢ÐÞ¸ÄÄ¿Â¼\¸½¼þÄ¿Â¼\2.Ô´Âë\1.·É¿ØÔ´Âë\Debug\Obj\flashctl.r43
  PROGRAM MODULE, NAME : flashctl

  SEGMENTS IN THE MODULE
  ======================
<CODE> 1 (was CODE)
  Relative segment, address: 9D94 - 9DB7 (0x24 bytes), align: 1
  Segment part 2.
           ENTRY                   ADDRESS         REF BY
           =====                   =======         ======
           FlashCtl_eraseSegment   9D94            Flash_Write (flash)
    -------------------------------------------------------------------------
<CODE> 1 (was CODE)
  Relative segment, address: 9EDA - 9EF7 (0x1e bytes), align: 1
  Segment part 5.
           ENTRY                   ADDRESS         REF BY
           =====                   =======         ======
           FlashCtl_performEraseCheck
                                   9EDA            Flash_Write (flash)
    -------------------------------------------------------------------------
<CODE> 1 (was CODE)
  Relative segment, address: 9958 - 998B (0x34 bytes), align: 1
  Segment part 6.
           ENTRY                   ADDRESS         REF BY
           =====                   =======         ======
           FlashCtl_write8         9958            Flash_Write (flash)
    -------------------------------------------------------------------------
<CODE> 1 (was CODE)
  Relative segment, address: 9C6E - 9C93 (0x26 bytes), align: 1
  Segment part 11.
           ENTRY                   ADDRESS         REF BY
           =====                   =======         ======
           FlashCtl_lockInfoA      9C6E            Flash_Write (flash)
    -------------------------------------------------------------------------
<CODE> 1 (was CODE)
  Relative segment, address: 9E1E - 9E3F (0x22 bytes), align: 1
  Segment part 12.
           ENTRY                   ADDRESS         REF BY
           =====                   =======         ======
           FlashCtl_unlockInfoA    9E1E            Flash_Write (flash)

    *************************************************************************

  FILE NAME : D:\F150-T401\F150-T401_Experiment_Code\ÑÐ·¢ÐÞ¸ÄÄ¿Â¼\¸½¼þÄ¿Â¼\2.Ô´Âë\1.·É¿ØÔ´Âë\Debug\Obj\gcs.r43
  PROGRAM MODULE, NAME : gcs

  SEGMENTS IN THE MODULE
  ======================
DATA20_Z
  Relative segment, address: 28D8 - 28FB (0x24 bytes), align: 1
  Segment part 2.             Intra module refs:   PollingGCS
                                                   UpdateToGCSFreq
                                                   UpdateToGCSHardwareInfo
                                                   gcs_ReceiveHandle
                                                   gcs_init
           ENTRY                   ADDRESS         REF BY
           =====                   =======         ======
           g_UAVinfo               28D8            MotorControl (control)
                                                   PID_Init (Init)
                                                   PollingKernel (kernel)
                                                   RCReceiveHandle (remote)
                                                   SwitchPort (communication)
                                                   UpdateAltSpeed (speed_estimator)
                                                   UpdateRxAddr (nrf24l01)
    -------------------------------------------------------------------------
DATA20_Z
  Relative segment, address: 2D3F - 2D3F (0x1 bytes), align: 0
  Segment part 3.             Intra module refs:   gcs_ReceiveHandle
           ENTRY                   ADDRESS         REF BY
           =====                   =======         ======
           PID_select              2D3F 
    -------------------------------------------------------------------------
<CODE> 1 (was CODE)
  Relative segment, address: 9600 - 9641 (0x42 bytes), align: 1
  Segment part 6.
           ENTRY                   ADDRESS         REF BY
           =====                   =======         ======
           gcs_init                9600            Hardware_Init (Init)
    -------------------------------------------------------------------------
<CODE> 1 (was CODE)
  Relative segment, address: 84B0 - 8555 (0xa6 bytes), align: 1
  Segment part 7.
           ENTRY                   ADDRESS         REF BY
           =====                   =======         ======
           gcs_ReceiveHandle       84B0            ZKHD_Link_GCS_To_FMU_Handle (ZKHD_Link)
               calls direct and indirect
    -------------------------------------------------------------------------
<CODE> 1 (was CODE)
  Relative segment, address: 90CE - 9135 (0x68 bytes), align: 1
  Segment part 13.
           ENTRY                   ADDRESS         REF BY
           =====                   =======         ======
           PollingGCS              90CE            PollingKernel (kernel)
               calls direct
    -------------------------------------------------------------------------
DATA20_Z
  Relative segment, address: 28FC - 28FF (0x4 bytes), align: 1
  Segment part 5.             Intra module refs:   PollingGCS
           LOCAL                   ADDRESS         
           =====                   =======         
           PollingGCS::Cnt         28FC 
    -------------------------------------------------------------------------
<CODE> 1 (was CODE)
  Relative segment, address: 9C94 - 9CB9 (0x26 bytes), align: 1
  Segment part 9.             Intra module refs:   PollingGCS
           ENTRY                   ADDRESS         REF BY
           =====                   =======         ======
           UpdateUSBQueue          9C94 
               calls direct
    -------------------------------------------------------------------------
<CODE> 1 (was CODE)
  Relative segment, address: 7802 - 790F (0x10e bytes), align: 1
  Segment part 10.            Intra module refs:   PollingGCS
           ENTRY                   ADDRESS         REF BY
           =====                   =======         ======
           UpdateToGCSAttitude     7802 
               calls direct
    -------------------------------------------------------------------------
<CODE> 1 (was CODE)
  Relative segment, address: 898E - 8A1B (0x8e bytes), align: 1
  Segment part 11.            Intra module refs:   PollingGCS
           ENTRY                   ADDRESS         REF BY
           =====                   =======         ======
           UpdateToGCSHardwareInfo
                                   898E 
               calls direct
    -------------------------------------------------------------------------
<CODE> 1 (was CODE)
  Relative segment, address: 9684 - 96C1 (0x3e bytes), align: 1
  Segment part 12.            Intra module refs:   PollingGCS
           ENTRY                   ADDRESS         REF BY
           =====                   =======         ======
           UpdateToGCSFreq         9684 
               calls direct

    *************************************************************************

  FILE NAME : D:\F150-T401\F150-T401_Experiment_Code\ÑÐ·¢ÐÞ¸ÄÄ¿Â¼\¸½¼þÄ¿Â¼\2.Ô´Âë\1.·É¿ØÔ´Âë\Debug\Obj\gpio.r43
  PROGRAM MODULE, NAME : gpio

  SEGMENTS IN THE MODULE
  ======================
DATA20_C
  Relative segment, address: A198 - A1B3 (0x1c bytes), align: 1
  Segment part 2.             Intra module refs:   GPIO_setAsInputPin
                                                   GPIO_setAsOutputPin
                                                   GPIO_setAsPeripheralModuleFunctionInputPin
                                                   GPIO_setAsPeripheralModuleFunctionOutputPin
                                                   GPIO_toggleOutputOnPin
           LOCAL                   ADDRESS         
           =====                   =======         
           GPIO_PORT_TO_BASE       A198 
    -------------------------------------------------------------------------
<CODE> 1 (was CODE)
  Relative segment, address: 9B70 - 9B9D (0x2e bytes), align: 1
  Segment part 3.
           ENTRY                   ADDRESS         REF BY
           =====                   =======         ======
           GPIO_setAsOutputPin     9B70            NRF24L01Init (nrf24l01)
                                                   SPI_init (spi)
    -------------------------------------------------------------------------
<CODE> 1 (was CODE)
  Relative segment, address: 973A - 9771 (0x38 bytes), align: 1
  Segment part 4.
           ENTRY                   ADDRESS         REF BY
           =====                   =======         ======
           GPIO_setAsInputPin      973A            SPI_init (spi)
    -------------------------------------------------------------------------
<CODE> 1 (was CODE)
  Relative segment, address: 9B42 - 9B6F (0x2e bytes), align: 1
  Segment part 5.
           ENTRY                   ADDRESS         REF BY
           =====                   =======         ======
           GPIO_setAsPeripheralModuleFunctionOutputPin
                                   9B42            Motor_Init (motor)
                                                   USART_Init (UART)
    -------------------------------------------------------------------------
<CODE> 1 (was CODE)
  Relative segment, address: 9AE6 - 9B13 (0x2e bytes), align: 1
  Segment part 6.
           ENTRY                   ADDRESS         REF BY
           =====                   =======         ======
           GPIO_setAsPeripheralModuleFunctionInputPin
                                   9AE6            System_Clock_Init (board)
                                                   USART_Init (UART)
    -------------------------------------------------------------------------
<CODE> 1 (was CODE)
  Relative segment, address: 9D28 - 9D4B (0x24 bytes), align: 1
  Segment part 9.
           ENTRY                   ADDRESS         REF BY
           =====                   =======         ======
           GPIO_toggleOutputOnPin
                                   9D28            PollingLED (LED)

    *************************************************************************

  FILE NAME : D:\F150-T401\F150-T401_Experiment_Code\ÑÐ·¢ÐÞ¸ÄÄ¿Â¼\¸½¼þÄ¿Â¼\2.Ô´Âë\1.·É¿ØÔ´Âë\Debug\Obj\height_control.r43
  PROGRAM MODULE, NAME : height_control

  SEGMENTS IN THE MODULE
  ======================
DATA20_Z
  Relative segment, address: 2900 - 2911 (0x12 bytes), align: 1
  Segment part 2.             Intra module refs:   ControlAlt
                                                   UpdateAlt
           ENTRY                   ADDRESS         REF BY
           =====                   =======         ======
           HeightInfo              2900            GetAngle (imu)
                                                   MotorControl (control)
                                                   ResetAltSpeed (speed_estimator)
                                                   UpdateAltSpeed (speed_estimator)
                                                   gcs_init (gcs)
    -------------------------------------------------------------------------
<CODE> 1 (was CODE)
  Relative segment, address: A094 - A0A1 (0xe bytes), align: 1
  Segment part 7.
           ENTRY                   ADDRESS         REF BY
           =====                   =======         ======
           UpdateAltInfo           A094            PollingKernel (kernel)
               calls direct
    -------------------------------------------------------------------------
<CODE> 1 (was CODE)
  Relative segment, address: 9C1E - 9C45 (0x28 bytes), align: 1
  Segment part 6.             Intra module refs:   UpdateAltInfo
           ENTRY                   ADDRESS         REF BY
           =====                   =======         ======
           UpdateAlt               9C1E 
               calls direct
    -------------------------------------------------------------------------
<CODE> 1 (was CODE)
  Relative segment, address: 91FE - 9257 (0x5a bytes), align: 1
  Segment part 8.
           ENTRY                   ADDRESS         REF BY
           =====                   =======         ======
           ControlAlt              91FE            PollingKernel (kernel)
               calls direct

    *************************************************************************

  FILE NAME : D:\F150-T401\F150-T401_Experiment_Code\ÑÐ·¢ÐÞ¸ÄÄ¿Â¼\¸½¼þÄ¿Â¼\2.Ô´Âë\1.·É¿ØÔ´Âë\Debug\Obj\i2c.r43
  PROGRAM MODULE, NAME : i2c

  SEGMENTS IN THE MODULE
  ======================
DATA16_AN
  Relative segment, address: 0220 - 0221 (0x2 bytes), align: 0
  Segment part 1. ROOT        Intra module refs:   IIC_RecvACK
                                                   IIC_RecvByte
                                                   SPI_RW (spi)
           ENTRY                   ADDRESS         REF BY
           =====                   =======         ======
           _A_PBIN_L               0220 
           LOCAL                   ADDRESS         
           =====                   =======         
           PBIN                    0220 
           PBIN_H                  0221 
           PBIN_L                  0220 
    -------------------------------------------------------------------------
DATA16_AN
  Relative segment, address: 0222 - 0223 (0x2 bytes), align: 0
  Segment part 2. ROOT        Intra module refs:   IIC_RecvACK
                                                   IIC_RecvByte
                                                   IIC_SendACK
                                                   IIC_SendByte
                                                   IIC_Start
                                                   IIC_Stop
                                                   NRF24L01Init (nrf24l01)
                                                   NRF24L01TxPacket (nrf24l01)
                                                   NRF24L01TxPacketAp (nrf24l01)
                                                   ReadBuf (nrf24l01)
                                                   ReadReg (nrf24l01)
                                                   SPI_RW (spi)
                                                   UpdateFreq (nrf24l01)
                                                   UpdateRxAddr (nrf24l01)
                                                   UpdateTxAddr (nrf24l01)
                                                   WriteBuf (nrf24l01)
                                                   WriteReg (nrf24l01)
           ENTRY                   ADDRESS         REF BY
           =====                   =======         ======
           _A_PBOUT_L              0222 
           LOCAL                   ADDRESS         
           =====                   =======         
           PBOUT                   0222 
           PBOUT_H                 0223 
           PBOUT_L                 0222 
    -------------------------------------------------------------------------
DATA16_AN
  Relative segment, address: 0224 - 0225 (0x2 bytes), align: 0
  Segment part 3. ROOT        Intra module refs:   I2C_Init
                                                   IIC_RecvACK
                                                   IIC_RecvByte
                                                   IIC_SendACK
                                                   IIC_SendByte
                                                   IIC_Start
                                                   IIC_Stop
           ENTRY                   ADDRESS         REF BY
           =====                   =======         ======
           _A_PBDIR_L              0224 
           LOCAL                   ADDRESS         
           =====                   =======         
           PBDIR                   0224 
           PBDIR_H                 0225 
           PBDIR_L                 0224 
    -------------------------------------------------------------------------
DATA20_Z
  Relative segment, address: 2D40 - 2D40 (0x1 bytes), align: 0
  Segment part 5.             Intra module refs:   IIC_RecvACK
           ENTRY                   ADDRESS         REF BY
           =====                   =======         ======
           Ack_Count               2D40 
    -------------------------------------------------------------------------
<CODE> 1 (was CODE)
  Relative segment, address: A182 - A187 (0x6 bytes), align: 1
  Segment part 6.
           ENTRY                   ADDRESS         REF BY
           =====                   =======         ======
           I2C_Init                A182            Hardware_Init (Init)
    -------------------------------------------------------------------------
<CODE> 1 (was CODE)
  Relative segment, address: 9FAA - 9FC1 (0x18 bytes), align: 1
  Segment part 7.             Intra module refs:   IIC_RecvACK
                                                   IIC_RecvByte
                                                   IIC_SendACK
                                                   IIC_SendByte
                                                   IIC_Start
                                                   IIC_Stop
           ENTRY                   ADDRESS         REF BY
           =====                   =======         ======
           delay                   9FAA 
    -------------------------------------------------------------------------
<CODE> 1 (was CODE)
  Relative segment, address: 9924 - 9957 (0x34 bytes), align: 1
  Segment part 8.             Intra module refs:   I2C_Read_Byte
                                                   I2C_Write_Byte
           ENTRY                   ADDRESS         REF BY
           =====                   =======         ======
           IIC_Start               9924 
               calls direct
    -------------------------------------------------------------------------
<CODE> 1 (was CODE)
  Relative segment, address: 9CBA - 9CDF (0x26 bytes), align: 1
  Segment part 9.             Intra module refs:   I2C_Read_Byte
                                                   I2C_Write_Byte
                                                   IIC_RecvACK
           ENTRY                   ADDRESS         REF BY
           =====                   =======         ======
           IIC_Stop                9CBA 
               calls direct
    -------------------------------------------------------------------------
<CODE> 1 (was CODE)
  Relative segment, address: 94EA - 9533 (0x4a bytes), align: 1
  Segment part 10.            Intra module refs:   I2C_Read_Byte
           ENTRY                   ADDRESS         REF BY
           =====                   =======         ======
           IIC_SendACK             94EA 
               calls direct
    -------------------------------------------------------------------------
<CODE> 1 (was CODE)
  Relative segment, address: 98F0 - 9923 (0x34 bytes), align: 1
  Segment part 11.            Intra module refs:   IIC_SendByte
           ENTRY                   ADDRESS         REF BY
           =====                   =======         ======
           IIC_RecvACK             98F0 
               calls direct
    -------------------------------------------------------------------------
<CODE> 1 (was CODE)
  Relative segment, address: 8FF6 - 9061 (0x6c bytes), align: 1
  Segment part 12.            Intra module refs:   I2C_Read_Byte
                                                   I2C_Write_Byte
           ENTRY                   ADDRESS         REF BY
           =====                   =======         ======
           IIC_SendByte            8FF6 
               calls direct
    -------------------------------------------------------------------------
<CODE> 1 (was CODE)
  Relative segment, address: 9450 - 949D (0x4e bytes), align: 1
  Segment part 13.            Intra module refs:   I2C_Read_Byte
           ENTRY                   ADDRESS         REF BY
           =====                   =======         ======
           IIC_RecvByte            9450 
               calls direct
    -------------------------------------------------------------------------
<CODE> 1 (was CODE)
  Relative segment, address: 9A24 - 9A55 (0x32 bytes), align: 1
  Segment part 14.
           ENTRY                   ADDRESS         REF BY
           =====                   =======         ======
           I2C_Write_Byte          9A24            MPU6050Init (mpu6050)
                                                   SelectMode (SPL06)
                                                   SetRate (SPL06)
               calls direct
    -------------------------------------------------------------------------
<CODE> 1 (was CODE)
  Relative segment, address: 93AC - 93FD (0x52 bytes), align: 1
  Segment part 15.
           ENTRY                   ADDRESS         REF BY
           =====                   =======         ======
           I2C_Read_Byte           93AC            Acc_Read (mpu6050)
                                                   GetRawPressure (SPL06)
                                                   GetRawTemp (SPL06)
                                                   Gyro_Read (mpu6050)
                                                   MPU6050Init (mpu6050)
                                                   SPL06_Init (SPL06)
                                                   SetRate (SPL06)
               calls direct

    *************************************************************************

  FILE NAME : D:\F150-T401\F150-T401_Experiment_Code\ÑÐ·¢ÐÞ¸ÄÄ¿Â¼\¸½¼þÄ¿Â¼\2.Ô´Âë\1.·É¿ØÔ´Âë\Debug\Obj\imu.r43
  PROGRAM MODULE, NAME : imu

  SEGMENTS IN THE MODULE
  ======================
DATA20_Z
  Relative segment, address: 2912 - 291D (0xc bytes), align: 1
  Segment part 2.
           ENTRY                   ADDRESS         REF BY
           =====                   =======         ======
           g_Attitude              2912            FlightPidControl (control)
                                                   MotorControl (control)
                                                   PollingKernel (kernel)
                                                   UpdateToGCSAttitude (gcs)
                                                   gcs_init (gcs)
    -------------------------------------------------------------------------
DATA20_Z
  Relative segment, address: 291E - 2921 (0x4 bytes), align: 1
  Segment part 3.             Intra module refs:   GetAngle
           ENTRY                   ADDRESS         REF BY
           =====                   =======         ======
           NormAccz                291E 
    -------------------------------------------------------------------------
<CODE> 1 (was CODE)
  Relative segment, address: 4560 - 5111 (0xbb2 bytes), align: 1
  Segment part 11.
           ENTRY                   ADDRESS         REF BY
           =====                   =======         ======
           GetAngle                4560            PollingKernel (kernel)
               calls direct
    -------------------------------------------------------------------------
DATA20_Z
  Relative segment, address: 2922 - 292D (0xc bytes), align: 1
  Segment part 4.             Intra module refs:   GetAngle
           LOCAL                   ADDRESS         
           =====                   =======         
           GetAngle::GyroIntegError
                                   2922 
    -------------------------------------------------------------------------
DATA20_I
  Relative segment, address: 2400 - 2403 (0x4 bytes), align: 1
  Segment part 5.             Intra module refs:   GetAngle
           LOCAL                   ADDRESS         
           =====                   =======         
           GetAngle::KpDef         2400 
    -------------------------------------------------------------------------
DATA20_I
  Relative segment, address: 2404 - 2407 (0x4 bytes), align: 1
  Segment part 7.             Intra module refs:   GetAngle
           LOCAL                   ADDRESS         
           =====                   =======         
           GetAngle::KiDef         2404 
    -------------------------------------------------------------------------
DATA20_I
  Relative segment, address: 2408 - 2417 (0x10 bytes), align: 1
  Segment part 9.             Intra module refs:   GetAngle
           LOCAL                   ADDRESS         
           =====                   =======         
           GetAngle::NumQ          2408 
    -------------------------------------------------------------------------
DATA20_ID
  Relative segment, address: A1EA - A1ED (0x4 bytes), align: 1
  Segment part 6.             Intra module refs:   GetAngle::KpDef
    -------------------------------------------------------------------------
DATA20_ID
  Relative segment, address: A1EE - A1F1 (0x4 bytes), align: 1
  Segment part 8.             Intra module refs:   GetAngle::KiDef
    -------------------------------------------------------------------------
DATA20_ID
  Relative segment, address: A1F2 - A201 (0x10 bytes), align: 1
  Segment part 10.            Intra module refs:   GetAngle::NumQ

    *************************************************************************

  FILE NAME : D:\F150-T401\F150-T401_Experiment_Code\ÑÐ·¢ÐÞ¸ÄÄ¿Â¼\¸½¼þÄ¿Â¼\2.Ô´Âë\1.·É¿ØÔ´Âë\Debug\Obj\Init.r43
  PROGRAM MODULE, NAME : Init

  SEGMENTS IN THE MODULE
  ======================
DATA20_Z
  Relative segment, address: 2D41 - 2E8C (0x14c bytes), align: 0
  Segment part 3.
           ENTRY                   ADDRESS         REF BY
           =====                   =======         ======
           USB_Send_Queue          2D41            UpdateToGCSAttitude (gcs)
                                                   UpdateToGCSFreq (gcs)
                                                   UpdateToGCSHardwareInfo (gcs)
                                                   UpdateUSBQueue (gcs)
    -------------------------------------------------------------------------
<CODE> 1 (was CODE)
  Relative segment, address: 935A - 93AB (0x52 bytes), align: 1
  Segment part 5.
           ENTRY                   ADDRESS         REF BY
           =====                   =======         ======
           Hardware_Init           935A            main (main)
               calls direct
    -------------------------------------------------------------------------
<CODE> 1 (was CODE)
  Relative segment, address: 74BE - 75D5 (0x118 bytes), align: 1
  Segment part 4.             Intra module refs:   Hardware_Init
           ENTRY                   ADDRESS         REF BY
           =====                   =======         ======
           PID_Init                74BE 

    *************************************************************************

  FILE NAME : D:\F150-T401\F150-T401_Experiment_Code\ÑÐ·¢ÐÞ¸ÄÄ¿Â¼\¸½¼þÄ¿Â¼\2.Ô´Âë\1.·É¿ØÔ´Âë\Debug\Obj\kalman.r43
  PROGRAM MODULE, NAME : kalman

  SEGMENTS IN THE MODULE
  ======================
<CODE> 1 (was CODE)
  Relative segment, address: 812C - 81E7 (0xbc bytes), align: 1
  Segment part 2.
           ENTRY                   ADDRESS         REF BY
           =====                   =======         ======
           KalmanFilter            812C            GetMPU6050Data (mpu6050)
               calls direct

    *************************************************************************

  FILE NAME : D:\F150-T401\F150-T401_Experiment_Code\ÑÐ·¢ÐÞ¸ÄÄ¿Â¼\¸½¼þÄ¿Â¼\2.Ô´Âë\1.·É¿ØÔ´Âë\Debug\Obj\kernel.r43
  PROGRAM MODULE, NAME : kernel

  SEGMENTS IN THE MODULE
  ======================
DATA20_Z
  Relative segment, address: 2E8D - 2E8D (0x1 bytes), align: 0
  Segment part 3.             Intra module refs:   PollingKernel
                                                   TIMER0_B0_ISR
           ENTRY                   ADDRESS         REF BY
           =====                   =======         ======
           Thread_3MS              2E8D 
    -------------------------------------------------------------------------
DATA20_Z
  Relative segment, address: 2E8E - 2E8E (0x1 bytes), align: 0
  Segment part 4.             Intra module refs:   PollingKernel
                                                   TIMER0_B0_ISR
           ENTRY                   ADDRESS         REF BY
           =====                   =======         ======
           Thread_6MS              2E8E 
    -------------------------------------------------------------------------
DATA20_Z
  Relative segment, address: 2E8F - 2E8F (0x1 bytes), align: 0
  Segment part 5.             Intra module refs:   PollingKernel
                                                   TIMER0_B0_ISR
           ENTRY                   ADDRESS         REF BY
           =====                   =======         ======
           Thread_10MS             2E8F 
    -------------------------------------------------------------------------
DATA20_Z
  Relative segment, address: 2E90 - 2E90 (0x1 bytes), align: 0
  Segment part 6.             Intra module refs:   PollingKernel
                                                   TIMER0_B0_ISR
           ENTRY                   ADDRESS         REF BY
           =====                   =======         ======
           Thread_20MS             2E90 
    -------------------------------------------------------------------------
ISR_CODE
  Relative segment, address: 4430 - 44D9 (0xaa bytes), align: 1
  Segment part 8.             Intra module refs:   TIMER0_B0_ISR::??INTVEC 118
           ENTRY                   ADDRESS         REF BY
           =====                   =======         ======
           TIMER0_B0_ISR           4430 
               interrupt function
               calls direct
    -------------------------------------------------------------------------
DATA20_Z
  Relative segment, address: 292E - 2931 (0x4 bytes), align: 1
  Segment part 7.             Intra module refs:   TIMER0_B0_ISR
           LOCAL                   ADDRESS         
           =====                   =======         
           TIMER0_B0_ISR::Cnt      292E 
    -------------------------------------------------------------------------
<CODE> 1 (was CODE)
  Relative segment, address: 87D6 - 886B (0x96 bytes), align: 1
  Segment part 9.
           ENTRY                   ADDRESS         REF BY
           =====                   =======         ======
           PollingKernel           87D6            main (main)
               calls direct
    -------------------------------------------------------------------------
INTVEC
  Common segment, address: FF80 - FFF7 (0x78 bytes), align: 1
  Segment part 1. ROOT 
           ENTRY                   ADDRESS         REF BY
           =====                   =======         ======
           TIMER0_B0_ISR::??INTVEC 118
                                   FFF6 

    *************************************************************************

  FILE NAME : D:\F150-T401\F150-T401_Experiment_Code\ÑÐ·¢ÐÞ¸ÄÄ¿Â¼\¸½¼þÄ¿Â¼\2.Ô´Âë\1.·É¿ØÔ´Âë\Debug\Obj\lcd_b.r43
    *************************************************************************

  FILE NAME : D:\F150-T401\F150-T401_Experiment_Code\ÑÐ·¢ÐÞ¸ÄÄ¿Â¼\¸½¼þÄ¿Â¼\2.Ô´Âë\1.·É¿ØÔ´Âë\Debug\Obj\lcd_c.r43
    *************************************************************************

  FILE NAME : D:\F150-T401\F150-T401_Experiment_Code\ÑÐ·¢ÐÞ¸ÄÄ¿Â¼\¸½¼þÄ¿Â¼\2.Ô´Âë\1.·É¿ØÔ´Âë\Debug\Obj\ldopwr.r43
    *************************************************************************

  FILE NAME : D:\F150-T401\F150-T401_Experiment_Code\ÑÐ·¢ÐÞ¸ÄÄ¿Â¼\¸½¼þÄ¿Â¼\2.Ô´Âë\1.·É¿ØÔ´Âë\Debug\Obj\LED.r43
  PROGRAM MODULE, NAME : LED

  SEGMENTS IN THE MODULE
  ======================
DATA16_AN
  Relative segment, address: 0202 - 0203 (0x2 bytes), align: 0
  Segment part 1. ROOT        Intra module refs:   LEDInit
                                                   PollingLED
           ENTRY                   ADDRESS         REF BY
           =====                   =======         ======
           _A_PAOUT_L              0202 
           LOCAL                   ADDRESS         
           =====                   =======         
           PAOUT                   0202 
           PAOUT_H                 0203 
           PAOUT_L                 0202 
    -------------------------------------------------------------------------
DATA16_AN
  Relative segment, address: 0204 - 0205 (0x2 bytes), align: 0
  Segment part 2. ROOT        Intra module refs:   LEDInit
           ENTRY                   ADDRESS         REF BY
           =====                   =======         ======
           _A_PADIR_L              0204 
           LOCAL                   ADDRESS         
           =====                   =======         
           PADIR                   0204 
           PADIR_H                 0205 
           PADIR_L                 0204 
    -------------------------------------------------------------------------
DATA20_Z
  Relative segment, address: 2932 - 2937 (0x6 bytes), align: 1
  Segment part 4.             Intra module refs:   LEDInit
                                                   PollingLED
           ENTRY                   ADDRESS         REF BY
           =====                   =======         ======
           g_LedManager            2932            AnalyRC (remote)
                                                   Hardware_Init (Init)
    -------------------------------------------------------------------------
<CODE> 1 (was CODE)
  Relative segment, address: 9DFC - 9E1D (0x22 bytes), align: 1
  Segment part 6.
           ENTRY                   ADDRESS         REF BY
           =====                   =======         ======
           LEDInit                 9DFC            Hardware_Init (Init)
    -------------------------------------------------------------------------
<CODE> 1 (was CODE)
  Relative segment, address: 6D60 - 6EB3 (0x154 bytes), align: 1
  Segment part 7.
           ENTRY                   ADDRESS         REF BY
           =====                   =======         ======
           PollingLED              6D60            TIMER0_B0_ISR (kernel)
               calls direct
    -------------------------------------------------------------------------
DATA20_Z
  Relative segment, address: 2E91 - 2E91 (0x1 bytes), align: 0
  Segment part 5.             Intra module refs:   PollingLED
           LOCAL                   ADDRESS         
           =====                   =======         
           PollingLED::blFlash     2E91 

    *************************************************************************

  FILE NAME : D:\F150-T401\F150-T401_Experiment_Code\ÑÐ·¢ÐÞ¸ÄÄ¿Â¼\¸½¼þÄ¿Â¼\2.Ô´Âë\1.·É¿ØÔ´Âë\Debug\Obj\main.r43
  PROGRAM MODULE, NAME : main

  SEGMENTS IN THE MODULE
  ======================
<CODE> 1 (was CODE)
  Relative segment, address: 9EBC - 9ED9 (0x1e bytes), align: 1
  Segment part 2.
           ENTRY                   ADDRESS         REF BY
           =====                   =======         ======
           main                    9EBC            Segment part 27 (?cstart)
               calls direct

    *************************************************************************

  FILE NAME : D:\F150-T401\F150-T401_Experiment_Code\ÑÐ·¢ÐÞ¸ÄÄ¿Â¼\¸½¼þÄ¿Â¼\2.Ô´Âë\1.·É¿ØÔ´Âë\Debug\Obj\motor.r43
  PROGRAM MODULE, NAME : motor

  SEGMENTS IN THE MODULE
  ======================
<CODE> 1 (was CODE)
  Relative segment, address: 8AA8 - 8B31 (0x8a bytes), align: 1
  Segment part 3.
           ENTRY                   ADDRESS         REF BY
           =====                   =======         ======
           UpdateMotor             8AA8            MotorControl (control)
               calls direct
    -------------------------------------------------------------------------
<CODE> 1 (was CODE)
  Relative segment, address: 86A0 - 873B (0x9c bytes), align: 1
  Segment part 4.
           ENTRY                   ADDRESS         REF BY
           =====                   =======         ======
           Motor_Init              86A0            Hardware_Init (Init)
               calls direct

    *************************************************************************

  FILE NAME : D:\F150-T401\F150-T401_Experiment_Code\ÑÐ·¢ÐÞ¸ÄÄ¿Â¼\¸½¼þÄ¿Â¼\2.Ô´Âë\1.·É¿ØÔ´Âë\Debug\Obj\mpu6050.r43
  PROGRAM MODULE, NAME : mpu6050

  SEGMENTS IN THE MODULE
  ======================
DATA20_Z
  Relative segment, address: 2938 - 2951 (0x1a bytes), align: 1
  Segment part 5.             Intra module refs:   GetMPU6050Data
                                                   GetMPU6050Offset
                                                   MPU6050Init
                                                   Segment part 7
           ENTRY                   ADDRESS         REF BY
           =====                   =======         ======
           g_MPUManager            2938            FlightPidControl (control)
                                                   GetAngle (imu)
                                                   Hardware_Init (Init)
                                                   PollingKernel (kernel)
                                                   gcs_init (gcs)
    -------------------------------------------------------------------------
DATA20_I
  Relative segment, address: 2418 - 241B (0x4 bytes), align: 1
  Segment part 6.             Intra module refs:   GetMPU6050Data
                                                   GetMPU6050Offset
           ENTRY                   ADDRESS         REF BY
           =====                   =======         ======
           pMpu                    2418 
    -------------------------------------------------------------------------
<CODE> 1 (was CODE)
  Relative segment, address: 873C - 87D5 (0x9a bytes), align: 1
  Segment part 15.
           ENTRY                   ADDRESS         REF BY
           =====                   =======         ======
           MPU6050Init             873C            Hardware_Init (Init)
               calls direct
    -------------------------------------------------------------------------
<CODE> 1 (was CODE)
  Relative segment, address: 60F0 - 62A7 (0x1b8 bytes), align: 1
  Segment part 13.            Intra module refs:   GetMPU6050Offset
           ENTRY                   ADDRESS         REF BY
           =====                   =======         ======
           GetMPU6050Data          60F0            PollingKernel (kernel)
               calls direct
    -------------------------------------------------------------------------
DATA20_Z
  Relative segment, address: 2952 - 295D (0xc bytes), align: 1
  Segment part 8.             Intra module refs:   GetMPU6050Data
           LOCAL                   ADDRESS         
           =====                   =======         
           GetMPU6050Data::tBuff   2952 
    -------------------------------------------------------------------------
DATA20_I
  Relative segment, address: 241C - 2463 (0x48 bytes), align: 1
  Segment part 9.             Intra module refs:   GetMPU6050Data
           LOCAL                   ADDRESS         
           =====                   =======         
           GetMPU6050Data::s_EKF   241C 
    -------------------------------------------------------------------------
<CODE> 1 (was CODE)
  Relative segment, address: 6606 - 6795 (0x190 bytes), align: 1
  Segment part 14.            Intra module refs:   MPU6050Init
           ENTRY                   ADDRESS         REF BY
           =====                   =======         ======
           GetMPU6050Offset        6606 
               calls direct
    -------------------------------------------------------------------------
<CODE> 1 (was CODE)
  Relative segment, address: 998C - 99BF (0x34 bytes), align: 1
  Segment part 12.            Intra module refs:   GetMPU6050Data
           ENTRY                   ADDRESS         REF BY
           =====                   =======         ======
           Acc_Read                998C 
               calls direct
    -------------------------------------------------------------------------
<CODE> 1 (was CODE)
  Relative segment, address: 9772 - 97A9 (0x38 bytes), align: 1
  Segment part 11.            Intra module refs:   GetMPU6050Data
           ENTRY                   ADDRESS         REF BY
           =====                   =======         ======
           Gyro_Read               9772 
               calls direct
    -------------------------------------------------------------------------
DATA20_ID
  Relative segment, address: A202 - A205 (0x4 bytes), align: 1
  Segment part 7.             Intra module refs:   pMpu
    -------------------------------------------------------------------------
DATA20_ID
  Relative segment, address: A206 - A24D (0x48 bytes), align: 1
  Segment part 10.            Intra module refs:   GetMPU6050Data::s_EKF

    *************************************************************************

  FILE NAME : D:\F150-T401\F150-T401_Experiment_Code\ÑÐ·¢ÐÞ¸ÄÄ¿Â¼\¸½¼þÄ¿Â¼\2.Ô´Âë\1.·É¿ØÔ´Âë\Debug\Obj\mpy32.r43
    *************************************************************************

  FILE NAME : D:\F150-T401\F150-T401_Experiment_Code\ÑÐ·¢ÐÞ¸ÄÄ¿Â¼\¸½¼þÄ¿Â¼\2.Ô´Âë\1.·É¿ØÔ´Âë\Debug\Obj\myMath.r43
  PROGRAM MODULE, NAME : myMath

  SEGMENTS IN THE MODULE
  ======================
DATA20_C
  Relative segment, address: A1B4 - A1B7 (0x4 bytes), align: 1
  Segment part 3.
           ENTRY                   ADDRESS         REF BY
           =====                   =======         ======
           RtA                     A1B4            GetAngle (imu)
    -------------------------------------------------------------------------
DATA20_C
  Relative segment, address: A1B8 - A1BB (0x4 bytes), align: 1
  Segment part 5.
           ENTRY                   ADDRESS         REF BY
           =====                   =======         ======
           Gyro_G                  A1B8            FlightPidControl (control)
                                                   GetAngle (imu)
    -------------------------------------------------------------------------
DATA20_C
  Relative segment, address: A1BC - A1BF (0x4 bytes), align: 1
  Segment part 6.
           ENTRY                   ADDRESS         REF BY
           =====                   =======         ======
           Gyro_Gr                 A1BC            GetAngle (imu)
    -------------------------------------------------------------------------
<CODE> 1 (was CODE)
  Relative segment, address: 8A1C - 8AA7 (0x8c bytes), align: 1
  Segment part 12.
           ENTRY                   ADDRESS         REF BY
           =====                   =======         ======
           Q_rsqrt                 8A1C            GetAngle (imu)
               calls direct

    *************************************************************************

  FILE NAME : D:\F150-T401\F150-T401_Experiment_Code\ÑÐ·¢ÐÞ¸ÄÄ¿Â¼\¸½¼þÄ¿Â¼\2.Ô´Âë\1.·É¿ØÔ´Âë\Debug\Obj\nrf24l01.r43
  PROGRAM MODULE, NAME : nrf24l01

  SEGMENTS IN THE MODULE
  ======================
DATA20_Z
  Relative segment, address: 295E - 2987 (0x2a bytes), align: 1
  Segment part 5.             Intra module refs:   NRF24L01Init
                                                   NRF24L01TxPacket
                                                   UpdateFreq
                                                   UpdateTxAddr
           ENTRY                   ADDRESS         REF BY
           =====                   =======         ======
           g_NRFManager            295E            Hardware_Init (Init)
                                                   NRF_Radio_Init (communication)
                                                   PollingNRF (communication)
                                                   gcs_init (gcs)
    -------------------------------------------------------------------------
<CODE> 1 (was CODE)
  Relative segment, address: 9CE0 - 9D03 (0x24 bytes), align: 1
  Segment part 7.             Intra module refs:   NRF24L01Init
                                                   RxPacket
                                                   UpdateFreq
           ENTRY                   ADDRESS         REF BY
           =====                   =======         ======
           WriteReg                9CE0            PollingNRF (communication)
               calls direct
    -------------------------------------------------------------------------
<CODE> 1 (was CODE)
  Relative segment, address: 9DB8 - 9DD9 (0x22 bytes), align: 1
  Segment part 8.             Intra module refs:   RxPacket
                                                   UpdateFreq
           ENTRY                   ADDRESS         REF BY
           =====                   =======         ======
           ReadReg                 9DB8            PollingNRF (communication)
               calls direct
    -------------------------------------------------------------------------
<CODE> 1 (was CODE)
  Relative segment, address: 97AA - 97E1 (0x38 bytes), align: 1
  Segment part 9.             Intra module refs:   Check
                                                   RxPacket
                                                   UpdateRxAddr
                                                   UpdateTxAddr
           ENTRY                   ADDRESS         REF BY
           =====                   =======         ======
           ReadBuf                 97AA            PollingNRF (communication)
               calls direct
    -------------------------------------------------------------------------
<CODE> 1 (was CODE)
  Relative segment, address: 9886 - 98BB (0x36 bytes), align: 1
[...]
                                                   asin (?asin)
                                                   atan2f (?atan2f)
                                                   gcs_ReceiveHandle (gcs)
                                                   internal_Pow (?pow)

    -------------------------------------------------------------------------
  LIBRARY MODULE, NAME : _Add32f

  SEGMENTS IN THE MODULE
  ======================
<CODE> 1 (was CODE)
  Relative segment, address: 6BFC - 6BFF (0x4 bytes), align: 1
  Segment part 0.
           ENTRY                   ADDRESS         REF BY
           =====                   =======         ======
           _Sub32f                 6BFC            GetAngle (imu)
                                                   GetMPU6050Data (mpu6050)
                                                   KalmanFilter (kalman)
                                                   MotorControl (control)
                                                   Q_rsqrt (myMath)
                                                   Segment part 4 (?asin)
                                                   USART_Init (UART)
                                                   UpdateAltSpeed (speed_estimator)
                                                   UpdatePID (pid)
                                                   UpdateSPL06Info (SPL06)
                                                   __iar_Exp (?xexp)
                                                   applyDeadbandf (speed_estimator)
                                                   internal_Pow (?pow)
    -------------------------------------------------------------------------
<CODE> 1 (was CODE)
  Relative segment, address: 6C00 - 6D5F (0x160 bytes), align: 1
  Segment part 1.             Intra module refs:   _Sub32f
           ENTRY                   ADDRESS         REF BY
           =====                   =======         ======
           _Add32f                 6C00            ControlAlt (height_control)
                                                   GetAngle (imu)
                                                   GetMPU6050Data (mpu6050)
                                                   GetSPL06Press (SPL06)
                                                   KalmanFilter (kalman)
                                                   MotorControl (control)
                                                   RCReceiveHandle (remote)
                                                   Segment part 3 (?asin)
                                                   Segment part 3 (?xexp)
                                                   Segment part 4 (?sqrt)
                                                   Segment part 8 (?xlog)
                                                   Segment part 9 (?xlog)
                                                   UpdateAltSpeed (speed_estimator)
                                                   UpdatePID (pid)
                                                   __iar_Atan (?xatan)
                                                   __iar_Exp (?xexp)
                                                   applyDeadbandf (speed_estimator)
                                                   gcs_ReceiveHandle (gcs)
                                                   internal_Pow (?pow)
                                                   sqrt (?sqrt)

    -------------------------------------------------------------------------
  LIBRARY MODULE, NAME : ?DivMod816u

  SEGMENTS IN THE MODULE
  ======================
<CODE> 1 (was CODE)
  Relative segment, address: 9FC2 - 9FD9 (0x18 bytes), align: 1
  Segment part 1.
           ENTRY                   ADDRESS         REF BY
           =====                   =======         ======
           ?DivMod16u              9FC2            ?DivMod16s (?DivMod816s)
                                                   PollingLED (LED)
                                                   privateUCSComputeCLKFrequency (ucs)

    -------------------------------------------------------------------------
  LIBRARY MODULE, NAME : ?DivMod816s

  SEGMENTS IN THE MODULE
  ======================
<CODE> 1 (was CODE)
  Relative segment, address: 9A86 - 9AB5 (0x30 bytes), align: 1
  Segment part 1.
           ENTRY                   ADDRESS         REF BY
           =====                   =======         ======
           ?DivMod16s              9A86            deQueue (queue)
                                                   enQueue (queue)
                                                   privateUCSComputeCLKFrequency (ucs)
                                                   sqrt (?sqrt)

    -------------------------------------------------------------------------
  LIBRARY MODULE, NAME : ?DivMod32u

  SEGMENTS IN THE MODULE
  ======================
<CODE> 1 (was CODE)
  Relative segment, address: 9A56 - 9A85 (0x30 bytes), align: 1
  Segment part 0.
           ENTRY                   ADDRESS         REF BY
           =====                   =======         ======
           ?DivMod32u              9A56            PollingGCS (gcs)
                                                   TIMER0_B0_ISR (kernel)
                                                   privateUCSComputeCLKFrequency (ucs)
                                                   privateUCSSourceClockFromDCO (ucs)

    -------------------------------------------------------------------------
  LIBRARY MODULE, NAME : ?memcmp

  SEGMENTS IN THE MODULE
  ======================
<CODE> 1 (was CODE)
  Relative segment, address: 9C46 - 9C6D (0x28 bytes), align: 1
  Segment part 2.
           ENTRY                   ADDRESS         REF BY
           =====                   =======         ======
           memcmp                  9C46            NRF_Radio_Init (communication)
                                                   UpdateRxAddr (nrf24l01)
                                                   UpdateTxAddr (nrf24l01)

    -------------------------------------------------------------------------
  LIBRARY MODULE, NAME : ?memcpy

  SEGMENTS IN THE MODULE
  ======================
<CODE> 1 (was CODE)
  Relative segment, address: 9EF8 - 9F13 (0x1c bytes), align: 1
  Segment part 2.
           ENTRY                   ADDRESS         REF BY
           =====                   =======         ======
           memcpy                  9EF8            AnalyRC (remote)
                                                   Flash_Write (flash)
                                                   NRF_Radio_Init (communication)
                                                   UpdateRxAddr (nrf24l01)
                                                   UpdateToGCSAttitude (gcs)
                                                   UpdateToGCSHardwareInfo (gcs)
                                                   UpdateTxAddr (nrf24l01)
                                                   ZKHD_Link_MakeFrame (ZKHD_Link)
                                                   __data20_memcpy (?memzero)
                                                   deQueue (queue)
                                                   enQueue (queue)

    -------------------------------------------------------------------------
  LIBRARY MODULE, NAME : ?ClearMemoryWords20

  SEGMENTS IN THE MODULE
  ======================
<CODE> 1 (was CODE)
  Relative segment, address: A056 - A067 (0x12 bytes), align: 1
  Segment part 0.
           ENTRY                   ADDRESS         REF BY
           =====                   =======         ======
           ?ClearMemoryWords20     A056            GetMPU6050Offset (mpu6050)

    -------------------------------------------------------------------------
  LIBRARY MODULE, NAME : ?memset

  SEGMENTS IN THE MODULE
  ======================
<CODE> 1 (was CODE)
  Relative segment, address: 9F14 - 9F2F (0x1c bytes), align: 1
  Segment part 2.
           ENTRY                   ADDRESS         REF BY
           =====                   =======         ======
           memset                  9F14            GetMPU6050Offset (mpu6050)
                                                   MotorControl (control)
                                                   PollingNRF (communication)

    -------------------------------------------------------------------------
  LIBRARY MODULE, NAME : ?memzero

  SEGMENTS IN THE MODULE
  ======================
<CODE> 1 (was CODE)
  Relative segment, address: 9F62 - 9F79 (0x18 bytes), align: 1
  Segment part 5.
           ENTRY                   ADDRESS         REF BY
           =====                   =======         ======
           __data20_memzero        9F62            ?cstart_init_zero20 (?cstart)
    -------------------------------------------------------------------------
<CODE> 1 (was CODE)
  Relative segment, address: A18C - A18F (0x4 bytes), align: 1
  Segment part 6.
           ENTRY                   ADDRESS         REF BY
           =====                   =======         ======
           __data20_memcpy         A18C            ?cstart_init_copy20 (?cstart)
               calls direct

    -------------------------------------------------------------------------
  LIBRARY MODULE, NAME : ?pow

  SEGMENTS IN THE MODULE
  ======================
<CODE> 1 (was CODE)
  Relative segment, address: 5444 - 5775 (0x332 bytes), align: 1
  Segment part 2.             Intra module refs:   pow
           LOCAL                   ADDRESS         
           =====                   =======         
           internal_Pow            5444 
               calls direct
    -------------------------------------------------------------------------
<CODE> 1 (was CODE)
  Relative segment, address: A10C - A117 (0xc bytes), align: 1
  Segment part 3.             Intra module refs:   internal_Pow
    -------------------------------------------------------------------------
<CODE> 1 (was CODE)
  Relative segment, address: A13A - A143 (0xa bytes), align: 1
  Segment part 4.             Intra module refs:   internal_Pow
    -------------------------------------------------------------------------
<CODE> 1 (was CODE)
  Relative segment, address: A0E8 - A0F3 (0xc bytes), align: 1
  Segment part 5.             Intra module refs:   internal_Pow
    -------------------------------------------------------------------------
<CODE> 1 (was CODE)
  Relative segment, address: A0DA - A0E7 (0xe bytes), align: 1
  Segment part 6.             Intra module refs:   internal_Pow
    -------------------------------------------------------------------------
<CODE> 1 (was CODE)
  Relative segment, address: A0CC - A0D9 (0xe bytes), align: 1
  Segment part 7.
           ENTRY                   ADDRESS         REF BY
           =====                   =======         ======
           pow                     A0CC            UpdateSPL06Info (SPL06)
               calls direct

    -------------------------------------------------------------------------
  LIBRARY MODULE, NAME : ?sqrt

  SEGMENTS IN THE MODULE
  ======================
<CODE> 1 (was CODE)
  Relative segment, address: 7C08 - 7CF9 (0xf2 bytes), align: 1
  Segment part 2.
           ENTRY                   ADDRESS         REF BY
           =====                   =======         ======
           sqrt                    7C08            asin (?asin)
               calls direct
    -------------------------------------------------------------------------
<CODE> 1 (was CODE)
  Relative segment, address: A144 - A14D (0xa bytes), align: 1
  Segment part 3.             Intra module refs:   sqrt
    -------------------------------------------------------------------------
<CODE> 1 (was CODE)
  Relative segment, address: A0B0 - A0BD (0xe bytes), align: 1
  Segment part 4.             Intra module refs:   sqrt
    -------------------------------------------------------------------------
<CODE> 1 (was CODE)
  Relative segment, address: A030 - A043 (0x14 bytes), align: 1
  Segment part 5.             Intra module refs:   sqrt

    -------------------------------------------------------------------------
  LIBRARY MODULE, NAME : ?xatan

  SEGMENTS IN THE MODULE
  ======================
DATA20_C
  Relative segment, address: A1C0 - A1DF (0x20 bytes), align: 1
  Segment part 2.             Intra module refs:   __iar_Atan
    -------------------------------------------------------------------------
<CODE> 1 (was CODE)
  Relative segment, address: 76EC - 7801 (0x116 bytes), align: 1
  Segment part 3.
           ENTRY                   ADDRESS         REF BY
           =====                   =======         ======
           __iar_Atan              76EC            asin (?asin)
                                                   atan2f (?atan2f)
               calls direct

    -------------------------------------------------------------------------
  LIBRARY MODULE, NAME : ?xdint

  SEGMENTS IN THE MODULE
  ======================
<CODE> 1 (was CODE)
  Relative segment, address: 8B32 - 8BBB (0x8a bytes), align: 1
  Segment part 2.
           ENTRY                   ADDRESS         REF BY
           =====                   =======         ======
           __iar_Dint              8B32            internal_Pow (?pow)

    -------------------------------------------------------------------------
  LIBRARY MODULE, NAME : ?xdscale

  SEGMENTS IN THE MODULE
  ======================
<CODE> 1 (was CODE)
  Relative segment, address: 88FE - 898D (0x90 bytes), align: 1
  Segment part 2.
           ENTRY                   ADDRESS         REF BY
           =====                   =======         ======
           __iar_Dscale            88FE            __iar_Exp (?xexp)
                                                   sqrt (?sqrt)

    -------------------------------------------------------------------------
  LIBRARY MODULE, NAME : ?xdtest

  SEGMENTS IN THE MODULE
  ======================
<CODE> 1 (was CODE)
  Relative segment, address: 9D04 - 9D27 (0x24 bytes), align: 1
  Segment part 2.
           ENTRY                   ADDRESS         REF BY
           =====                   =======         ======
           __iar_Dtest             9D04            __iar_Exp (?xexp)
                                                   atan2f (?atan2f)

    -------------------------------------------------------------------------
  LIBRARY MODULE, NAME : ?xdunscal

  SEGMENTS IN THE MODULE
  ======================
<CODE> 1 (was CODE)
  Relative segment, address: 9534 - 957B (0x48 bytes), align: 1
  Segment part 2.
           ENTRY                   ADDRESS         REF BY
           =====                   =======         ======
           __iar_Dunscale          9534            internal_Pow (?pow)
                                                   sqrt (?sqrt)

    -------------------------------------------------------------------------
  LIBRARY MODULE, NAME : ?xexp

  SEGMENTS IN THE MODULE
  ======================
<CODE> 1 (was CODE)
  Relative segment, address: 5CE0 - 5F03 (0x224 bytes), align: 1
  Segment part 2.
           ENTRY                   ADDRESS         REF BY
           =====                   =======         ======
           __iar_Exp               5CE0            internal_Pow (?pow)
               calls direct
    -------------------------------------------------------------------------
<CODE> 1 (was CODE)
  Relative segment, address: A078 - A085 (0xe bytes), align: 1
  Segment part 3.             Intra module refs:   __iar_Exp
    -------------------------------------------------------------------------
<CODE> 1 (was CODE)
  Relative segment, address: A14E - A157 (0xa bytes), align: 1
  Segment part 4.             Intra module refs:   __iar_Exp
    -------------------------------------------------------------------------
<CODE> 1 (was CODE)
  Relative segment, address: A100 - A10B (0xc bytes), align: 1
  Segment part 5.             Intra module refs:   __iar_Exp
    -------------------------------------------------------------------------
<CODE> 1 (was CODE)
  Relative segment, address: A130 - A139 (0xa bytes), align: 1
  Segment part 6.             Intra module refs:   Segment part 5
                                                   __iar_Exp
    -------------------------------------------------------------------------
<CODE> 1 (was CODE)
  Relative segment, address: A158 - A161 (0xa bytes), align: 1
  Segment part 7.             Intra module refs:   __iar_Exp
    -------------------------------------------------------------------------
<CODE> 1 (was CODE)
  Relative segment, address: A086 - A093 (0xe bytes), align: 1
  Segment part 8.             Intra module refs:   __iar_Exp
    -------------------------------------------------------------------------
<CODE> 1 (was CODE)
  Relative segment, address: A0BE - A0CB (0xe bytes), align: 1
  Segment part 9.             Intra module refs:   __iar_Exp

    -------------------------------------------------------------------------
  LIBRARY MODULE, NAME : ?xlog

  SEGMENTS IN THE MODULE
  ======================
<CODE> 1 (was CODE)
  Relative segment, address: A068 - A077 (0x10 bytes), align: 1
  Segment part 8.             Intra module refs:   __iar_Logpoly
    -------------------------------------------------------------------------
<CODE> 1 (was CODE)
  Relative segment, address: 9F4A - 9F61 (0x18 bytes), align: 1
  Segment part 9.             Intra module refs:   __iar_Logpoly
    -------------------------------------------------------------------------
<CODE> 1 (was CODE)
  Relative segment, address: 9FF0 - A005 (0x16 bytes), align: 1
  Segment part 7.
           ENTRY                   ADDRESS         REF BY
           =====                   =======         ======
           __iar_Logpoly           9FF0            internal_Pow (?pow)
               calls direct




                ****************************************
                *                                      *
                *      SEGMENTS IN ADDRESS ORDER       *
                *                                      *
                ****************************************


SEGMENT              SPACE    START ADDRESS   END ADDRESS     SIZE  TYPE  ALIGN
=======              =====    =============   ===========     ====  ====  =====
DATA16_AN                              0202 - 0205               4   rel    0
                                       0220 - 0225               6 
                                       060E - 060E               1 
CODE_I                                    2400                       rel    1
DATA20_I                               2400 - 260C             20D   rel    1
DATA20_Z                               260E - 2EB3             8A6   rel    1
DATA20_N                                  2EB4                       rel    1
CSTACK                                 4360 - 43FF              A0   rel    1
CSTART                                 4400 - 442F              30   rel    1
ISR_CODE                               4430 - 455F             130   rel    1
<CODE> 1                               4560 - A197            5C38   rel    1
DATA20_C                               A198 - A1E9              52   rel    1
DATA20_ID                              A1EA - A3F6             20D   rel    1
CODE_ID                                   A3F8                       rel    1
INTVEC                                 FF80 - FFF7              78   com    1
RESET                                  FFFE - FFFF               2   rel    1

                ****************************************
                *                                      *
                *        END OF CROSS REFERENCE        *
                *                                      *
                ****************************************

 24 082 bytes of CODE  memory
  2 899 bytes of DATA  memory (+ 11 absolute )
    607 bytes of CONST memory

Errors: none
Warnings: none

